Archive member included to satisfy reference by file (symbol)

app/libapp.a(main.c.obj)      (--whole-archive)
app/libapp.a(flash_map_extended.c.obj)
                              (--whole-archive)
app/libapp.a(os.c.obj)        (--whole-archive)
app/libapp.a(keys.c.obj)      (--whole-archive)
app/libapp.a(image_validate.c.obj)
                              (--whole-archive)
app/libapp.a(tlv.c.obj)       (--whole-archive)
app/libapp.a(encrypted.c.obj)
                              (--whole-archive)
app/libapp.a(image_rsa.c.obj)
                              (--whole-archive)
app/libapp.a(image_ec256.c.obj)
                              (--whole-archive)
app/libapp.a(image_ed25519.c.obj)
                              (--whole-archive)
app/libapp.a(bootutil_misc.c.obj)
                              (--whole-archive)
app/libapp.a(fault_injection_hardening.c.obj)
                              (--whole-archive)
app/libapp.a(loader.c.obj)    (--whole-archive)
app/libapp.a(swap_misc.c.obj)
                              (--whole-archive)
app/libapp.a(swap_scratch.c.obj)
                              (--whole-archive)
app/libapp.a(swap_move.c.obj)
                              (--whole-archive)
app/libapp.a(caps.c.obj)      (--whole-archive)
app/libapp.a(asn1parse.c.obj)
                              (--whole-archive)
app/libapp.a(platform_util.c.obj)
                              (--whole-archive)
app/libapp.a(cc310_glue.c.obj)
                              (--whole-archive)
app/libapp.a(autogen-pubkey.c.obj)
                              (--whole-archive)
app/libapp.a(nrf_cleanup.c.obj)
                              (--whole-archive)
zephyr/libzephyr.a(cbprintf.c.obj)
                              (--whole-archive)
zephyr/libzephyr.a(cbprintf_packaged.c.obj)
                              (--whole-archive)
zephyr/libzephyr.a(crc32c_sw.c.obj)
                              (--whole-archive)
zephyr/libzephyr.a(crc32_sw.c.obj)
                              (--whole-archive)
zephyr/libzephyr.a(crc16_sw.c.obj)
                              (--whole-archive)
zephyr/libzephyr.a(crc8_sw.c.obj)
                              (--whole-archive)
zephyr/libzephyr.a(crc7_sw.c.obj)
                              (--whole-archive)
zephyr/libzephyr.a(dec.c.obj)
                              (--whole-archive)
zephyr/libzephyr.a(fdtable.c.obj)
                              (--whole-archive)
zephyr/libzephyr.a(hex.c.obj)
                              (--whole-archive)
zephyr/libzephyr.a(notify.c.obj)
                              (--whole-archive)
zephyr/libzephyr.a(printk.c.obj)
                              (--whole-archive)
zephyr/libzephyr.a(onoff.c.obj)
                              (--whole-archive)
zephyr/libzephyr.a(rb.c.obj)  (--whole-archive)
zephyr/libzephyr.a(sem.c.obj)
                              (--whole-archive)
zephyr/libzephyr.a(thread_entry.c.obj)
                              (--whole-archive)
zephyr/libzephyr.a(timeutil.c.obj)
                              (--whole-archive)
zephyr/libzephyr.a(heap.c.obj)
                              (--whole-archive)
zephyr/libzephyr.a(heap-validate.c.obj)
                              (--whole-archive)
zephyr/libzephyr.a(bitarray.c.obj)
                              (--whole-archive)
zephyr/libzephyr.a(multi_heap.c.obj)
                              (--whole-archive)
zephyr/libzephyr.a(cbprintf_nano.c.obj)
                              (--whole-archive)
zephyr/libzephyr.a(reboot.c.obj)
                              (--whole-archive)
zephyr/libzephyr.a(configs.c.obj)
                              (--whole-archive)
zephyr/libzephyr.a(soc_nrf_common.S.obj)
                              (--whole-archive)
zephyr/libzephyr.a(validate_base_addresses.c.obj)
                              (--whole-archive)
zephyr/libzephyr.a(validate_enabled_instances.c.obj)
                              (--whole-archive)
zephyr/libzephyr.a(log_minimal.c.obj)
                              (--whole-archive)
zephyr/libzephyr.a(flash_map.c.obj)
                              (--whole-archive)
zephyr/libzephyr.a(flash_map_layout.c.obj)
                              (--whole-archive)
zephyr/libzephyr.a(tracing_none.c.obj)
                              (--whole-archive)
zephyr/libzephyr.a(flash_map_partition_manager.c.obj)
                              (--whole-archive)
zephyr/libzephyr.a(nrf_cc3xx_platform_abort_zephyr.c.obj)
                              (--whole-archive)
zephyr/libzephyr.a(nrf_cc3xx_platform_no_mutex_zephyr.c.obj)
                              (--whole-archive)
zephyr/arch/common/libarch__common.a(sw_isr_common.c.obj)
                              (--whole-archive)
zephyr/arch/arch/arm/core/aarch32/libarch__arm__core__aarch32.a(cpu_idle.S.obj)
                              (--whole-archive)
zephyr/arch/arch/arm/core/aarch32/libarch__arm__core__aarch32.a(fatal.c.obj)
                              (--whole-archive)
zephyr/arch/arch/arm/core/aarch32/libarch__arm__core__aarch32.a(irq_manage.c.obj)
[...]
Memory Configuration

Name             Origin             Length             Attributes
FLASH            0x00000000         0x0000c000         xr
SRAM             0x20000000         0x00040000         xw
IDT_LIST         0xfffff7ff         0x00000800         xw
*default*        0x00000000         0xffffffff

Linker script and memory map

LOAD zephyr/CMakeFiles/zephyr_pre0.dir/misc/empty_file.c.obj
                0x00000020                _region_min_align = 0x20

.rel.plt        0x00000000        0x0
 *(SORT_BY_ALIGNMENT(.rel.plt))
                [!provide]                PROVIDE (__rel_iplt_start = .)
 *(SORT_BY_ALIGNMENT(.rel.iplt))
 .rel.iplt      0x00000000        0x0 app/libapp.a(main.c.obj)
                [!provide]                PROVIDE (__rel_iplt_end = .)

.rela.plt       0x00000000        0x0
 *(SORT_BY_ALIGNMENT(.rela.plt))
                [!provide]                PROVIDE (__rela_iplt_start = .)
 *(SORT_BY_ALIGNMENT(.rela.iplt))
                [!provide]                PROVIDE (__rela_iplt_end = .)

.rel.dyn
 *(SORT_BY_ALIGNMENT(.rel.*))

.rela.dyn
 *(SORT_BY_ALIGNMENT(.rela.*))

/DISCARD/
 *(SORT_BY_ALIGNMENT(.plt))
 *(SORT_BY_ALIGNMENT(.iplt))
 *(SORT_BY_ALIGNMENT(.got.plt))
 *(SORT_BY_ALIGNMENT(.igot.plt))
 *(SORT_BY_ALIGNMENT(.got))
 *(SORT_BY_ALIGNMENT(.igot))
 *(SORT_BY_ALIGNMENT(.note.GNU-stack))
                0x00000000                __rom_region_start = 0x0

rom_start       0x00000000      0x100
                0x00000000                . = 0x0
                0x00000000                . = ALIGN (0x4)
                0x00000000                . = ALIGN (0x80)
                0x00000000                . = ALIGN (0x100)
                0x00000000                _vector_start = .
 *(SORT_BY_ALIGNMENT(.exc_vector_table))
 *(SORT_BY_ALIGNMENT(.exc_vector_table.*))
 .exc_vector_table._vector_table_section
                0x00000000       0x40 zephyr/arch/arch/arm/core/aarch32/cortex_m/libarch__arm__core__aarch32__cortex_m.a(vector_table.S.obj)
                0x00000000                _vector_table
 *(SORT_BY_ALIGNMENT(.gnu.linkonce.irq_vector_table*))
 .gnu.linkonce.irq_vector_table
                0x00000040       0xc0 zephyr/arch/common/libisr_tables.a(isr_tables.c.obj)
                0x00000040                _irq_vector_table
 *(SORT_BY_ALIGNMENT(.vectors))
                0x00000100                _vector_end = .

text            0x00000100     0x6d1c
                0x00000100                __text_region_start = .
 *(SORT_BY_ALIGNMENT(.text))
 .text          0x00000100       0x30 c:/users/dawnm/ncs/v1.9.1/toolchain/opt/bin/../lib/gcc/arm-none-eabi/9.2.1/thumb/v7e-m+fp/hard\libgcc.a(_aeabi_uldivmod.o)
                0x00000100                __aeabi_uldivmod
 .text          0x00000130      0x2c4 c:/users/dawnm/ncs/v1.9.1/toolchain/opt/bin/../lib/gcc/arm-none-eabi/9.2.1/thumb/v7e-m+fp/hard\libgcc.a(_udivmoddi4.o)
                0x00000130                __udivmoddi4
 .text          0x000003f4        0x4 c:/users/dawnm/ncs/v1.9.1/toolchain/opt/bin/../lib/gcc/arm-none-eabi/9.2.1/thumb/v7e-m+fp/hard\libgcc.a(_dvmd_tls.o)
                0x000003f4                __aeabi_idiv0
                0x000003f4                __aeabi_ldiv0
 *(SORT_BY_ALIGNMENT(.text.*))
 .text.main     0x000003f8       0xf0 app/libapp.a(main.c.obj)
                0x000003f8                main
 .text.flash_device_get_binding
                0x000004e8       0x18 app/libapp.a(flash_map_extended.c.obj)
                0x000004e8                flash_device_get_binding
 .text.flash_device_base
                0x00000500       0x20 app/libapp.a(flash_map_extended.c.obj)
                0x00000500                flash_device_base
 .text.bootutil_img_validate
                0x00000520      0x230 app/libapp.a(image_validate.c.obj)
                0x00000520                bootutil_img_validate
 .text.bootutil_verify_sig
                0x00000750       0xf0 app/libapp.a(image_ec256.c.obj)
                0x00000750                bootutil_verify_sig
 .text.boot_read_swap_size
                0x00000840       0x7c app/libapp.a(bootutil_misc.c.obj)
                0x00000840                boot_read_swap_size
 .text.boot_validate_slot.isra.0
                0x000008bc      0x104 app/libapp.a(loader.c.obj)
 .text.boot_swap_image
                0x000009c0       0x7c app/libapp.a(loader.c.obj)
 .text.boot_copy_region
                0x00000a3c       0x84 app/libapp.a(loader.c.obj)
                0x00000a3c                boot_copy_region
 .text.context_boot_go
                0x00000ac0      0x260 app/libapp.a(loader.c.obj)
                0x00000ac0                context_boot_go
 .text.boot_go  0x00000d20       0x20 app/libapp.a(loader.c.obj)
                0x00000d20                boot_go
 .text.boot_read_image_header
                0x00000d40       0x9c app/libapp.a(swap_move.c.obj)
                0x00000d40                boot_read_image_header
 .text.swap_read_status_bytes
                0x00000ddc       0xc8 app/libapp.a(swap_move.c.obj)
                0x00000ddc                swap_read_status_bytes
 .text.boot_slots_compatible
                0x00000ea4       0x6c app/libapp.a(swap_move.c.obj)
                0x00000ea4                boot_slots_compatible
 .text.swap_status_source
                0x00000f10       0xcc app/libapp.a(swap_move.c.obj)
                0x00000f10                swap_status_source
 .text.fixup_revert
                0x00000fdc       0x98 app/libapp.a(swap_move.c.obj)
                0x00000fdc                fixup_revert
 .text.swap_run
                0x00001074      0x210 app/libapp.a(swap_move.c.obj)
                0x00001074                swap_run
 .text.cc310_init
                0x00001284       0x30 app/libapp.a(cc310_glue.c.obj)
                0x00001284                cc310_init
 .text.cc310_ecdsa_verify_secp256r1
                0x000012b4       0x34 app/libapp.a(cc310_glue.c.obj)
                0x000012b4                cc310_ecdsa_verify_secp256r1
 .text.nrf_cleanup_peripheral
                0x000012e8       0x6c app/libapp.a(nrf_cleanup.c.obj)
                0x000012e8                nrf_cleanup_peripheral
 .text.char_out
                0x00001354       0x10 zephyr/libzephyr.a(printk.c.obj)
 .text.__printk_hook_install
                0x00001364        0xc zephyr/libzephyr.a(printk.c.obj)
                0x00001364                __printk_hook_install
 .text.vprintk  0x00001370       0x1c zephyr/libzephyr.a(printk.c.obj)
                0x00001370                vprintk
 .text.process_event
                0x0000138c      0x1d0 zephyr/libzephyr.a(onoff.c.obj)
 .text.cbvprintf
                0x0000155c      0x470 zephyr/libzephyr.a(cbprintf_nano.c.obj)
                0x0000155c                cbvprintf
 .text.sys_reboot
                0x000019cc       0x28 zephyr/libzephyr.a(reboot.c.obj)
                0x000019cc                sys_reboot
 .text.flash_area_open
                0x000019f4       0x3c zephyr/libzephyr.a(flash_map.c.obj)
                0x000019f4                flash_area_open
 .text.flash_area_get_sectors
                0x00001a30       0x68 zephyr/libzephyr.a(flash_map_layout.c.obj)
                0x00001a30                flash_area_get_sectors
 .text.nrf_cc3xx_platform_abort_init
                0x00001a98        0xc zephyr/libzephyr.a(nrf_cc3xx_platform_abort_zephyr.c.obj)
                0x00001a98                nrf_cc3xx_platform_abort_init
 .text.z_arm_cpu_idle_init
                0x00001aa4        0xc zephyr/arch/arch/arm/core/aarch32/libarch__arm__core__aarch32.a(cpu_idle.S.obj)
                0x00001aa4                z_arm_cpu_idle_init
 .text.arch_cpu_idle
                0x00001ab0       0x1c zephyr/arch/arch/arm/core/aarch32/libarch__arm__core__aarch32.a(cpu_idle.S.obj)
                0x00001ab0                arch_cpu_idle
 .text.arch_cpu_atomic_idle
                0x00001acc       0x14 zephyr/arch/arch/arm/core/aarch32/libarch__arm__core__aarch32.a(cpu_idle.S.obj)
                0x00001acc                arch_cpu_atomic_idle
 .text.z_arm_fatal_error
                0x00001ae0       0x5c zephyr/arch/arch/arm/core/aarch32/libarch__arm__core__aarch32.a(fatal.c.obj)
                0x00001ae0                z_arm_fatal_error
 .text.arch_irq_enable
                0x00001b3c       0x20 zephyr/arch/arch/arm/core/aarch32/libarch__arm__core__aarch32.a(irq_manage.c.obj)
                0x00001b3c                arch_irq_enable
 .text.arch_irq_is_enabled
                0x00001b5c       0x1c zephyr/arch/arch/arm/core/aarch32/libarch__arm__core__aarch32.a(irq_manage.c.obj)
                0x00001b5c                arch_irq_is_enabled
 .text.z_arm_irq_priority_set
                0x00001b78       0x30 zephyr/arch/arch/arm/core/aarch32/libarch__arm__core__aarch32.a(irq_manage.c.obj)
                0x00001b78                z_arm_irq_priority_set
 .text.z_SysNmiOnReset
                0x00001ba8        0x8 zephyr/arch/arch/arm/core/aarch32/libarch__arm__core__aarch32.a(nmi_on_reset.S.obj)
                0x00001ba8                z_SysNmiOnReset
 .text.z_arm_prep_c
                0x00001bb0       0x5c zephyr/arch/arch/arm/core/aarch32/libarch__arm__core__aarch32.a(prep_c.c.obj)
                0x00001bb0                z_arm_prep_c
 .text.z_arm_svc
                0x00001c0c       0x20 zephyr/arch/arch/arm/core/aarch32/libarch__arm__core__aarch32.a(swap_helper.S.obj)
                0x00001c0c                z_arm_svc
 .text.z_check_thread_stack_fail
                0x00001c2c       0x34 zephyr/arch/arch/arm/core/aarch32/libarch__arm__core__aarch32.a(thread.c.obj)
                0x00001c2c                z_check_thread_stack_fail
 .text.z_arm_switch_to_main_no_multithreading
                0x00001c60       0x34 zephyr/arch/arch/arm/core/aarch32/libarch__arm__core__aarch32.a(thread.c.obj)
                0x00001c60                z_arm_switch_to_main_no_multithreading
 .text._isr_wrapper
                0x00001c94       0x28 zephyr/arch/arch/arm/core/aarch32/libarch__arm__core__aarch32.a(isr_wrapper.S.obj)
                0x00001c94                _isr_wrapper
 .text._HandlerModeExit
                0x00001cbc        0x4 zephyr/arch/arch/arm/core/aarch32/cortex_m/libarch__arm__core__aarch32__cortex_m.a(exc_exit.S.obj)
                0x00001cbc                z_arm_int_exit
                0x00001cbc                z_arm_exc_exit
 .text.mem_manage_fault
                0x00001cc0       0xe0 zephyr/arch/arch/arm/core/aarch32/cortex_m/libarch__arm__core__aarch32__cortex_m.a(fault.c.obj)
 .text.bus_fault.isra.0
                0x00001da0       0xb4 zephyr/arch/arch/arm/core/aarch32/cortex_m/libarch__arm__core__aarch32__cortex_m.a(fault.c.obj)
 .text.usage_fault.isra.0
                0x00001e54       0x98 zephyr/arch/arch/arm/core/aarch32/cortex_m/libarch__arm__core__aarch32__cortex_m.a(fault.c.obj)
 .text.z_arm_fault
                0x00001eec      0x198 zephyr/arch/arch/arm/core/aarch32/cortex_m/libarch__arm__core__aarch32__cortex_m.a(fault.c.obj)
                0x00001eec                z_arm_fault
 .text.z_arm_fault_init
                0x00002084       0x10 zephyr/arch/arch/arm/core/aarch32/cortex_m/libarch__arm__core__aarch32__cortex_m.a(fault.c.obj)
                0x00002084                z_arm_fault_init
 .text.__fault  0x00002094       0x14 zephyr/arch/arch/arm/core/aarch32/cortex_m/libarch__arm__core__aarch32__cortex_m.a(fault_s.S.obj)
                0x00002094                z_arm_usage_fault
                0x00002094                z_arm_mpu_fault
                0x00002094                z_arm_exc_spurious
                0x00002094                z_arm_debug_monitor
                0x00002094                z_arm_hard_fault
                0x00002094                z_arm_bus_fault
 .text.z_arm_interrupt_init
                0x000020a8       0x18 zephyr/arch/arch/arm/core/aarch32/cortex_m/libarch__arm__core__aarch32__cortex_m.a(irq_init.c.obj)
                0x000020a8                z_arm_interrupt_init
 .text._reset_section
                0x000020c0       0x54 zephyr/arch/arch/arm/core/aarch32/cortex_m/libarch__arm__core__aarch32__cortex_m.a(reset.S.obj)
                0x000020c0                __start
                0x000020c0                z_arm_reset
 .text.z_arm_clear_arm_mpu_config
                0x00002114       0x20 zephyr/arch/arch/arm/core/aarch32/cortex_m/libarch__arm__core__aarch32__cortex_m.a(scb.c.obj)
                0x00002114                z_arm_clear_arm_mpu_config
 .text.z_arm_init_arch_hw_at_boot
                0x00002134       0x64 zephyr/arch/arch/arm/core/aarch32/cortex_m/libarch__arm__core__aarch32__cortex_m.a(scb.c.obj)
                0x00002134                z_arm_init_arch_hw_at_boot
 .text.z_arm_configure_static_mpu_regions
                0x00002198       0x18 zephyr/arch/arch/arm/core/aarch32/mpu/libarch__arm__core__aarch32__mpu.a(arm_core_mpu.c.obj)
                0x00002198                z_arm_configure_static_mpu_regions
 .text.mpu_configure_regions
                0x000021b0       0x98 zephyr/arch/arch/arm/core/aarch32/mpu/libarch__arm__core__aarch32__mpu.a(arm_mpu.c.obj)
 .text.arm_core_mpu_enable
                0x00002248       0x14 zephyr/arch/arch/arm/core/aarch32/mpu/libarch__arm__core__aarch32__mpu.a(arm_mpu.c.obj)
                0x00002248                arm_core_mpu_enable
 .text.arm_core_mpu_disable
                0x0000225c       0x10 zephyr/arch/arch/arm/core/aarch32/mpu/libarch__arm__core__aarch32__mpu.a(arm_mpu.c.obj)
                0x0000225c                arm_core_mpu_disable
 .text.arm_core_mpu_configure_static_mpu_regions
                0x0000226c       0x14 zephyr/arch/arch/arm/core/aarch32/mpu/libarch__arm__core__aarch32__mpu.a(arm_mpu.c.obj)
                0x0000226c                arm_core_mpu_configure_static_mpu_regions
 .text.z_arm_mpu_init
                0x00002280       0x5c zephyr/arch/arch/arm/core/aarch32/mpu/libarch__arm__core__aarch32__mpu.a(arm_mpu.c.obj)
                0x00002280                z_arm_mpu_init
 .text.__stdout_hook_install
                0x000022dc        0xc zephyr/lib/libc/minimal/liblib__libc__minimal.a(stdout_console.c.obj)
                0x000022dc                __stdout_hook_install
 .text.nordicsemi_nrf52_init
                0x000022e8       0x30 zephyr/soc/arm/nordic_nrf/nrf52/libsoc__arm__nordic_nrf__nrf52.a(soc.c.obj)
 .text.sys_arch_reboot
                0x00002318       0x2c zephyr/soc/arm/nordic_nrf/nrf52/libsoc__arm__nordic_nrf__nrf52.a(soc.c.obj)
                0x00002318                sys_arch_reboot
 .text.arch_busy_wait
                0x00002344       0x14 zephyr/soc/arm/nordic_nrf/nrf52/libsoc__arm__nordic_nrf__nrf52.a(soc.c.obj)
                0x00002344                arch_busy_wait
 .text.init     0x00002358       0xe8 zephyr/boards/boards/arm/nrf9160dk_nrf52840/libboards__arm__nrf9160dk_nrf52840.a(board.c.obj)
 .text.onoff_stop
                0x00002440       0x48 zephyr/drivers/clock_control/libdrivers__clock_control.a(clock_control_nrf.c.obj)
 .text.onoff_start
                0x00002488       0x54 zephyr/drivers/clock_control/libdrivers__clock_control.a(clock_control_nrf.c.obj)
 .text.clk_init
                0x000024dc       0x60 zephyr/drivers/clock_control/libdrivers__clock_control.a(clock_control_nrf.c.obj)
 .text.clkstarted_handle.constprop.0
                0x0000253c       0x3c zephyr/drivers/clock_control/libdrivers__clock_control.a(clock_control_nrf.c.obj)
 .text.clock_event_handler
                0x00002578       0x1c zephyr/drivers/clock_control/libdrivers__clock_control.a(clock_control_nrf.c.obj)
 .text.generic_hfclk_start
                0x00002594       0x64 zephyr/drivers/clock_control/libdrivers__clock_control.a(clock_control_nrf.c.obj)
 .text.generic_hfclk_stop
                0x000025f8       0x2c zephyr/drivers/clock_control/libdrivers__clock_control.a(clock_control_nrf.c.obj)
 .text.z_nrf_clock_control_lf_on
                0x00002624      0x100 zephyr/drivers/clock_control/libdrivers__clock_control.a(clock_control_nrf.c.obj)
                0x00002624                z_nrf_clock_control_lf_on
 .text.uart_console_init
                0x00002724       0x30 zephyr/drivers/console/libdrivers__console.a(uart_console.c.obj)
 .text.console_out
                0x00002754       0x28 zephyr/drivers/console/libdrivers__console.a(uart_console.c.obj)
 .text.nrfx_gpio_handler
                0x0000277c       0x54 zephyr/drivers/gpio/libdrivers__gpio.a(gpio_nrfx.c.obj)
 .text.gpio_nrfx_pin_interrupt_configure
                0x000027d0       0xd4 zephyr/drivers/gpio/libdrivers__gpio.a(gpio_nrfx.c.obj)
 .text.gpio_nrfx_init
                0x000028a4       0x38 zephyr/drivers/gpio/libdrivers__gpio.a(gpio_nrfx.c.obj)
 .text.gpio_nrfx_pin_configure
                0x000028dc      0x15c zephyr/drivers/gpio/libdrivers__gpio.a(gpio_nrfx.c.obj)
 .text.flash_nrf_pages_layout
                0x00002a38       0x10 zephyr/drivers/flash/libdrivers__flash.a(soc_flash_nrf.c.obj)
 .text.flash_nrf_get_parameters
                0x00002a48        0x8 zephyr/drivers/flash/libdrivers__flash.a(soc_flash_nrf.c.obj)
 .text.nrf_flash_init
                0x00002a50       0x18 zephyr/drivers/flash/libdrivers__flash.a(soc_flash_nrf.c.obj)
 .text.restore_pofwarn.part.0
                0x00002a68       0x2c zephyr/drivers/flash/libdrivers__flash.a(soc_flash_nrf.c.obj)
 .text.suspend_pofwarn.part.0
                0x00002a94       0x50 zephyr/drivers/flash/libdrivers__flash.a(soc_flash_nrf.c.obj)
 .text.flash_nrf_erase
                0x00002ae4       0x9c zephyr/drivers/flash/libdrivers__flash.a(soc_flash_nrf.c.obj)
 .text.flash_nrf_read
                0x00002b80       0x40 zephyr/drivers/flash/libdrivers__flash.a(soc_flash_nrf.c.obj)
 .text.flash_nrf_write
                0x00002bc0       0xa4 zephyr/drivers/flash/libdrivers__flash.a(soc_flash_nrf.c.obj)
 .text.uarte_nrfx_configure
                0x00002c64      0x164 zephyr/drivers/serial/libdrivers__serial.a(uart_nrfx_uarte.c.obj)
 .text.uarte_nrfx_poll_out
                0x00002dc8       0xb8 zephyr/drivers/serial/libdrivers__serial.a(uart_nrfx_uarte.c.obj)
 .text.nrf_gpio_cfg_input
                0x00002e80       0x20 zephyr/drivers/serial/libdrivers__serial.a(uart_nrfx_uarte.c.obj)
 .text.nrf_gpio_pin_set
                0x00002ea0       0x20 zephyr/drivers/serial/libdrivers__serial.a(uart_nrfx_uarte.c.obj)
 .text.nrf_gpio_cfg_output
                0x00002ec0       0x20 zephyr/drivers/serial/libdrivers__serial.a(uart_nrfx_uarte.c.obj)
 .text.uarte_0_init
                0x00002ee0      0x148 zephyr/drivers/serial/libdrivers__serial.a(uart_nrfx_uarte.c.obj)
 .text.sys_clock_timeout_handler
                0x00003028       0x78 zephyr/drivers/timer/libdrivers__timer.a(nrf_rtc_timer.c.obj)
 .text.compare_int_lock
                0x000030a0       0x50 zephyr/drivers/timer/libdrivers__timer.a(nrf_rtc_timer.c.obj)
 .text.compare_int_unlock.part.0
                0x000030f0       0x5c zephyr/drivers/timer/libdrivers__timer.a(nrf_rtc_timer.c.obj)
 .text.z_nrf_rtc_timer_read
                0x0000314c       0x44 zephyr/drivers/timer/libdrivers__timer.a(nrf_rtc_timer.c.obj)
                0x0000314c                z_nrf_rtc_timer_read
 .text.compare_set
                0x00003190      0x154 zephyr/drivers/timer/libdrivers__timer.a(nrf_rtc_timer.c.obj)
 .text.sys_clock_driver_init
                0x000032e4       0x84 zephyr/drivers/timer/libdrivers__timer.a(nrf_rtc_timer.c.obj)
 .text.rtc_nrf_isr
                0x00003368       0xf0 zephyr/drivers/timer/libdrivers__timer.a(nrf_rtc_timer.c.obj)
                0x00003368                rtc_nrf_isr
 .text.sys_clock_set_timeout
                0x00003458       0x60 zephyr/drivers/timer/libdrivers__timer.a(nrf_rtc_timer.c.obj)
                0x00003458                sys_clock_set_timeout
 .text.sys_clock_elapsed
                0x000034b8       0x14 zephyr/drivers/timer/libdrivers__timer.a(nrf_rtc_timer.c.obj)
                0x000034b8                sys_clock_elapsed
 .text.fprotect_set_permission
                0x000034cc       0xac modules/nrf/lib/fprotect/lib..__nrf__lib__fprotect.a(fprotect_acl.c.obj)
 .text.k_sys_fatal_error_handler
                0x00003578       0x14 modules/nrf/lib/fatal_error/lib..__nrf__lib__fatal_error.a(fatal_error.c.obj)
                0x00003578                k_sys_fatal_error_handler
 .text.boot_write_magic
                0x0000358c       0x1c modules/mcuboot/boot/bootutil/zephyr/libmcuboot_util.a(bootutil_public.c.obj)
                0x0000358c                boot_write_magic
 .text.boot_read_swap_state
                0x000035a8       0xa0 modules/mcuboot/boot/bootutil/zephyr/libmcuboot_util.a(bootutil_public.c.obj)
                0x000035a8                boot_read_swap_state
 .text.boot_swap_type_multi
                0x00003648       0xf4 modules/mcuboot/boot/bootutil/zephyr/libmcuboot_util.a(bootutil_public.c.obj)
                0x00003648                boot_swap_type_multi
 .text.nrf52_errata_36
                0x0000373c       0x14 modules/hal_nordic/nrfx/libmodules__hal_nordic__nrfx.a(system_nrf52840.c.obj)
 .text.nrf52_errata_98
                0x00003750       0x28 modules/hal_nordic/nrfx/libmodules__hal_nordic__nrfx.a(system_nrf52840.c.obj)
 .text.nvmc_wait
                0x00003778       0x10 modules/hal_nordic/nrfx/libmodules__hal_nordic__nrfx.a(system_nrf52840.c.obj)
                0x00003778                nvmc_wait
 .text.SystemInit
                0x00003788      0x1e8 modules/hal_nordic/nrfx/libmodules__hal_nordic__nrfx.a(system_nrf52840.c.obj)
                0x00003788                SystemInit
 .text.nrfx_flag32_alloc
                0x00003970       0x48 modules/hal_nordic/nrfx/libmodules__hal_nordic__nrfx.a(nrfx_flag32_allocator.c.obj)
                0x00003970                nrfx_flag32_alloc
 .text.nrfx_flag32_free
                0x000039b8       0x44 modules/hal_nordic/nrfx/libmodules__hal_nordic__nrfx.a(nrfx_flag32_allocator.c.obj)
                0x000039b8                nrfx_flag32_free
 .text.nrfx_clock_init
                0x000039fc       0x20 modules/hal_nordic/nrfx/libmodules__hal_nordic__nrfx.a(nrfx_clock.c.obj)
                0x000039fc                nrfx_clock_init
 .text.nrfx_clock_start
                0x00003a1c       0x64 modules/hal_nordic/nrfx/libmodules__hal_nordic__nrfx.a(nrfx_clock.c.obj)
                0x00003a1c                nrfx_clock_start
 .text.nrfx_clock_stop
                0x00003a80       0x8c modules/hal_nordic/nrfx/libmodules__hal_nordic__nrfx.a(nrfx_clock.c.obj)
                0x00003a80                nrfx_clock_stop
 .text.nrfx_power_clock_irq_handler
                0x00003b0c       0x68 modules/hal_nordic/nrfx/libmodules__hal_nordic__nrfx.a(nrfx_clock.c.obj)
                0x00003b0c                nrfx_power_clock_irq_handler
 .text.nrf_gpio_pin_port_decode
                0x00003b74       0x1c modules/hal_nordic/nrfx/libmodules__hal_nordic__nrfx.a(nrfx_gpiote.c.obj)
 .text.call_handler
                0x00003b90       0x3c modules/hal_nordic/nrfx/libmodules__hal_nordic__nrfx.a(nrfx_gpiote.c.obj)
 .text.release_handler
                0x00003bcc       0x58 modules/hal_nordic/nrfx/libmodules__hal_nordic__nrfx.a(nrfx_gpiote.c.obj)
 .text.pin_handler_trigger_uninit
                0x00003c24       0x34 modules/hal_nordic/nrfx/libmodules__hal_nordic__nrfx.a(nrfx_gpiote.c.obj)
 .text.nrfx_gpiote_input_configure
                0x00003c58      0x158 modules/hal_nordic/nrfx/libmodules__hal_nordic__nrfx.a(nrfx_gpiote.c.obj)
                0x00003c58                nrfx_gpiote_input_configure
 .text.nrfx_gpiote_output_configure
                0x00003db0       0xe0 modules/hal_nordic/nrfx/libmodules__hal_nordic__nrfx.a(nrfx_gpiote.c.obj)
                0x00003db0                nrfx_gpiote_output_configure
 .text.nrfx_gpiote_global_callback_set
                0x00003e90        0xc modules/hal_nordic/nrfx/libmodules__hal_nordic__nrfx.a(nrfx_gpiote.c.obj)
                0x00003e90                nrfx_gpiote_global_callback_set
 .text.nrfx_gpiote_channel_get
                0x00003e9c       0x24 modules/hal_nordic/nrfx/libmodules__hal_nordic__nrfx.a(nrfx_gpiote.c.obj)
                0x00003e9c                nrfx_gpiote_channel_get
 .text.nrfx_gpiote_init
                0x00003ec0       0x50 modules/hal_nordic/nrfx/libmodules__hal_nordic__nrfx.a(nrfx_gpiote.c.obj)
                0x00003ec0                nrfx_gpiote_init
 .text.nrfx_gpiote_is_init
                0x00003f10       0x14 modules/hal_nordic/nrfx/libmodules__hal_nordic__nrfx.a(nrfx_gpiote.c.obj)
                0x00003f10                nrfx_gpiote_is_init
 .text.nrfx_gpiote_channel_free
                0x00003f24        0xc modules/hal_nordic/nrfx/libmodules__hal_nordic__nrfx.a(nrfx_gpiote.c.obj)
                0x00003f24                nrfx_gpiote_channel_free
 .text.nrfx_gpiote_channel_alloc
                0x00003f30        0xc modules/hal_nordic/nrfx/libmodules__hal_nordic__nrfx.a(nrfx_gpiote.c.obj)
                0x00003f30                nrfx_gpiote_channel_alloc
 .text.nrfx_gpiote_trigger_enable
                0x00003f3c       0x88 modules/hal_nordic/nrfx/libmodules__hal_nordic__nrfx.a(nrfx_gpiote.c.obj)
                0x00003f3c                nrfx_gpiote_trigger_enable
 .text.nrfx_gpiote_trigger_disable
                0x00003fc4       0x44 modules/hal_nordic/nrfx/libmodules__hal_nordic__nrfx.a(nrfx_gpiote.c.obj)
                0x00003fc4                nrfx_gpiote_trigger_disable
 .text.nrfx_gpiote_pin_uninit
                0x00004008       0x48 modules/hal_nordic/nrfx/libmodules__hal_nordic__nrfx.a(nrfx_gpiote.c.obj)
                0x00004008                nrfx_gpiote_pin_uninit
 .text.nrfx_gpiote_irq_handler
                0x00004050      0x1b0 modules/hal_nordic/nrfx/libmodules__hal_nordic__nrfx.a(nrfx_gpiote.c.obj)
                0x00004050                nrfx_gpiote_irq_handler
 .text.nrfx_nvmc_page_erase
                0x00004200       0x40 modules/hal_nordic/nrfx/libmodules__hal_nordic__nrfx.a(nrfx_nvmc.c.obj)
                0x00004200                nrfx_nvmc_page_erase
 .text.nrfx_nvmc_word_write
                0x00004240       0x24 modules/hal_nordic/nrfx/libmodules__hal_nordic__nrfx.a(nrfx_nvmc.c.obj)
                0x00004240                nrfx_nvmc_word_write
 .text.nrfx_ppi_channel_alloc
                0x00004264        0xc modules/hal_nordic/nrfx/libmodules__hal_nordic__nrfx.a(nrfx_ppi.c.obj)
                0x00004264                nrfx_ppi_channel_alloc
 .text.z_sys_init_run_level
                0x00004270       0x40 zephyr/kernel/libkernel.a(device.c.obj)
                0x00004270                z_sys_init_run_level
 .text.z_impl_device_get_binding
                0x000042b0       0x58 zephyr/kernel/libkernel.a(device.c.obj)
                0x000042b0                z_impl_device_get_binding
 .text.z_fatal_error
                0x00004308       0x7c zephyr/kernel/libkernel.a(fatal.c.obj)
                0x00004308                z_fatal_error
 .text.bg_thread_main
                0x00004384       0x30 zephyr/kernel/libkernel.a(init.c.obj)
 .text.z_bss_zero
                0x000043b4       0x14 zephyr/kernel/libkernel.a(init.c.obj)
                0x000043b4                z_bss_zero
 .text.z_cstart
                0x000043c8       0x74 zephyr/kernel/libkernel.a(init.c.obj)
                0x000043c8                z_cstart
 .text.z_data_copy
                0x0000443c       0x34 zephyr/kernel/libkernel.a(xip.c.obj)
                0x0000443c                z_data_copy
 .text.elapsed  0x00004470       0x14 zephyr/kernel/libkernel.a(timeout.c.obj)
 .text.remove_timeout
                0x00004484       0x34 zephyr/kernel/libkernel.a(timeout.c.obj)
 .text.next_timeout
                0x000044b8       0x4c zephyr/kernel/libkernel.a(timeout.c.obj)
 .text.sys_clock_announce
                0x00004504       0xd4 zephyr/kernel/libkernel.a(timeout.c.obj)
                0x00004504                sys_clock_announce
 .text.boot_banner
                0x000045d8       0x18 zephyr/kernel/libkernel.a(banner.c.obj)
                0x000045d8                boot_banner
 .text.nrf_cc3xx_platform_init_no_rng
                0x000045f0       0x38 C:/Users/dawnm/ncs/v1.9.1/nrfxlib/crypto/nrf_cc310_platform/lib/cortex-m4/hard-float/no-interrupts/libnrf_cc310_platform_0.9.13.a(nrf_cc3xx_platform.c.obj)
                0x000045f0                nrf_cc3xx_platform_init_no_rng
 .text.nrf_cc3xx_platform_abort
                0x00004628       0x24 C:/Users/dawnm/ncs/v1.9.1/nrfxlib/crypto/nrf_cc310_platform/lib/cortex-m4/hard-float/no-interrupts/libnrf_cc310_platform_0.9.13.a(nrf_cc3xx_platform_abort.c.obj)
 .text.CC_PalAbort
                0x0000464c       0x40 C:/Users/dawnm/ncs/v1.9.1/nrfxlib/crypto/nrf_cc310_platform/lib/cortex-m4/hard-float/no-interrupts/libnrf_cc310_platform_0.9.13.a(nrf_cc3xx_platform_abort.c.obj)
                0x0000464c                CC_PalAbort
 .text.nrf_cc3xx_platform_set_abort
                0x0000468c       0x10 C:/Users/dawnm/ncs/v1.9.1/nrfxlib/crypto/nrf_cc310_platform/lib/cortex-m4/hard-float/no-interrupts/libnrf_cc310_platform_0.9.13.a(nrf_cc3xx_platform_abort.c.obj)
                0x0000468c                nrf_cc3xx_platform_set_abort
 .text.mbedtls_platform_zeroize
                0x0000469c       0x14 C:/Users/dawnm/ncs/v1.9.1/nrfxlib/crypto/nrf_cc310_platform/lib/cortex-m4/hard-float/no-interrupts/libnrf_cc310_platform_0.9.13.a(mbedtls_common.c.obj)
                0x0000469c                mbedtls_platform_zeroize
 .text.CC_LibInitNoRng
                0x000046b0       0x6c C:/Users/dawnm/ncs/v1.9.1/nrfxlib/crypto/nrf_cc310_platform/lib/cortex-m4/hard-float/no-interrupts/libnrf_cc310_platform_0.9.13.a(cc_lib.c.obj)
                0x000046b0                CC_LibInitNoRng
 .text.CC_HalInit
                0x0000471c        0x4 C:/Users/dawnm/ncs/v1.9.1/nrfxlib/crypto/nrf_cc310_platform/lib/cortex-m4/hard-float/no-interrupts/libnrf_cc310_platform_0.9.13.a(cc_hal.c.obj)
                0x0000471c                CC_HalInit
 .text.CC_HalTerminate
                0x00004720        0x4 C:/Users/dawnm/ncs/v1.9.1/nrfxlib/crypto/nrf_cc310_platform/lib/cortex-m4/hard-float/no-interrupts/libnrf_cc310_platform_0.9.13.a(cc_hal.c.obj)
                0x00004720                CC_HalTerminate
 .text.CC_HalMaskInterrupt
                0x00004724        0xc C:/Users/dawnm/ncs/v1.9.1/nrfxlib/crypto/nrf_cc310_platform/lib/cortex-m4/hard-float/no-interrupts/libnrf_cc310_platform_0.9.13.a(cc_hal.c.obj)
                0x00004724                CC_HalMaskInterrupt
 .text.CC_PalInit
                0x00004730       0x5c C:/Users/dawnm/ncs/v1.9.1/nrfxlib/crypto/nrf_cc310_platform/lib/cortex-m4/hard-float/no-interrupts/libnrf_cc310_platform_0.9.13.a(cc_pal.c.obj)
                0x00004730                CC_PalInit
 .text.CC_PalTerminate
                0x0000478c       0x34 C:/Users/dawnm/ncs/v1.9.1/nrfxlib/crypto/nrf_cc310_platform/lib/cortex-m4/hard-float/no-interrupts/libnrf_cc310_platform_0.9.13.a(cc_pal.c.obj)
                0x0000478c                CC_PalTerminate
 .text.CC_PalDmaInit
                0x000047c0        0x4 C:/Users/dawnm/ncs/v1.9.1/nrfxlib/crypto/nrf_cc310_platform/lib/cortex-m4/hard-float/no-interrupts/libnrf_cc310_platform_0.9.13.a(cc_pal_dma.c.obj)
                0x000047c0                CC_PalDmaInit
 .text.CC_PalDmaTerminate
                0x000047c4        0x4 C:/Users/dawnm/ncs/v1.9.1/nrfxlib/crypto/nrf_cc310_platform/lib/cortex-m4/hard-float/no-interrupts/libnrf_cc310_platform_0.9.13.a(cc_pal_dma.c.obj)
                0x000047c4                CC_PalDmaTerminate
 .text.CC_PalMutexCreate
                0x000047c8       0x14 C:/Users/dawnm/ncs/v1.9.1/nrfxlib/crypto/nrf_cc310_platform/lib/cortex-m4/hard-float/no-interrupts/libnrf_cc310_platform_0.9.13.a(cc_pal_mutex.c.obj)
                0x000047c8                CC_PalMutexCreate
 .text.CC_PalMutexDestroy
                0x000047dc       0x14 C:/Users/dawnm/ncs/v1.9.1/nrfxlib/crypto/nrf_cc310_platform/lib/cortex-m4/hard-float/no-interrupts/libnrf_cc310_platform_0.9.13.a(cc_pal_mutex.c.obj)
                0x000047dc                CC_PalMutexDestroy
 .text.CC_PalPowerSaveModeInit
                0x000047f0       0x3c C:/Users/dawnm/ncs/v1.9.1/nrfxlib/crypto/nrf_cc310_platform/lib/cortex-m4/hard-float/no-interrupts/libnrf_cc310_platform_0.9.13.a(cc_pal_pm.c.obj)
                0x000047f0                CC_PalPowerSaveModeInit
 .text.CC_PalPowerSaveModeSelect
                0x0000482c       0x84 C:/Users/dawnm/ncs/v1.9.1/nrfxlib/crypto/nrf_cc310_platform/lib/cortex-m4/hard-float/no-interrupts/libnrf_cc310_platform_0.9.13.a(cc_pal_pm.c.obj)
                0x0000482c                CC_PalPowerSaveModeSelect
 .text.mutex_free
                0x000048b0       0x28 C:/Users/dawnm/ncs/v1.9.1/nrfxlib/crypto/nrf_cc310_platform/lib/cortex-m4/hard-float/no-interrupts/libnrf_cc310_platform_0.9.13.a(nrf_cc3xx_platform_mutex.c.obj)
 .text.mutex_unlock
                0x000048d8       0x2c C:/Users/dawnm/ncs/v1.9.1/nrfxlib/crypto/nrf_cc310_platform/lib/cortex-m4/hard-float/no-interrupts/libnrf_cc310_platform_0.9.13.a(nrf_cc3xx_platform_mutex.c.obj)
 .text.mutex_init
                0x00004904       0x1c C:/Users/dawnm/ncs/v1.9.1/nrfxlib/crypto/nrf_cc310_platform/lib/cortex-m4/hard-float/no-interrupts/libnrf_cc310_platform_0.9.13.a(nrf_cc3xx_platform_mutex.c.obj)
 .text.mutex_lock
                0x00004920       0x44 C:/Users/dawnm/ncs/v1.9.1/nrfxlib/crypto/nrf_cc310_platform/lib/cortex-m4/hard-float/no-interrupts/libnrf_cc310_platform_0.9.13.a(nrf_cc3xx_platform_mutex.c.obj)
 .text.verify_context_ecdsa_verify_secp256r1
                0x00004964       0x20 C:/Users/dawnm/ncs/v1.9.1/nrfxlib/crypto/nrf_cc310_bl/lib/cortex-m4/hard-float/no-interrupts/libnrf_cc310_bl_0.9.12.a(nrf_cc310_bl_ecdsa_verify_secp256r1.c.obj)
 .text.nrf_cc310_bl_ecdsa_verify_init_secp256r1
                0x00004984       0x4c C:/Users/dawnm/ncs/v1.9.1/nrfxlib/crypto/nrf_cc310_bl/lib/cortex-m4/hard-float/no-interrupts/libnrf_cc310_bl_0.9.12.a(nrf_cc310_bl_ecdsa_verify_secp256r1.c.obj)
                0x00004984                nrf_cc310_bl_ecdsa_verify_init_secp256r1
 .text.nrf_cc310_bl_ecdsa_verify_hash_secp256r1
                0x000049d0      0x168 C:/Users/dawnm/ncs/v1.9.1/nrfxlib/crypto/nrf_cc310_bl/lib/cortex-m4/hard-float/no-interrupts/libnrf_cc310_bl_0.9.12.a(nrf_cc310_bl_ecdsa_verify_secp256r1.c.obj)
                0x000049d0                nrf_cc310_bl_ecdsa_verify_hash_secp256r1
 .text.set_digest_in_hw_sha256
                0x00004b38       0x38 C:/Users/dawnm/ncs/v1.9.1/nrfxlib/crypto/nrf_cc310_bl/lib/cortex-m4/hard-float/no-interrupts/libnrf_cc310_bl_0.9.12.a(nrf_cc310_bl_hash_sha256.c.obj)
 .text.read_digest_in_hw_sha256
                0x00004b70       0x54 C:/Users/dawnm/ncs/v1.9.1/nrfxlib/crypto/nrf_cc310_bl/lib/cortex-m4/hard-float/no-interrupts/libnrf_cc310_bl_0.9.12.a(nrf_cc310_bl_hash_sha256.c.obj)
 .text.verify_context_hash_sha256
                0x00004bc4       0x20 C:/Users/dawnm/ncs/v1.9.1/nrfxlib/crypto/nrf_cc310_bl/lib/cortex-m4/hard-float/no-interrupts/libnrf_cc310_bl_0.9.12.a(nrf_cc310_bl_hash_sha256.c.obj)
 .text.nrf_cc310_bl_hash_sha256_init
                0x00004be4       0x34 C:/Users/dawnm/ncs/v1.9.1/nrfxlib/crypto/nrf_cc310_bl/lib/cortex-m4/hard-float/no-interrupts/libnrf_cc310_bl_0.9.12.a(nrf_cc310_bl_hash_sha256.c.obj)
                0x00004be4                nrf_cc310_bl_hash_sha256_init
 .text.nrf_cc310_bl_hash_sha256_update
                0x00004c18       0xb0 C:/Users/dawnm/ncs/v1.9.1/nrfxlib/crypto/nrf_cc310_bl/lib/cortex-m4/hard-float/no-interrupts/libnrf_cc310_bl_0.9.12.a(nrf_cc310_bl_hash_sha256.c.obj)
                0x00004c18                nrf_cc310_bl_hash_sha256_update
 .text.nrf_cc310_bl_hash_sha256_finalize
                0x00004cc8       0x60 C:/Users/dawnm/ncs/v1.9.1/nrfxlib/crypto/nrf_cc310_bl/lib/cortex-m4/hard-float/no-interrupts/libnrf_cc310_bl_0.9.12.a(nrf_cc310_bl_hash_sha256.c.obj)
                0x00004cc8                nrf_cc310_bl_hash_sha256_finalize
 .text.nrf_cc310_bl_init
                0x00004d28       0x34 C:/Users/dawnm/ncs/v1.9.1/nrfxlib/crypto/nrf_cc310_bl/lib/cortex-m4/hard-float/no-interrupts/libnrf_cc310_bl_0.9.12.a(nrf_cc310_bl_init.c.obj)
                0x00004d28                nrf_cc310_bl_init
 .text.PkaSetRegsMapTab
                0x00004d5c       0x48 C:/Users/dawnm/ncs/v1.9.1/nrfxlib/crypto/nrf_cc310_bl/lib/cortex-m4/hard-float/no-interrupts/libnrf_cc310_bl_0.9.12.a(pka.c.obj)
                0x00004d5c                PkaSetRegsMapTab
 .text.PkaGetRegEffectiveSizeInBits
                0x00004da4       0x8c C:/Users/dawnm/ncs/v1.9.1/nrfxlib/crypto/nrf_cc310_bl/lib/cortex-m4/hard-float/no-interrupts/libnrf_cc310_bl_0.9.12.a(pka.c.obj)
                0x00004da4                PkaGetRegEffectiveSizeInBits
 .text.PkaGetNextMsBit
                0x00004e30       0x74 C:/Users/dawnm/ncs/v1.9.1/nrfxlib/crypto/nrf_cc310_bl/lib/cortex-m4/hard-float/no-interrupts/libnrf_cc310_bl_0.9.12.a(pka.c.obj)
                0x00004e30                PkaGetNextMsBit
 .text.PkaSetRegsSizesTab
                0x00004ea4       0x3c C:/Users/dawnm/ncs/v1.9.1/nrfxlib/crypto/nrf_cc310_bl/lib/cortex-m4/hard-float/no-interrupts/libnrf_cc310_bl_0.9.12.a(pka.c.obj)
                0x00004ea4                PkaSetRegsSizesTab
 .text.PkaInitPka
                0x00004ee0       0x74 C:/Users/dawnm/ncs/v1.9.1/nrfxlib/crypto/nrf_cc310_bl/lib/cortex-m4/hard-float/no-interrupts/libnrf_cc310_bl_0.9.12.a(pka.c.obj)
                0x00004ee0                PkaInitPka
 .text.PkaClearBlockOfRegs
                0x00004f54      0x130 C:/Users/dawnm/ncs/v1.9.1/nrfxlib/crypto/nrf_cc310_bl/lib/cortex-m4/hard-float/no-interrupts/libnrf_cc310_bl_0.9.12.a(pka.c.obj)
                0x00004f54                PkaClearBlockOfRegs
 .text.PkaFinishAndMutexUnlock
                0x00005084       0x24 C:/Users/dawnm/ncs/v1.9.1/nrfxlib/crypto/nrf_cc310_bl/lib/cortex-m4/hard-float/no-interrupts/libnrf_cc310_bl_0.9.12.a(pka.c.obj)
                0x00005084                PkaFinishAndMutexUnlock
 .text.PkaCopyDataIntoPkaReg
                0x000050a8       0xb8 C:/Users/dawnm/ncs/v1.9.1/nrfxlib/crypto/nrf_cc310_bl/lib/cortex-m4/hard-float/no-interrupts/libnrf_cc310_bl_0.9.12.a(pka.c.obj)
                0x000050a8                PkaCopyDataIntoPkaReg
 .text.PkaEcdsaVerify
                0x00005160      0x284 C:/Users/dawnm/ncs/v1.9.1/nrfxlib/crypto/nrf_cc310_bl/lib/cortex-m4/hard-float/no-interrupts/libnrf_cc310_bl_0.9.12.a(pka_ec_wrst_dsa_verify.c.obj)
                0x00005160                PkaEcdsaVerify
 .text.nrf_cc310_bl_hash_update_internal
                0x000053e4       0xf0 C:/Users/dawnm/ncs/v1.9.1/nrfxlib/crypto/nrf_cc310_bl/lib/cortex-m4/hard-float/no-interrupts/libnrf_cc310_bl_0.9.12.a(nrf_cc310_bl_hash.c.obj)
                0x000053e4                nrf_cc310_bl_hash_update_internal
 .text.PkaDoubleMdf2Mdf
                0x000054d4      0x1ac C:/Users/dawnm/ncs/v1.9.1/nrfxlib/crypto/nrf_cc310_bl/lib/cortex-m4/hard-float/no-interrupts/libnrf_cc310_bl_0.9.12.a(pka_ec_wrst.c.obj)
                0x000054d4                PkaDoubleMdf2Mdf
 .text.PkaDoubleMdf2Jcb
                0x00005680      0x178 C:/Users/dawnm/ncs/v1.9.1/nrfxlib/crypto/nrf_cc310_bl/lib/cortex-m4/hard-float/no-interrupts/libnrf_cc310_bl_0.9.12.a(pka_ec_wrst.c.obj)
                0x00005680                PkaDoubleMdf2Jcb
 .text.PkaAddJcbAfn2Mdf
                0x000057f8      0x194 C:/Users/dawnm/ncs/v1.9.1/nrfxlib/crypto/nrf_cc310_bl/lib/cortex-m4/hard-float/no-interrupts/libnrf_cc310_bl_0.9.12.a(pka_ec_wrst.c.obj)
                0x000057f8                PkaAddJcbAfn2Mdf
 .text.PkaJcb2Afn
                0x0000598c       0xb0 C:/Users/dawnm/ncs/v1.9.1/nrfxlib/crypto/nrf_cc310_bl/lib/cortex-m4/hard-float/no-interrupts/libnrf_cc310_bl_0.9.12.a(pka_ec_wrst.c.obj)
                0x0000598c                PkaJcb2Afn
 .text.PkaAddAff
                0x00005a3c      0x114 C:/Users/dawnm/ncs/v1.9.1/nrfxlib/crypto/nrf_cc310_bl/lib/cortex-m4/hard-float/no-interrupts/libnrf_cc310_bl_0.9.12.a(pka_ec_wrst.c.obj)
                0x00005a3c                PkaAddAff
 .text.PkaSum2ScalarMullt
                0x00005b50      0x1e4 C:/Users/dawnm/ncs/v1.9.1/nrfxlib/crypto/nrf_cc310_bl/lib/cortex-m4/hard-float/no-interrupts/libnrf_cc310_bl_0.9.12.a(pka_ec_wrst.c.obj)
                0x00005b50                PkaSum2ScalarMullt
 .text.SaSi_HalClearInterruptBit
                0x00005d34        0xc C:/Users/dawnm/ncs/v1.9.1/nrfxlib/crypto/nrf_cc310_bl/lib/cortex-m4/hard-float/no-interrupts/libnrf_cc310_bl_0.9.12.a(ssi_hal.c.obj)
                0x00005d34                SaSi_HalClearInterruptBit
 .text.SaSi_HalMaskInterrupt
                0x00005d40        0xc C:/Users/dawnm/ncs/v1.9.1/nrfxlib/crypto/nrf_cc310_bl/lib/cortex-m4/hard-float/no-interrupts/libnrf_cc310_bl_0.9.12.a(ssi_hal.c.obj)
                0x00005d40                SaSi_HalMaskInterrupt
 .text.SaSi_HalWaitInterrupt
                0x00005d4c       0x18 C:/Users/dawnm/ncs/v1.9.1/nrfxlib/crypto/nrf_cc310_bl/lib/cortex-m4/hard-float/no-interrupts/libnrf_cc310_bl_0.9.12.a(ssi_hal.c.obj)
                0x00005d4c                SaSi_HalWaitInterrupt
 .text.flash_area_id_from_multi_image_slot
                0x00005d64       0x12 app/libapp.a(flash_map_extended.c.obj)
                0x00005d64                flash_area_id_from_multi_image_slot
 .text.flash_area_get_device_id
                0x00005d76        0x4 app/libapp.a(flash_map_extended.c.obj)
                0x00005d76                flash_area_get_device_id
 .text.os_heap_init
                0x00005d7a        0x2 app/libapp.a(os.c.obj)
                0x00005d7a                os_heap_init
 .text.bootutil_tlv_iter_begin
                0x00005d7c       0x98 app/libapp.a(tlv.c.obj)
                0x00005d7c                bootutil_tlv_iter_begin
 .text.bootutil_tlv_iter_next
                0x00005e14       0x96 app/libapp.a(tlv.c.obj)
                0x00005e14                bootutil_tlv_iter_next
 .text.bootutil_read_bigint
                0x00005eaa       0x58 app/libapp.a(image_ec256.c.obj)
 .text.boot_fih_memequal
                0x00005f02        0x4 app/libapp.a(bootutil_misc.c.obj)
                0x00005f02                boot_fih_memequal
 .text.boot_trailer_sz
                0x00005f06        0xa app/libapp.a(bootutil_misc.c.obj)
                0x00005f06                boot_trailer_sz
 .text.boot_status_entries
                0x00005f10       0x1a app/libapp.a(bootutil_misc.c.obj)
                0x00005f10                boot_status_entries
 .text.boot_status_off
                0x00005f2a       0x18 app/libapp.a(bootutil_misc.c.obj)
                0x00005f2a                boot_status_off
 .text.boot_write_copy_done
                0x00005f42        0xa app/libapp.a(bootutil_misc.c.obj)
                0x00005f42                boot_write_copy_done
 .text.boot_write_swap_size
                0x00005f4c       0x1e app/libapp.a(bootutil_misc.c.obj)
                0x00005f4c                boot_write_swap_size
 .text.boot_read_image_size
                0x00005f6a       0x90 app/libapp.a(loader.c.obj)
 .text.boot_read_image_headers
                0x00005ffa       0x32 app/libapp.a(loader.c.obj)
 .text.boot_read_sectors
                0x0000602c       0x42 app/libapp.a(loader.c.obj)
 .text.boot_status_reset
                0x0000606e       0x12 app/libapp.a(loader.c.obj)
                0x0000606e                boot_status_reset
 .text.boot_status_is_reset
                0x00006080       0x1a app/libapp.a(loader.c.obj)
                0x00006080                boot_status_is_reset
 .text.boot_write_status
                0x0000609a       0x64 app/libapp.a(loader.c.obj)
                0x0000609a                boot_write_status
 .text.boot_erase_region
                0x000060fe        0x4 app/libapp.a(loader.c.obj)
                0x000060fe                boot_erase_region
 .text.swap_erase_trailer_sectors
                0x00006102       0x6c app/libapp.a(swap_misc.c.obj)
                0x00006102                swap_erase_trailer_sectors
 .text.swap_status_init
                0x0000616e       0x3e app/libapp.a(swap_misc.c.obj)
                0x0000616e                swap_status_init
 .text.swap_read_status
                0x000061ac       0x78 app/libapp.a(swap_misc.c.obj)
                0x000061ac                swap_read_status
 .text.swap_set_copy_done
                0x00006224       0x24 app/libapp.a(swap_misc.c.obj)
                0x00006224                swap_set_copy_done
 .text.swap_set_image_ok
                0x00006248       0x3c app/libapp.a(swap_misc.c.obj)
                0x00006248                swap_set_image_ok
 .text.boot_status_internal_off
                0x00006284       0x30 app/libapp.a(swap_move.c.obj)
                0x00006284                boot_status_internal_off
 .text.mbedtls_asn1_get_len
                0x000062b4       0x90 app/libapp.a(asn1parse.c.obj)
                0x000062b4                mbedtls_asn1_get_len
 .text.mbedtls_asn1_get_tag
                0x00006344       0x28 app/libapp.a(asn1parse.c.obj)
                0x00006344                mbedtls_asn1_get_tag
 .text.mbedtls_asn1_get_bitstring_null
                0x0000636c       0x28 app/libapp.a(asn1parse.c.obj)
                0x0000636c                mbedtls_asn1_get_bitstring_null
 .text.mbedtls_asn1_get_alg
                0x00006394       0x96 app/libapp.a(asn1parse.c.obj)
                0x00006394                mbedtls_asn1_get_alg
 .text.cc310_sha256_update
                0x0000642a       0x36 app/libapp.a(cc310_glue.c.obj)
                0x0000642a                cc310_sha256_update
 .text.sys_notify_validate
                0x00006460       0x22 zephyr/libzephyr.a(notify.c.obj)
                0x00006460                sys_notify_validate
 .text.sys_notify_finalize
                0x00006482       0x1a zephyr/libzephyr.a(notify.c.obj)
                0x00006482                sys_notify_finalize
 .text.arch_printk_char_out
                0x0000649c        0x4 zephyr/libzephyr.a(printk.c.obj)
                0x0000649c                arch_printk_char_out
 .text.printk   0x000064a0       0x1a zephyr/libzephyr.a(printk.c.obj)
                0x000064a0                printk
 .text.process_recheck
                0x000064ba       0x38 zephyr/libzephyr.a(onoff.c.obj)
 .text.notify_one
                0x000064f2       0x2c zephyr/libzephyr.a(onoff.c.obj)
 .text.transition_complete
                0x0000651e       0x1e zephyr/libzephyr.a(onoff.c.obj)
 .text.validate_args
                0x0000653c       0x1e zephyr/libzephyr.a(onoff.c.obj)
 .text.onoff_manager_init
                0x0000655a       0x26 zephyr/libzephyr.a(onoff.c.obj)
                0x0000655a                onoff_manager_init
 .text.onoff_request
                0x00006580       0x92 zephyr/libzephyr.a(onoff.c.obj)
                0x00006580                onoff_request
 .text._ConfigAbsSyms
                0x00006612        0x2 zephyr/libzephyr.a(configs.c.obj)
                0x00006612                _ConfigAbsSyms
 .text.z_log_minimal_printk
                0x00006614       0x1a zephyr/libzephyr.a(log_minimal.c.obj)
                0x00006614                z_log_minimal_printk
 .text.flash_area_close
                0x0000662e        0x2 zephyr/libzephyr.a(flash_map.c.obj)
                0x0000662e                flash_area_close
 .text.flash_area_read
                0x00006630       0x38 zephyr/libzephyr.a(flash_map.c.obj)
                0x00006630                flash_area_read
 .text.flash_area_write
                0x00006668       0x5c zephyr/libzephyr.a(flash_map.c.obj)
                0x00006668                flash_area_write
 .text.flash_area_erase
                0x000066c4       0x5e zephyr/libzephyr.a(flash_map.c.obj)
                0x000066c4                flash_area_erase
 .text.flash_area_align
                0x00006722       0x12 zephyr/libzephyr.a(flash_map.c.obj)
                0x00006722                flash_area_align
 .text.flash_area_erased_val
                0x00006734       0x12 zephyr/libzephyr.a(flash_map.c.obj)
                0x00006734                flash_area_erased_val
 .text.get_sectors_cb
                0x00006746       0x3c zephyr/libzephyr.a(flash_map_layout.c.obj)
 .text.abort_function
                0x00006782        0x8 zephyr/libzephyr.a(nrf_cc3xx_platform_abort_zephyr.c.obj)
 .text.nrf_cc3xx_platform_mutex_init
                0x0000678a        0x2 zephyr/libzephyr.a(nrf_cc3xx_platform_no_mutex_zephyr.c.obj)
                0x0000678a                nrf_cc3xx_platform_mutex_init
 .text.z_do_kernel_oops
                0x0000678c        0x8 zephyr/arch/arch/arm/core/aarch32/libarch__arm__core__aarch32.a(fatal.c.obj)
                0x0000678c                z_do_kernel_oops
 .text.z_irq_spurious
                0x00006794        0x8 zephyr/arch/arch/arm/core/aarch32/libarch__arm__core__aarch32.a(irq_manage.c.obj)
                0x00006794                z_irq_spurious
 .text.z_arm_nmi
                0x0000679c        0xe zephyr/arch/arch/arm/core/aarch32/libarch__arm__core__aarch32.a(nmi.c.obj)
                0x0000679c                z_arm_nmi
 .text.strlen   0x000067aa        0xe zephyr/lib/libc/minimal/liblib__libc__minimal.a(string.c.obj)
                0x000067aa                strlen
 .text.strcmp   0x000067b8       0x18 zephyr/lib/libc/minimal/liblib__libc__minimal.a(string.c.obj)
                0x000067b8                strcmp
 .text.memcmp   0x000067d0       0x20 zephyr/lib/libc/minimal/liblib__libc__minimal.a(string.c.obj)
                0x000067d0                memcmp
 .text.memcpy   0x000067f0       0x16 zephyr/lib/libc/minimal/liblib__libc__minimal.a(string.c.obj)
                0x000067f0                memcpy
 .text.memset   0x00006806       0x12 zephyr/lib/libc/minimal/liblib__libc__minimal.a(string.c.obj)
                0x00006806                memset
 .text._stdout_hook_default
                0x00006818        0x6 zephyr/lib/libc/minimal/liblib__libc__minimal.a(stdout_console.c.obj)
 .text.get_status
                0x0000681e       0x12 zephyr/drivers/clock_control/libdrivers__clock_control.a(clock_control_nrf.c.obj)
 .text.set_off_state
                0x00006830       0x32 zephyr/drivers/clock_control/libdrivers__clock_control.a(clock_control_nrf.c.obj)
 .text.set_starting_state
                0x00006862       0x3c zephyr/drivers/clock_control/libdrivers__clock_control.a(clock_control_nrf.c.obj)
 .text.set_on_state
                0x0000689e       0x26 zephyr/drivers/clock_control/libdrivers__clock_control.a(clock_control_nrf.c.obj)
 .text.api_blocking_start
                0x000068c4        0x6 zephyr/drivers/clock_control/libdrivers__clock_control.a(clock_control_nrf.c.obj)
 .text.onoff_started_callback
                0x000068ca       0x14 zephyr/drivers/clock_control/libdrivers__clock_control.a(clock_control_nrf.c.obj)
 .text.lfclk_start
                0x000068de        0x6 zephyr/drivers/clock_control/libdrivers__clock_control.a(clock_control_nrf.c.obj)
 .text.lfclk_stop
                0x000068e4        0x6 zephyr/drivers/clock_control/libdrivers__clock_control.a(clock_control_nrf.c.obj)
 .text.api_stop
                0x000068ea       0x28 zephyr/drivers/clock_control/libdrivers__clock_control.a(clock_control_nrf.c.obj)
 .text.api_start
                0x00006912       0x34 zephyr/drivers/clock_control/libdrivers__clock_control.a(clock_control_nrf.c.obj)
 .text.gpio_nrfx_port_get_raw
                0x00006946        0xe zephyr/drivers/gpio/libdrivers__gpio.a(gpio_nrfx.c.obj)
 .text.gpio_nrfx_port_set_masked_raw
                0x00006954       0x16 zephyr/drivers/gpio/libdrivers__gpio.a(gpio_nrfx.c.obj)
 .text.gpio_nrfx_port_set_bits_raw
                0x0000696a        0xc zephyr/drivers/gpio/libdrivers__gpio.a(gpio_nrfx.c.obj)
 .text.gpio_nrfx_port_clear_bits_raw
                0x00006976        0xc zephyr/drivers/gpio/libdrivers__gpio.a(gpio_nrfx.c.obj)
 .text.gpio_nrfx_port_toggle_bits
                0x00006982       0x12 zephyr/drivers/gpio/libdrivers__gpio.a(gpio_nrfx.c.obj)
 .text.gpio_nrfx_manage_callback
                0x00006994       0x56 zephyr/drivers/gpio/libdrivers__gpio.a(gpio_nrfx.c.obj)
 .text.is_regular_addr_valid
                0x000069ea       0x26 zephyr/drivers/flash/libdrivers__flash.a(soc_flash_nrf.c.obj)
 .text.flash_page_foreach
                0x00006a10       0x58 zephyr/drivers/flash/libdrivers__flash.a(flash_page_layout.c.obj)
                0x00006a10                flash_page_foreach
 .text.uarte_nrfx_isr_int
                0x00006a68       0x74 zephyr/drivers/serial/libdrivers__serial.a(uart_nrfx_uarte.c.obj)
 .text.uarte_nrfx_config_get
                0x00006adc       0x10 zephyr/drivers/serial/libdrivers__serial.a(uart_nrfx_uarte.c.obj)
 .text.uarte_nrfx_err_check
                0x00006aec        0xe zephyr/drivers/serial/libdrivers__serial.a(uart_nrfx_uarte.c.obj)
 .text.is_tx_ready
                0x00006afa       0x20 zephyr/drivers/serial/libdrivers__serial.a(uart_nrfx_uarte.c.obj)
 .text.uarte_nrfx_poll_in
                0x00006b1a       0x26 zephyr/drivers/serial/libdrivers__serial.a(uart_nrfx_uarte.c.obj)
 .text.fprotect_area
                0x00006b40        0x6 modules/nrf/lib/fprotect/lib..__nrf__lib__fprotect.a(fprotect_acl.c.obj)
                0x00006b40                fprotect_area
 .text.hw_cc3xx_init_internal
                0x00006b46        0x4 modules/nrf/drivers/hw_cc310/lib..__nrf__drivers__hw_cc310.a(hw_cc310.c.obj)
 .text.hw_cc3xx_init
                0x00006b4a       0x12 modules/nrf/drivers/hw_cc310/lib..__nrf__drivers__hw_cc310.a(hw_cc310.c.obj)
 .text.bootutil_buffer_is_erased.part.0
                0x00006b5c       0x22 modules/mcuboot/boot/bootutil/zephyr/libmcuboot_util.a(bootutil_public.c.obj)
 .text.boot_swap_info_off
                0x00006b7e        0x6 modules/mcuboot/boot/bootutil/zephyr/libmcuboot_util.a(bootutil_public.c.obj)
                0x00006b7e                boot_swap_info_off
 .text.boot_magic_compatible_check
                0x00006b84       0x1c modules/mcuboot/boot/bootutil/zephyr/libmcuboot_util.a(bootutil_public.c.obj)
                0x00006b84                boot_magic_compatible_check
 .text.bootutil_buffer_is_erased
                0x00006ba0        0xc modules/mcuboot/boot/bootutil/zephyr/libmcuboot_util.a(bootutil_public.c.obj)
                0x00006ba0                bootutil_buffer_is_erased
 .text.boot_read_flag
                0x00006bac       0x3a modules/mcuboot/boot/bootutil/zephyr/libmcuboot_util.a(bootutil_public.c.obj)
 .text.boot_write_trailer
                0x00006be6       0x5e modules/mcuboot/boot/bootutil/zephyr/libmcuboot_util.a(bootutil_public.c.obj)
                0x00006be6                boot_write_trailer
 .text.boot_write_trailer_flag
                0x00006c44       0x14 modules/mcuboot/boot/bootutil/zephyr/libmcuboot_util.a(bootutil_public.c.obj)
                0x00006c44                boot_write_trailer_flag
 .text.boot_write_image_ok
                0x00006c58        0xa modules/mcuboot/boot/bootutil/zephyr/libmcuboot_util.a(bootutil_public.c.obj)
                0x00006c58                boot_write_image_ok
 .text.boot_read_image_ok
                0x00006c62        0x8 modules/mcuboot/boot/bootutil/zephyr/libmcuboot_util.a(bootutil_public.c.obj)
                0x00006c62                boot_read_image_ok
 .text.boot_read_swap_state_by_id
                0x00006c6a       0x28 modules/mcuboot/boot/bootutil/zephyr/libmcuboot_util.a(bootutil_public.c.obj)
                0x00006c6a                boot_read_swap_state_by_id
 .text.boot_write_swap_info
                0x00006c92       0x1e modules/mcuboot/boot/bootutil/zephyr/libmcuboot_util.a(bootutil_public.c.obj)
                0x00006c92                boot_write_swap_info
 .text.nrfx_isr
                0x00006cb0        0x2 modules/hal_nordic/nrfx/libmodules__hal_nordic__nrfx.a(nrfx_glue.c.obj)
                0x00006cb0                nrfx_isr
 .text.nrfx_busy_wait
                0x00006cb2        0x4 modules/hal_nordic/nrfx/libmodules__hal_nordic__nrfx.a(nrfx_glue.c.obj)
                0x00006cb2                nrfx_busy_wait
 .text.nrfx_clock_enable
                0x00006cb6       0x14 modules/hal_nordic/nrfx/libmodules__hal_nordic__nrfx.a(nrfx_clock.c.obj)
                0x00006cb6                nrfx_clock_enable
 .text.nrf_gpio_reconfigure
                0x00006cca       0x8e modules/hal_nordic/nrfx/libmodules__hal_nordic__nrfx.a(nrfx_gpiote.c.obj)
 .text.nrf_gpio_cfg_sense_set
                0x00006d58       0x1e modules/hal_nordic/nrfx/libmodules__hal_nordic__nrfx.a(nrfx_gpiote.c.obj)
 .text.nrfx_nvmc_flash_size_get
                0x00006d76        0xc modules/hal_nordic/nrfx/libmodules__hal_nordic__nrfx.a(nrfx_nvmc.c.obj)
                0x00006d76                nrfx_nvmc_flash_size_get
 .text.nrfx_nvmc_flash_page_size_get
                0x00006d82        0x8 modules/hal_nordic/nrfx/libmodules__hal_nordic__nrfx.a(nrfx_nvmc.c.obj)
                0x00006d82                nrfx_nvmc_flash_page_size_get
 .text.nrfx_nvmc_flash_page_count_get
                0x00006d8a        0x8 modules/hal_nordic/nrfx/libmodules__hal_nordic__nrfx.a(nrfx_nvmc.c.obj)
                0x00006d8a                nrfx_nvmc_flash_page_count_get
 .text.z_device_state_init
                0x00006d92        0x2 zephyr/kernel/libkernel.a(device.c.obj)
                0x00006d92                z_device_state_init
 .text.z_device_ready
                0x00006d94       0x14 zephyr/kernel/libkernel.a(device.c.obj)
                0x00006d94                z_device_ready
 .text.k_is_in_isr
                0x00006da8        0xc zephyr/kernel/libkernel.a(thread.c.obj)
                0x00006da8                k_is_in_isr
 .text.z_impl_k_busy_wait
                0x00006db4        0x8 zephyr/kernel/libkernel.a(timeout.c.obj)
                0x00006db4                z_impl_k_busy_wait
 .text._OffsetAbsSyms
                0x00006dbc        0x2 zephyr/CMakeFiles/offsets.dir/./arch/arm/core/offsets/offsets.c.obj
                0x00006dbc                _OffsetAbsSyms
 .text.nrf_cc310_bl_ecdsa_verify_secp256r1
                0x00006dbe       0x26 C:/Users/dawnm/ncs/v1.9.1/nrfxlib/crypto/nrf_cc310_bl/lib/cortex-m4/hard-float/no-interrupts/libnrf_cc310_bl_0.9.12.a(nrf_cc310_bl_ecdsa_verify_secp256r1.c.obj)
                0x00006dbe                nrf_cc310_bl_ecdsa_verify_secp256r1
 .text.PkaInitAndMutexLock
                0x00006de4        0x8 C:/Users/dawnm/ncs/v1.9.1/nrfxlib/crypto/nrf_cc310_bl/lib/cortex-m4/hard-float/no-interrupts/libnrf_cc310_bl_0.9.12.a(pka.c.obj)
                0x00006de4                PkaInitAndMutexLock
 .text.SaSi_PalMemCopy
                0x00006dec        0x4 C:/Users/dawnm/ncs/v1.9.1/nrfxlib/crypto/nrf_cc310_bl/lib/cortex-m4/hard-float/no-interrupts/libnrf_cc310_bl_0.9.12.a(ssi_pal_mem.c.obj)
                0x00006dec                SaSi_PalMemCopy
 .text.SaSi_PalMemSet
                0x00006df0        0x4 C:/Users/dawnm/ncs/v1.9.1/nrfxlib/crypto/nrf_cc310_bl/lib/cortex-m4/hard-float/no-interrupts/libnrf_cc310_bl_0.9.12.a(ssi_pal_mem.c.obj)
                0x00006df0                SaSi_PalMemSet
 .text.SaSi_PalMemSetZero
                0x00006df4        0x8 C:/Users/dawnm/ncs/v1.9.1/nrfxlib/crypto/nrf_cc310_bl/lib/cortex-m4/hard-float/no-interrupts/libnrf_cc310_bl_0.9.12.a(ssi_pal_mem.c.obj)
                0x00006df4                SaSi_PalMemSetZero
 .text.CRYS_COMMON_ReverseMemcpy32
                0x00006dfc       0x1a C:/Users/dawnm/ncs/v1.9.1/nrfxlib/crypto/nrf_cc310_bl/lib/cortex-m4/hard-float/no-interrupts/libnrf_cc310_bl_0.9.12.a(crys_common_conv_endian.c.obj)
                0x00006dfc                CRYS_COMMON_ReverseMemcpy32
 *(SORT_BY_ALIGNMENT(.TEXT.*))
 *fill*         0x00006e16        0x2 
 .TEXT.z_arm_platform_init
                0x00006e18        0x4 zephyr/libzephyr.a(soc_nrf_common.S.obj)
                0x00006e18                z_arm_platform_init
 *(SORT_BY_ALIGNMENT(.gnu.linkonce.t.*))
 *(SORT_BY_ALIGNMENT(.glue_7t))
 .glue_7t       0x00006e1c        0x0 linker stubs
 *(SORT_BY_ALIGNMENT(.glue_7))
 .glue_7        0x00006e1c        0x0 linker stubs
 *(SORT_BY_ALIGNMENT(.vfp11_veneer))
 .vfp11_veneer  0x00006e1c        0x0 linker stubs
 *(SORT_BY_ALIGNMENT(.v4_bx))
 .v4_bx         0x00006e1c        0x0 linker stubs
                0x00006e1c                __text_region_end = .

.ARM.exidx      0x00006e1c        0x8
                0x00006e1c                __exidx_start = .
 *(SORT_BY_ALIGNMENT(.ARM.exidx*) SORT_BY_ALIGNMENT(gnu.linkonce.armexidx.*))
 .ARM.exidx     0x00006e1c        0x8 c:/users/dawnm/ncs/v1.9.1/toolchain/opt/bin/../lib/gcc/arm-none-eabi/9.2.1/thumb/v7e-m+fp/hard\libgcc.a(_udivmoddi4.o)
                0x00006e24                __exidx_end = .
                0x00006e24                __rodata_region_start = .

initlevel       0x00006e24       0x58
                0x00006e24                __init_start = .
                0x00006e24                __init_PRE_KERNEL_1_start = .
 *(SORT_BY_NAME(SORT_BY_ALIGNMENT(.z_init_PRE_KERNEL_1[0-9]_*)))
 .z_init_PRE_KERNEL_10_
                0x00006e24        0x8 zephyr/soc/arm/nordic_nrf/nrf52/libsoc__arm__nordic_nrf__nrf52.a(soc.c.obj)
 *(SORT_BY_NAME(SORT_BY_ALIGNMENT(.z_init_PRE_KERNEL_1[1-9][0-9]_*)))
 .z_init_PRE_KERNEL_130_
                0x00006e2c        0x8 zephyr/drivers/clock_control/libdrivers__clock_control.a(clock_control_nrf.c.obj)
 .z_init_PRE_KERNEL_140_
                0x00006e34       0x10 zephyr/drivers/gpio/libdrivers__gpio.a(gpio_nrfx.c.obj)
 .z_init_PRE_KERNEL_140_
                0x00006e44        0x8 modules/nrf/drivers/hw_cc310/lib..__nrf__drivers__hw_cc310.a(hw_cc310.c.obj)
 .z_init_PRE_KERNEL_155_
                0x00006e4c        0x8 zephyr/drivers/serial/libdrivers__serial.a(uart_nrfx_uarte.c.obj)
 .z_init_PRE_KERNEL_160_
                0x00006e54        0x8 zephyr/drivers/console/libdrivers__console.a(uart_console.c.obj)
                0x00006e5c                __init_PRE_KERNEL_2_start = .
 *(SORT_BY_NAME(SORT_BY_ALIGNMENT(.z_init_PRE_KERNEL_2[0-9]_*)))
 .z_init_PRE_KERNEL_20_
                0x00006e5c        0x8 zephyr/drivers/timer/libdrivers__timer.a(nrf_rtc_timer.c.obj)
 *(SORT_BY_NAME(SORT_BY_ALIGNMENT(.z_init_PRE_KERNEL_2[1-9][0-9]_*)))
                0x00006e64                __init_POST_KERNEL_start = .
 *(SORT_BY_NAME(SORT_BY_ALIGNMENT(.z_init_POST_KERNEL[0-9]_*)))
 *(SORT_BY_NAME(SORT_BY_ALIGNMENT(.z_init_POST_KERNEL[1-9][0-9]_*)))
 .z_init_POST_KERNEL40_
                0x00006e64        0x8 modules/nrf/drivers/hw_cc310/lib..__nrf__drivers__hw_cc310.a(hw_cc310.c.obj)
 .z_init_POST_KERNEL50_
                0x00006e6c        0x8 zephyr/boards/boards/arm/nrf9160dk_nrf52840/libboards__arm__nrf9160dk_nrf52840.a(board.c.obj)
 .z_init_POST_KERNEL50_
                0x00006e74        0x8 zephyr/drivers/flash/libdrivers__flash.a(soc_flash_nrf.c.obj)
                0x00006e7c                __init_APPLICATION_start = .
 *(SORT_BY_NAME(SORT_BY_ALIGNMENT(.z_init_APPLICATION[0-9]_*)))
 *(SORT_BY_NAME(SORT_BY_ALIGNMENT(.z_init_APPLICATION[1-9][0-9]_*)))
                0x00006e7c                __init_SMP_start = .
 *(SORT_BY_NAME(SORT_BY_ALIGNMENT(.z_init_SMP[0-9]_*)))
 *(SORT_BY_NAME(SORT_BY_ALIGNMENT(.z_init_SMP[1-9][0-9]_*)))
                0x00006e7c                __init_end = .

devices         0x00006e7c       0x78
                0x00006e7c                __device_start = .
                0x00006e7c                __device_PRE_KERNEL_1_start = .
 *(SORT_BY_NAME(SORT_BY_ALIGNMENT(.z_device_PRE_KERNEL_1[0-9]_*)))
 *(SORT_BY_NAME(SORT_BY_ALIGNMENT(.z_device_PRE_KERNEL_1[1-9][0-9]_*)))
 .z_device_PRE_KERNEL_130_
                0x00006e7c       0x18 zephyr/drivers/clock_control/libdrivers__clock_control.a(clock_control_nrf.c.obj)
                0x00006e7c                __device_dts_ord_29
 .z_device_PRE_KERNEL_140_
                0x00006e94       0x30 zephyr/drivers/gpio/libdrivers__gpio.a(gpio_nrfx.c.obj)
                0x00006e94                __device_dts_ord_12
                0x00006eac                __device_dts_ord_5
 .z_device_PRE_KERNEL_155_
                0x00006ec4       0x18 zephyr/drivers/serial/libdrivers__serial.a(uart_nrfx_uarte.c.obj)
                0x00006ec4                __device_dts_ord_65
                0x00006edc                __device_PRE_KERNEL_2_start = .
 *(SORT_BY_NAME(SORT_BY_ALIGNMENT(.z_device_PRE_KERNEL_2[0-9]_*)))
 *(SORT_BY_NAME(SORT_BY_ALIGNMENT(.z_device_PRE_KERNEL_2[1-9][0-9]_*)))
                0x00006edc                __device_POST_KERNEL_start = .
 *(SORT_BY_NAME(SORT_BY_ALIGNMENT(.z_device_POST_KERNEL[0-9]_*)))
 *(SORT_BY_NAME(SORT_BY_ALIGNMENT(.z_device_POST_KERNEL[1-9][0-9]_*)))
 .z_device_POST_KERNEL50_
                0x00006edc       0x18 zephyr/drivers/flash/libdrivers__flash.a(soc_flash_nrf.c.obj)
                0x00006edc                __device_dts_ord_72
                0x00006ef4                __device_APPLICATION_start = .
 *(SORT_BY_NAME(SORT_BY_ALIGNMENT(.z_device_APPLICATION[0-9]_*)))
 *(SORT_BY_NAME(SORT_BY_ALIGNMENT(.z_device_APPLICATION[1-9][0-9]_*)))
                0x00006ef4                __device_SMP_start = .
 *(SORT_BY_NAME(SORT_BY_ALIGNMENT(.z_device_SMP[0-9]_*)))
 *(SORT_BY_NAME(SORT_BY_ALIGNMENT(.z_device_SMP[1-9][0-9]_*)))
                0x00006ef4                __device_end = .

sw_isr_table    0x00006ef4      0x180
                0x00006ef4                . = ALIGN (0x0)
 *(SORT_BY_ALIGNMENT(.gnu.linkonce.sw_isr_table*))
 .gnu.linkonce.sw_isr_table
                0x00006ef4      0x180 zephyr/arch/common/libisr_tables.a(isr_tables.c.obj)
                0x00006ef4                _sw_isr_table

initlevel_error
                0x00006e24        0x0
 *(SORT_BY_NAME(SORT_BY_ALIGNMENT(.z_init_[_A-Z0-9]*)))
                0x00000001                ASSERT ((SIZEOF (initlevel_error) == 0x0), Undefined initialization levels used.)

app_shmem_regions
                0x00007074        0x0
                0x00007074                __app_shmem_regions_start = .
 *(SORT_BY_NAME(SORT_BY_ALIGNMENT(.app_regions.*)))
                0x00007074                __app_shmem_regions_end = .

bt_l2cap_fixed_chan_area
                0x00007074        0x0
                0x00007074                _bt_l2cap_fixed_chan_list_start = .
 *(SORT_BY_NAME(SORT_BY_ALIGNMENT(._bt_l2cap_fixed_chan.static.*)))
                0x00007074                _bt_l2cap_fixed_chan_list_end = .

bt_gatt_service_static_area
                0x00007074        0x0
                0x00007074                _bt_gatt_service_static_list_start = .
 *(SORT_BY_NAME(SORT_BY_ALIGNMENT(._bt_gatt_service_static.static.*)))
                0x00007074                _bt_gatt_service_static_list_end = .

k_p4wq_initparam_area
                0x00007074        0x0
                0x00007074                _k_p4wq_initparam_list_start = .
 *(SORT_BY_NAME(SORT_BY_ALIGNMENT(._k_p4wq_initparam.static.*)))
                0x00007074                _k_p4wq_initparam_list_end = .

log_strings_sections
                0x00007074        0x0
                0x00007074                __log_strings_start = .
 *(SORT_BY_NAME(SORT_BY_ALIGNMENT(.log_strings*)))
                0x00007074                __log_strings_end = .

log_const_sections
                0x00007074       0x48
                0x00007074                __log_const_start = .
 *(SORT_BY_NAME(SORT_BY_ALIGNMENT(.log_const_*)))
 .log_const_board_control
                0x00007074        0x8 zephyr/boards/boards/arm/nrf9160dk_nrf52840/libboards__arm__nrf9160dk_nrf52840.a(board.c.obj)
                0x00007074                log_const_board_control
 .log_const_clock_control
                0x0000707c        0x8 zephyr/drivers/clock_control/libdrivers__clock_control.a(clock_control_nrf.c.obj)
                0x0000707c                log_const_clock_control
 .log_const_fatal_error
                0x00007084        0x8 modules/nrf/lib/fatal_error/lib..__nrf__lib__fatal_error.a(fatal_error.c.obj)
                0x00007084                log_const_fatal_error
 .log_const_flash_nrf
                0x0000708c        0x8 zephyr/drivers/flash/libdrivers__flash.a(soc_flash_nrf.c.obj)
                0x0000708c                log_const_flash_nrf
 .log_const_mcuboot
                0x00007094        0x8 app/libapp.a(main.c.obj)
                0x00007094                log_const_mcuboot
 .log_const_mpu
                0x0000709c        0x8 zephyr/arch/arch/arm/core/aarch32/mpu/libarch__arm__core__aarch32__mpu.a(arm_core_mpu.c.obj)
                0x0000709c                log_const_mpu
 .log_const_os  0x000070a4        0x8 zephyr/kernel/libkernel.a(init.c.obj)
                0x000070a4                log_const_os
 .log_const_soc
                0x000070ac        0x8 zephyr/soc/arm/nordic_nrf/nrf52/libsoc__arm__nordic_nrf__nrf52.a(soc.c.obj)
                0x000070ac                log_const_soc
 .log_const_uart_nrfx_uarte
                0x000070b4        0x8 zephyr/drivers/serial/libdrivers__serial.a(uart_nrfx_uarte.c.obj)
                0x000070b4                log_const_uart_nrfx_uarte
                0x000070bc                __log_const_end = .

log_backends_sections
                0x000070bc        0x0
                0x000070bc                __log_backends_start = .
 *(SORT_BY_ALIGNMENT(._log_backend.*))
                0x000070bc                __log_backends_end = .

shell_area      0x000070bc        0x0
                0x000070bc                _shell_list_start = .
 *(SORT_BY_NAME(SORT_BY_ALIGNMENT(._shell.static.*)))
                0x000070bc                _shell_list_end = .

shell_root_cmds_sections
                0x000070bc        0x0
                0x000070bc                __shell_root_cmds_start = .
 *(SORT_BY_NAME(SORT_BY_ALIGNMENT(.shell_root_cmd_*)))
                0x000070bc                __shell_root_cmds_end = .

font_entry_sections
                0x000070bc        0x0
                0x000070bc                __font_entry_start = .
 *(SORT_BY_NAME(SORT_BY_ALIGNMENT(._cfb_font.*)))
                0x000070bc                __font_entry_end = .

tracing_backend_area
                0x000070bc        0x0
                0x000070bc                _tracing_backend_list_start = .
 *(SORT_BY_NAME(SORT_BY_ALIGNMENT(._tracing_backend.static.*)))
                0x000070bc                _tracing_backend_list_end = .

zephyr_dbg_info
 *(SORT_BY_ALIGNMENT(.dbg_thread_info))

device_handles  0x000070bc       0x4c
                0x000070bc                __device_handles_start = .
 *(SORT_BY_NAME(SORT_BY_ALIGNMENT(.__device_handles_pass1*)))
 .__device_handles_pass1
                0x000070bc        0xa zephyr/drivers/clock_control/libdrivers__clock_control.a(clock_control_nrf.c.obj)
                0x000070bc                __devicehdl_DT_N_S_soc_S_clock_40000000
 .__device_handles_pass1
                0x000070c6       0x2e zephyr/drivers/gpio/libdrivers__gpio.a(gpio_nrfx.c.obj)
                0x000070c6                __devicehdl_DT_N_S_soc_S_gpio_50000300
                0x000070e0                __devicehdl_DT_N_S_soc_S_gpio_50000000
 .__device_handles_pass1
                0x000070f4        0xa zephyr/drivers/flash/libdrivers__flash.a(soc_flash_nrf.c.obj)
                0x000070f4                __devicehdl_DT_N_S_soc_S_flash_controller_4001e000
 .__device_handles_pass1
                0x000070fe        0xa zephyr/drivers/serial/libdrivers__serial.a(uart_nrfx_uarte.c.obj)
                0x000070fe                __devicehdl_DT_N_S_soc_S_uart_40002000
                0x00007108                __device_handles_end = .

rodata          0x00007110     0x11f8
 *(SORT_BY_ALIGNMENT(.rodata))
 .rodata        0x00007110       0x10 C:/Users/dawnm/ncs/v1.9.1/nrfxlib/crypto/nrf_cc310_bl/lib/cortex-m4/hard-float/no-interrupts/libnrf_cc310_bl_0.9.12.a(nrf_cc310_bl_hash_sha256.c.obj)
 *(SORT_BY_ALIGNMENT(.rodata.*))
 .rodata.delay_machine_code.13731
                0x00007120        0x6 zephyr/soc/arm/nordic_nrf/nrf52/libsoc__arm__nordic_nrf__nrf52.a(soc.c.obj)
 *fill*         0x00007126        0x2 
 .rodata.bootutil_key_cnt
                0x00007128        0x4 app/libapp.a(keys.c.obj)
                0x00007128                bootutil_key_cnt
 .rodata.bootutil_keys
                0x0000712c        0x8 app/libapp.a(keys.c.obj)
                0x0000712c                bootutil_keys
 .rodata.ecdsa_pub_key_len
                0x00007134        0x4 app/libapp.a(autogen-pubkey.c.obj)
                0x00007134                ecdsa_pub_key_len
 .rodata.default_flash_map
                0x00007138       0x70 zephyr/libzephyr.a(flash_map_partition_manager.c.obj)
                0x00007138                default_flash_map
 .rodata.flash_map_entries
                0x000071a8        0x4 zephyr/libzephyr.a(flash_map_partition_manager.c.obj)
                0x000071a8                flash_map_entries
 .rodata.apis   0x000071ac        0x8 zephyr/libzephyr.a(nrf_cc3xx_platform_abort_zephyr.c.obj)
 .rodata.static_regions
                0x000071b4       0x18 zephyr/arch/arch/arm/core/aarch32/mpu/libarch__arm__core__aarch32__mpu.a(arm_core_mpu.c.obj)
 .rodata.mpu_config
                0x000071cc        0x8 zephyr/soc/arm/common/cortex_m/libsoc__arm__common__cortex_m.a(arm_mpu_regions.c.obj)
                0x000071cc                mpu_config
 .rodata.mpu_regions
                0x000071d4       0x18 zephyr/soc/arm/common/cortex_m/libsoc__arm__common__cortex_m.a(arm_mpu_regions.c.obj)
 .rodata.routing_switches
                0x000071ec       0xe0 zephyr/boards/boards/arm/nrf9160dk_nrf52840/libboards__arm__nrf9160dk_nrf52840.a(board.c.obj)
 .rodata.clock_control_api
                0x000072cc       0x18 zephyr/drivers/clock_control/libdrivers__clock_control.a(clock_control_nrf.c.obj)
 .rodata.config
                0x000072e4       0x18 zephyr/drivers/clock_control/libdrivers__clock_control.a(clock_control_nrf.c.obj)
 .rodata.transitions.12659
                0x000072fc        0xc zephyr/drivers/clock_control/libdrivers__clock_control.a(clock_control_nrf.c.obj)
 .rodata.gpio_nrfx_drv_api_funcs
                0x00007308       0x24 zephyr/drivers/gpio/libdrivers__gpio.a(gpio_nrfx.c.obj)
 .rodata.gpio_nrfx_p0_cfg
                0x0000732c       0x10 zephyr/drivers/gpio/libdrivers__gpio.a(gpio_nrfx.c.obj)
 .rodata.gpio_nrfx_p1_cfg
                0x0000733c       0x10 zephyr/drivers/gpio/libdrivers__gpio.a(gpio_nrfx.c.obj)
 .rodata.flash_nrf_api
                0x0000734c       0x18 zephyr/drivers/flash/libdrivers__flash.a(soc_flash_nrf.c.obj)
 .rodata.flash_nrf_parameters
                0x00007364        0x8 zephyr/drivers/flash/libdrivers__flash.a(soc_flash_nrf.c.obj)
 .rodata.uart_nrfx_uarte_driver_api
                0x0000736c       0x14 zephyr/drivers/serial/libdrivers__serial.a(uart_nrfx_uarte.c.obj)
 .rodata.uarte_0z_config
                0x00007380       0x20 zephyr/drivers/serial/libdrivers__serial.a(uart_nrfx_uarte.c.obj)
 .rodata.boot_img_magic
                0x000073a0       0x10 modules/mcuboot/boot/bootutil/zephyr/libmcuboot_util.a(bootutil_public.c.obj)
                0x000073a0                boot_img_magic
 .rodata.levels.10755
                0x000073b0       0x14 zephyr/kernel/libkernel.a(device.c.obj)
 .rodata.CSWTCH.273
                0x000073c4       0x14 zephyr/kernel/libkernel.a(fatal.c.obj)
 .rodata.CSWTCH.8
                0x000073d8       0x1c C:/Users/dawnm/ncs/v1.9.1/nrfxlib/crypto/nrf_cc310_platform/lib/cortex-m4/hard-float/no-interrupts/libnrf_cc310_platform_0.9.13.a(nrf_cc3xx_platform.c.obj)
 .rodata.CC_PalPowerSaveModeInit.str1.4
                0x000073f4       0x20 C:/Users/dawnm/ncs/v1.9.1/nrfxlib/crypto/nrf_cc310_platform/lib/cortex-m4/hard-float/no-interrupts/libnrf_cc310_platform_0.9.13.a(cc_pal_pm.c.obj)
 .rodata.mutex_free.str1.4
                0x00007414       0x26 C:/Users/dawnm/ncs/v1.9.1/nrfxlib/crypto/nrf_cc310_platform/lib/cortex-m4/hard-float/no-interrupts/libnrf_cc310_platform_0.9.13.a(nrf_cc3xx_platform_mutex.c.obj)
 *fill*         0x0000743a        0x2 
 .rodata.mutex_init.str1.4
                0x0000743c       0x23 C:/Users/dawnm/ncs/v1.9.1/nrfxlib/crypto/nrf_cc310_platform/lib/cortex-m4/hard-float/no-interrupts/libnrf_cc310_platform_0.9.13.a(nrf_cc3xx_platform_mutex.c.obj)
 *fill*         0x0000745f        0x1 
 .rodata.domain_secp256r1
                0x00007460       0xcc C:/Users/dawnm/ncs/v1.9.1/nrfxlib/crypto/nrf_cc310_bl/lib/cortex-m4/hard-float/no-interrupts/libnrf_cc310_bl_0.9.12.a(nrf_cc310_bl_ecdsa_verify_secp256r1.c.obj)
                0x00007460                domain_secp256r1
 .rodata.NRF_CC310_BL_HASH_LARVAL_SHA256
                0x0000752c       0x20 C:/Users/dawnm/ncs/v1.9.1/nrfxlib/crypto/nrf_cc310_bl/lib/cortex-m4/hard-float/no-interrupts/libnrf_cc310_bl_0.9.12.a(nrf_cc310_bl_hash_sha256.c.obj)
                0x0000752c                NRF_CC310_BL_HASH_LARVAL_SHA256
 .rodata.main.str1.1
                0x0000754c      0x110 app/libapp.a(main.c.obj)
 .rodata.str1.1
                0x0000765c        0x8 app/libapp.a(main.c.obj)
 .rodata.flash_device_base.str1.1
                0x00007664       0x26 app/libapp.a(flash_map_extended.c.obj)
 .rodata.ec_pubkey_oid
                0x0000768a        0x8 app/libapp.a(image_ec256.c.obj)
 .rodata.ec_secp256r1_oid
                0x00007692        0x9 app/libapp.a(image_ec256.c.obj)
 .rodata.boot_validate_slot.isra.0.str1.1
                0x0000769b       0x3a app/libapp.a(loader.c.obj)
 .rodata.boot_swap_image.str1.1
                0x000076d5       0x2f app/libapp.a(loader.c.obj)
 .rodata.context_boot_go.str1.1
                0x00007704       0xa4 app/libapp.a(loader.c.obj)
 .rodata.swap_read_status_bytes.str1.1
                0x000077a8       0x23 app/libapp.a(swap_move.c.obj)
 .rodata.boot_slots_compatible.str1.1
                0x000077cb       0x93 app/libapp.a(swap_move.c.obj)
 .rodata.swap_status_source.str1.1
                0x0000785e       0xa4 app/libapp.a(swap_move.c.obj)
 .rodata.swap_run.str1.1
                0x00007902       0x2f app/libapp.a(swap_move.c.obj)
 .rodata.ecdsa_pub_key
                0x00007931       0x5b app/libapp.a(autogen-pubkey.c.obj)
                0x00007931                ecdsa_pub_key
 .rodata.cbvprintf.str1.1
                0x0000798c       0x10 zephyr/libzephyr.a(cbprintf_nano.c.obj)
                                 0x13 (size before relaxing)
 .rodata.sys_reboot.str1.1
                0x0000799c       0x29 zephyr/libzephyr.a(reboot.c.obj)
 .rodata.str1.1
                0x000079c5       0x13 zephyr/libzephyr.a(flash_map_partition_manager.c.obj)
 .rodata.z_arm_fatal_error.str1.1
                0x000079c5       0xaf zephyr/arch/arch/arm/core/aarch32/libarch__arm__core__aarch32.a(fatal.c.obj)
 .rodata.mem_manage_fault.str1.1
                0x00007a74       0xfb zephyr/arch/arch/arm/core/aarch32/cortex_m/libarch__arm__core__aarch32__cortex_m.a(fault.c.obj)
 .rodata.bus_fault.isra.0.str1.1
                0x00007b6f       0xa6 zephyr/arch/arch/arm/core/aarch32/cortex_m/libarch__arm__core__aarch32__cortex_m.a(fault.c.obj)
 .rodata.usage_fault.isra.0.str1.1
                0x00007c15       0xf0 zephyr/arch/arch/arm/core/aarch32/cortex_m/libarch__arm__core__aarch32__cortex_m.a(fault.c.obj)
 .rodata.z_arm_fault.str1.1
                0x00007d05      0x139 zephyr/arch/arch/arm/core/aarch32/cortex_m/libarch__arm__core__aarch32__cortex_m.a(fault.c.obj)
 .rodata.str1.1
                0x00007e3e        0x4 zephyr/arch/arch/arm/core/aarch32/mpu/libarch__arm__core__aarch32__mpu.a(arm_core_mpu.c.obj)
 .rodata.mpu_configure_regions.str1.1
                0x00007e42       0x53 zephyr/arch/arch/arm/core/aarch32/mpu/libarch__arm__core__aarch32__mpu.a(arm_mpu.c.obj)
 .rodata.str1.1
                0x00007e95        0xf zephyr/soc/arm/common/cortex_m/libsoc__arm__common__cortex_m.a(arm_mpu_regions.c.obj)
 .rodata.str1.1
                0x00007ea4        0x4 zephyr/soc/arm/nordic_nrf/nrf52/libsoc__arm__nordic_nrf__nrf52.a(soc.c.obj)
 .rodata.init.str1.1
                0x00007ea8       0x7d zephyr/boards/boards/arm/nrf9160dk_nrf52840/libboards__arm__nrf9160dk_nrf52840.a(board.c.obj)
 .rodata.str1.1
                0x00007f25      0x125 zephyr/boards/boards/arm/nrf9160dk_nrf52840/libboards__arm__nrf9160dk_nrf52840.a(board.c.obj)
 .rodata.str1.1
                0x0000804a       0x20 zephyr/drivers/clock_control/libdrivers__clock_control.a(clock_control_nrf.c.obj)
 .rodata.str1.1
                0x0000806a        0xe zephyr/drivers/gpio/libdrivers__gpio.a(gpio_nrfx.c.obj)
 .rodata.flash_nrf_erase.str1.1
                0x00008078       0x46 zephyr/drivers/flash/libdrivers__flash.a(soc_flash_nrf.c.obj)
 .rodata.flash_nrf_write.str1.1
                0x000080be       0x23 zephyr/drivers/flash/libdrivers__flash.a(soc_flash_nrf.c.obj)
 .rodata.str1.1
                0x000080e1        0xa zephyr/drivers/flash/libdrivers__flash.a(soc_flash_nrf.c.obj)
                                 0x1d (size before relaxing)
 .rodata.uarte_0_init.str1.1
                0x000080eb       0x24 zephyr/drivers/serial/libdrivers__serial.a(uart_nrfx_uarte.c.obj)
 .rodata.str1.1
                0x0000810f       0x17 zephyr/drivers/serial/libdrivers__serial.a(uart_nrfx_uarte.c.obj)
 .rodata.k_sys_fatal_error_handler.str1.1
                0x00008126       0x16 modules/nrf/lib/fatal_error/lib..__nrf__lib__fatal_error.a(fatal_error.c.obj)
 .rodata.str1.1
                0x0000813c        0xc modules/nrf/lib/fatal_error/lib..__nrf__lib__fatal_error.a(fatal_error.c.obj)
 .rodata.boot_swap_type_multi.str1.1
                0x00008148       0x96 modules/mcuboot/boot/bootutil/zephyr/libmcuboot_util.a(bootutil_public.c.obj)
 .rodata.boot_swap_tables
                0x000081de       0x12 modules/mcuboot/boot/bootutil/zephyr/libmcuboot_util.a(bootutil_public.c.obj)
 .rodata.CSWTCH.15
                0x000081f0        0x6 modules/hal_nordic/nrfx/libmodules__hal_nordic__nrfx.a(system_nrf52840.c.obj)
 .rodata.CSWTCH.6
                0x000081f6        0x6 modules/hal_nordic/nrfx/libmodules__hal_nordic__nrfx.a(system_nrf52840.c.obj)
 .rodata.z_fatal_error.str1.1
                0x000081fc       0x86 zephyr/kernel/libkernel.a(fatal.c.obj)
 .rodata.str1.1
                0x00008282       0x4a zephyr/kernel/libkernel.a(fatal.c.obj)
 .rodata.str1.1
                0x000082cc        0x3 zephyr/kernel/libkernel.a(init.c.obj)
 .rodata.boot_banner.str1.1
                0x000082cf       0x36 zephyr/kernel/libkernel.a(banner.c.obj)
                                 0x37 (size before relaxing)
 *(SORT_BY_ALIGNMENT(.gnu.linkonce.r.*))
                0x00008308                . = ALIGN (0x4)
 *fill*         0x00008305        0x3 
                0x00008308                __rodata_region_end = .
                0x00008320                . = ALIGN (_region_min_align)
                0x00010000                . = ALIGN ((0x1 << ((__rodata_region_end - __rom_region_start) <= 0x4)?0x2:((__rodata_region_end - __rom_region_start) <= 0x8)?0x3:((__rodata_region_end - __rom_region_start) <= 0x10)?0x4:((__rodata_region_end - __rom_region_start) <= 0x20)?0x5:((__rodata_region_end - __rom_region_start) <= 0x40)?0x6:((__rodata_region_end - __rom_region_start) <= 0x80)?0x7:((__rodata_region_end - __rom_region_start) <= 0x100)?0x8:((__rodata_region_end - __rom_region_start) <= 0x200)?0x9:((__rodata_region_end - __rom_region_start) <= 0x400)?0xa:((__rodata_region_end - __rom_region_start) <= 0x800)?0xb:((__rodata_region_end - __rom_region_start) <= 0x1000)?0xc:((__rodata_region_end - __rom_region_start) <= 0x2000)?0xd:((__rodata_region_end - __rom_region_start) <= 0x4000)?0xe:((__rodata_region_end - __rom_region_start) <= 0x8000)?0xf:((__rodata_region_end - __rom_region_start) <= 0x10000)?0x10:((__rodata_region_end - __rom_region_start) <= 0x20000)?0x11:((__rodata_region_end - __rom_region_start) <= 0x40000)?0x12:((__rodata_region_end - __rom_region_start) <= 0x80000)?0x13:((__rodata_region_end - __rom_region_start) <= 0x100000)?0x14:((__rodata_region_end - __rom_region_start) <= 0x200000)?0x15:((__rodata_region_end - __rom_region_start) <= 0x400000)?0x16:((__rodata_region_end - __rom_region_start) <= 0x800000)?0x17:((__rodata_region_end - __rom_region_start) <= 0x1000000)?0x18:((__rodata_region_end - __rom_region_start) <= 0x2000000)?0x19:((__rodata_region_end - __rom_region_start) <= 0x4000000)?0x1a:((__rodata_region_end - __rom_region_start) <= 0x8000000)?0x1b:((__rodata_region_end - __rom_region_start) <= 0x10000000)?0x1c:((__rodata_region_end - __rom_region_start) <= 0x20000000)?0x1d:((__rodata_region_end - __rom_region_start) <= 0x40000000)?0x1e:((__rodata_region_end - __rom_region_start) <= 0x80000000)?0x1f:0x20))
                0x00010000                __rom_region_end = .
                0x20000000                . = 0x20000000
                0x20000000                . = ALIGN (_region_min_align)
                0x20000000                _image_ram_start = .

.ramfunc        0x20000000        0x0 load address 0x00008308
                0x20000000                . = ALIGN (_region_min_align)
                0x20000000                . = ALIGN ((0x1 << (__ramfunc_size <= 0x4)?0x2:(__ramfunc_size <= 0x8)?0x3:(__ramfunc_size <= 0x10)?0x4:(__ramfunc_size <= 0x20)?0x5:(__ramfunc_size <= 0x40)?0x6:(__ramfunc_size <= 0x80)?0x7:(__ramfunc_size <= 0x100)?0x8:(__ramfunc_size <= 0x200)?0x9:(__ramfunc_size <= 0x400)?0xa:(__ramfunc_size <= 0x800)?0xb:(__ramfunc_size <= 0x1000)?0xc:(__ramfunc_size <= 0x2000)?0xd:(__ramfunc_size <= 0x4000)?0xe:(__ramfunc_size <= 0x8000)?0xf:(__ramfunc_size <= 0x10000)?0x10:(__ramfunc_size <= 0x20000)?0x11:(__ramfunc_size <= 0x40000)?0x12:(__ramfunc_size <= 0x80000)?0x13:(__ramfunc_size <= 0x100000)?0x14:(__ramfunc_size <= 0x200000)?0x15:(__ramfunc_size <= 0x400000)?0x16:(__ramfunc_size <= 0x800000)?0x17:(__ramfunc_size <= 0x1000000)?0x18:(__ramfunc_size <= 0x2000000)?0x19:(__ramfunc_size <= 0x4000000)?0x1a:(__ramfunc_size <= 0x8000000)?0x1b:(__ramfunc_size <= 0x10000000)?0x1c:(__ramfunc_size <= 0x20000000)?0x1d:(__ramfunc_size <= 0x40000000)?0x1e:(__ramfunc_size <= 0x80000000)?0x1f:0x20))
                0x20000000                __ramfunc_start = .
 *(SORT_BY_ALIGNMENT(.ramfunc))
 *(SORT_BY_ALIGNMENT(.ramfunc.*))
                0x20000000                . = ALIGN (_region_min_align)
                0x20000000                . = ALIGN ((0x1 << (__ramfunc_size <= 0x4)?0x2:(__ramfunc_size <= 0x8)?0x3:(__ramfunc_size <= 0x10)?0x4:(__ramfunc_size <= 0x20)?0x5:(__ramfunc_size <= 0x40)?0x6:(__ramfunc_size <= 0x80)?0x7:(__ramfunc_size <= 0x100)?0x8:(__ramfunc_size <= 0x200)?0x9:(__ramfunc_size <= 0x400)?0xa:(__ramfunc_size <= 0x800)?0xb:(__ramfunc_size <= 0x1000)?0xc:(__ramfunc_size <= 0x2000)?0xd:(__ramfunc_size <= 0x4000)?0xe:(__ramfunc_size <= 0x8000)?0xf:(__ramfunc_size <= 0x10000)?0x10:(__ramfunc_size <= 0x20000)?0x11:(__ramfunc_size <= 0x40000)?0x12:(__ramfunc_size <= 0x80000)?0x13:(__ramfunc_size <= 0x100000)?0x14:(__ramfunc_size <= 0x200000)?0x15:(__ramfunc_size <= 0x400000)?0x16:(__ramfunc_size <= 0x800000)?0x17:(__ramfunc_size <= 0x1000000)?0x18:(__ramfunc_size <= 0x2000000)?0x19:(__ramfunc_size <= 0x4000000)?0x1a:(__ramfunc_size <= 0x8000000)?0x1b:(__ramfunc_size <= 0x10000000)?0x1c:(__ramfunc_size <= 0x20000000)?0x1d:(__ramfunc_size <= 0x40000000)?0x1e:(__ramfunc_size <= 0x80000000)?0x1f:0x20))
                0x20000000                __ramfunc_end = .
                0x00000000                __ramfunc_size = (__ramfunc_end - __ramfunc_start)
                0x00008308                __ramfunc_load_start = LOADADDR (.ramfunc)

datas           0x20000000      0x114 load address 0x00008308
                0x20000000                __data_region_start = .
                0x20000000                __data_start = .
 *(SORT_BY_ALIGNMENT(.data))
 *(SORT_BY_ALIGNMENT(.data.*))
 .data.FIH_FAILURE
                0x20000000        0x4 app/libapp.a(fault_injection_hardening.c.obj)
                0x20000000                FIH_FAILURE
 .data.g_last_idx
                0x20000004        0x4 app/libapp.a(swap_move.c.obj)
 .data._char_out
                0x20000008        0x4 zephyr/libzephyr.a(printk.c.obj)
                0x20000008                _char_out
 .data.flash_map
                0x2000000c        0x4 zephyr/libzephyr.a(flash_map_partition_manager.c.obj)
                0x2000000c                flash_map
 .data._stdout_hook
                0x20000010        0x4 zephyr/lib/libc/minimal/liblib__libc__minimal.a(stdout_console.c.obj)
 .data.uarte_0_data
                0x20000014       0x14 zephyr/drivers/serial/libdrivers__serial.a(uart_nrfx_uarte.c.obj)
 .data.SystemCoreClock
                0x20000028        0x4 modules/hal_nordic/nrfx/libmodules__hal_nordic__nrfx.a(system_nrf52840.c.obj)
                0x20000028                SystemCoreClock
 .data.m_cb     0x2000002c       0x7c modules/hal_nordic/nrfx/libmodules__hal_nordic__nrfx.a(nrfx_gpiote.c.obj)
 .data.m_channels_allocated
                0x200000a8        0x4 modules/hal_nordic/nrfx/libmodules__hal_nordic__nrfx.a(nrfx_ppi.c.obj)
 .data.timeout_list
                0x200000ac        0x8 zephyr/kernel/libkernel.a(timeout.c.obj)
 .data.platform_abort_apis
                0x200000b4        0x8 C:/Users/dawnm/ncs/v1.9.1/nrfxlib/crypto/nrf_cc310_platform/lib/cortex-m4/hard-float/no-interrupts/libnrf_cc310_platform_0.9.13.a(nrf_cc3xx_platform_abort.c.obj)
                0x200000b4                platform_abort_apis
 .data.CCAsymCryptoMutex
                0x200000bc        0x4 C:/Users/dawnm/ncs/v1.9.1/nrfxlib/crypto/nrf_cc310_platform/lib/cortex-m4/hard-float/no-interrupts/libnrf_cc310_platform_0.9.13.a(cc_pal.c.obj)
                0x200000bc                CCAsymCryptoMutex
 .data.CCPowerMutex
                0x200000c0        0x4 C:/Users/dawnm/ncs/v1.9.1/nrfxlib/crypto/nrf_cc310_platform/lib/cortex-m4/hard-float/no-interrupts/libnrf_cc310_platform_0.9.13.a(cc_pal.c.obj)
                0x200000c0                CCPowerMutex
 .data.CCRndCryptoMutex
                0x200000c4        0x4 C:/Users/dawnm/ncs/v1.9.1/nrfxlib/crypto/nrf_cc310_platform/lib/cortex-m4/hard-float/no-interrupts/libnrf_cc310_platform_0.9.13.a(cc_pal.c.obj)
                0x200000c4                CCRndCryptoMutex
 .data.CCSymCryptoMutex
                0x200000c8        0x4 C:/Users/dawnm/ncs/v1.9.1/nrfxlib/crypto/nrf_cc310_platform/lib/cortex-m4/hard-float/no-interrupts/libnrf_cc310_platform_0.9.13.a(cc_pal.c.obj)
                0x200000c8                CCSymCryptoMutex
 .data.pCCRndCryptoMutex
                0x200000cc        0x4 C:/Users/dawnm/ncs/v1.9.1/nrfxlib/crypto/nrf_cc310_platform/lib/cortex-m4/hard-float/no-interrupts/libnrf_cc310_platform_0.9.13.a(cc_pal.c.obj)
                0x200000cc                pCCRndCryptoMutex
 .data.asym_mutex
                0x200000d0        0x8 C:/Users/dawnm/ncs/v1.9.1/nrfxlib/crypto/nrf_cc310_platform/lib/cortex-m4/hard-float/no-interrupts/libnrf_cc310_platform_0.9.13.a(nrf_cc3xx_platform_mutex.c.obj)
 .data.platform_mutex_apis
                0x200000d8       0x10 C:/Users/dawnm/ncs/v1.9.1/nrfxlib/crypto/nrf_cc310_platform/lib/cortex-m4/hard-float/no-interrupts/libnrf_cc310_platform_0.9.13.a(nrf_cc3xx_platform_mutex.c.obj)
                0x200000d8                platform_mutex_apis
 .data.platform_mutexes
                0x200000e8       0x14 C:/Users/dawnm/ncs/v1.9.1/nrfxlib/crypto/nrf_cc310_platform/lib/cortex-m4/hard-float/no-interrupts/libnrf_cc310_platform_0.9.13.a(nrf_cc3xx_platform_mutex.c.obj)
                0x200000e8                platform_mutexes
 .data.power_mutex
                0x200000fc        0x8 C:/Users/dawnm/ncs/v1.9.1/nrfxlib/crypto/nrf_cc310_platform/lib/cortex-m4/hard-float/no-interrupts/libnrf_cc310_platform_0.9.13.a(nrf_cc3xx_platform_mutex.c.obj)
 .data.rng_mutex
                0x20000104        0x8 C:/Users/dawnm/ncs/v1.9.1/nrfxlib/crypto/nrf_cc310_platform/lib/cortex-m4/hard-float/no-interrupts/libnrf_cc310_platform_0.9.13.a(nrf_cc3xx_platform_mutex.c.obj)
 .data.sym_mutex
                0x2000010c        0x8 C:/Users/dawnm/ncs/v1.9.1/nrfxlib/crypto/nrf_cc310_platform/lib/cortex-m4/hard-float/no-interrupts/libnrf_cc310_platform_0.9.13.a(nrf_cc3xx_platform_mutex.c.obj)
 *(SORT_BY_ALIGNMENT(.kernel.*))
                0x20000114                __data_end = .
                0x00000114                __data_size = (__data_end - __data_start)
                0x00008308                __data_load_start = LOADADDR (datas)
                0x00008308                __data_region_load_start = LOADADDR (datas)

device_states   0x20000114       0x14 load address 0x0000841c
                0x20000114                __device_states_start = .
 *(SORT_BY_ALIGNMENT(.z_devstate))
 .z_devstate    0x20000114        0x4 zephyr/drivers/clock_control/libdrivers__clock_control.a(clock_control_nrf.c.obj)
 .z_devstate    0x20000118        0x8 zephyr/drivers/gpio/libdrivers__gpio.a(gpio_nrfx.c.obj)
 .z_devstate    0x20000120        0x4 zephyr/drivers/flash/libdrivers__flash.a(soc_flash_nrf.c.obj)
 .z_devstate    0x20000124        0x4 zephyr/drivers/serial/libdrivers__serial.a(uart_nrfx_uarte.c.obj)
 *(SORT_BY_ALIGNMENT(.z_devstate.*))
                0x20000128                __device_states_end = .

initshell       0x20000128        0x0 load address 0x00008430
                0x20000128                __shell_module_start = .
 *(SORT_BY_ALIGNMENT(.shell_module_*))
                0x20000128                __shell_module_end = .
                0x20000128                __shell_cmd_start = .
 *(SORT_BY_ALIGNMENT(.shell_cmd_*))
                0x20000128                __shell_cmd_end = .

log_dynamic_sections
                0x20000128        0x0 load address 0x00008430
                0x20000128                __log_dynamic_start = .
 *(SORT_BY_NAME(SORT_BY_ALIGNMENT(.log_dynamic_*)))
                0x20000128                __log_dynamic_end = .

_static_thread_data_area
                0x20000128        0x0 load address 0x00008430
                0x20000128                __static_thread_data_list_start = .
 *(SORT_BY_NAME(SORT_BY_ALIGNMENT(.__static_thread_data.static.*)))
                0x20000128                __static_thread_data_list_end = .

k_timer_area    0x20000128        0x0 load address 0x00008430
                0x20000128                _k_timer_list_start = .
 *(SORT_BY_NAME(SORT_BY_ALIGNMENT(._k_timer.static.*)))
                0x20000128                _k_timer_list_end = .

k_mem_slab_area