Archive member included to satisfy reference by file (symbol)

app/libapp.a(main.c.obj)      (--whole-archive)
app/libapp.a(internal_uart.c.obj)
                              (--whole-archive)
app/libapp.a(com_protocol.c.obj)
                              (--whole-archive)
app/libapp.a(message_parsing.c.obj)
                              (--whole-archive)
app/libapp.a(inventory.c.obj)
                              (--whole-archive)
app/libapp.a(coap_client.c.obj)
                              (--whole-archive)
app/libapp.a(coap_fsm.c.obj)  (--whole-archive)
app/libapp.a(coap_message_parsing.c.obj)
                              (--whole-archive)
app/libapp.a(gpio_interface.c.obj)
                              (--whole-archive)
app/libapp.a(timestamp.c.obj)
                              (--whole-archive)
zephyr/libzephyr.a(cbprintf.c.obj)
                              (--whole-archive)
zephyr/libzephyr.a(cbprintf_packaged.c.obj)
                              (--whole-archive)
zephyr/libzephyr.a(crc32c_sw.c.obj)
                              (--whole-archive)
zephyr/libzephyr.a(crc32_sw.c.obj)
                              (--whole-archive)
zephyr/libzephyr.a(crc16_sw.c.obj)
                              (--whole-archive)
zephyr/libzephyr.a(crc8_sw.c.obj)
                              (--whole-archive)
zephyr/libzephyr.a(crc7_sw.c.obj)
                              (--whole-archive)
zephyr/libzephyr.a(dec.c.obj)
                              (--whole-archive)
zephyr/libzephyr.a(fdtable.c.obj)
                              (--whole-archive)
zephyr/libzephyr.a(hex.c.obj)
                              (--whole-archive)
zephyr/libzephyr.a(notify.c.obj)
                              (--whole-archive)
zephyr/libzephyr.a(printk.c.obj)
                              (--whole-archive)
zephyr/libzephyr.a(onoff.c.obj)
                              (--whole-archive)
zephyr/libzephyr.a(rb.c.obj)  (--whole-archive)
zephyr/libzephyr.a(sem.c.obj)
                              (--whole-archive)
zephyr/libzephyr.a(thread_entry.c.obj)
                              (--whole-archive)
zephyr/libzephyr.a(timeutil.c.obj)
                              (--whole-archive)
zephyr/libzephyr.a(heap.c.obj)
                              (--whole-archive)
zephyr/libzephyr.a(heap-validate.c.obj)
                              (--whole-archive)
zephyr/libzephyr.a(bitarray.c.obj)
                              (--whole-archive)
zephyr/libzephyr.a(multi_heap.c.obj)
                              (--whole-archive)
zephyr/libzephyr.a(cbprintf_complete.c.obj)
                              (--whole-archive)
zephyr/libzephyr.a(mpsc_pbuf.c.obj)
                              (--whole-archive)
zephyr/libzephyr.a(reboot.c.obj)
                              (--whole-archive)
zephyr/libzephyr.a(configs.c.obj)
                              (--whole-archive)
zephyr/libzephyr.a(soc.c.obj)
                              (--whole-archive)
zephyr/libzephyr.a(power.c.obj)
                              (--whole-archive)
zephyr/libzephyr.a(soc_nrf_common.S.obj)
                              (--whole-archive)
zephyr/libzephyr.a(validate_base_addresses.c.obj)
                              (--whole-archive)
zephyr/libzephyr.a(validate_enabled_instances.c.obj)
                              (--whole-archive)
zephyr/libzephyr.a(log_list.c.obj)
                              (--whole-archive)
zephyr/libzephyr.a(log_core.c.obj)
                              (--whole-archive)
zephyr/libzephyr.a(log_mgmt.c.obj)
                              (--whole-archive)
zephyr/libzephyr.a(log_msg.c.obj)
                              (--whole-archive)
zephyr/libzephyr.a(log_output.c.obj)
                              (--whole-archive)
zephyr/libzephyr.a(log_backend_uart.c.obj)
                              (--whole-archive)
zephyr/libzephyr.a(addr_utils.c.obj)
                              (--whole-archive)
zephyr/libzephyr.a(coap.c.obj)
                              (--whole-archive)
zephyr/libzephyr.a(coap_link_format.c.obj)
                              (--whole-archive)
zephyr/libzephyr.a(sntp.c.obj)
                              (--whole-archive)
zephyr/libzephyr.a(sntp_simple.c.obj)
                              (--whole-archive)
zephyr/libzephyr.a(getaddrinfo.c.obj)
                              (--whole-archive)
zephyr/libzephyr.a(sockets.c.obj)
                              (--whole-archive)
zephyr/libzephyr.a(sockets_select.c.obj)
                              (--whole-archive)
zephyr/libzephyr.a(socket_offload.c.obj)
                              (--whole-archive)
zephyr/libzephyr.a(pm.c.obj)  (--whole-archive)
zephyr/libzephyr.a(constraint.c.obj)
                              (--whole-archive)
zephyr/libzephyr.a(residency.c.obj)
                              (--whole-archive)
zephyr/libzephyr.a(tracing_none.c.obj)
                              (--whole-archive)
zephyr/libzephyr.a(secure_services_ns.c.obj)
                              (--whole-archive)
[...]
Memory Configuration

Name             Origin             Length             Attributes
FLASH            0x00010000         0x000f0000         xr
SRAM             0x2000c4e8         0x00033b18         xw
IDT_LIST         0xfffff7ff         0x00000800         xw
*default*        0x00000000         0xffffffff

Linker script and memory map

LOAD zephyr/CMakeFiles/zephyr_pre0.dir/misc/empty_file.c.obj
                0x00000020                _region_min_align = 0x20

.rel.plt        0x00010000        0x0
 *(SORT_BY_ALIGNMENT(.rel.plt))
                [!provide]                PROVIDE (__rel_iplt_start = .)
 *(SORT_BY_ALIGNMENT(.rel.iplt))
 .rel.iplt      0x00010000        0x0 app/libapp.a(main.c.obj)
                [!provide]                PROVIDE (__rel_iplt_end = .)

.rela.plt       0x00000000        0x0
 *(SORT_BY_ALIGNMENT(.rela.plt))
                [!provide]                PROVIDE (__rela_iplt_start = .)
 *(SORT_BY_ALIGNMENT(.rela.iplt))
                [!provide]                PROVIDE (__rela_iplt_end = .)

.rel.dyn
 *(SORT_BY_ALIGNMENT(.rel.*))

.rela.dyn
 *(SORT_BY_ALIGNMENT(.rela.*))

/DISCARD/
 *(SORT_BY_ALIGNMENT(.plt))
 *(SORT_BY_ALIGNMENT(.iplt))
 *(SORT_BY_ALIGNMENT(.got.plt))
 *(SORT_BY_ALIGNMENT(.igot.plt))
 *(SORT_BY_ALIGNMENT(.got))
 *(SORT_BY_ALIGNMENT(.igot))
 *(SORT_BY_ALIGNMENT(.note.GNU-stack))
                0x00010000                __rom_region_start = 0x10000

rom_start       0x00010000      0x23c
                0x00000000                . = 0x0
                0x00000000                . = ALIGN (0x4)
                0x00000000                . = ALIGN (0x80)
                0x00000000                . = ALIGN (0x200)
                0x00010000                _vector_start = .
 *(SORT_BY_ALIGNMENT(.exc_vector_table))
 *(SORT_BY_ALIGNMENT(.exc_vector_table.*))
 .exc_vector_table._vector_table_section
                0x00010000       0x40 zephyr/arch/arch/arm/core/aarch32/cortex_m/libarch__arm__core__aarch32__cortex_m.a(vector_table.S.obj)
                0x00010000                _vector_table
 *(SORT_BY_ALIGNMENT(.gnu.linkonce.irq_vector_table*))
 .gnu.linkonce.irq_vector_table
                0x00010040      0x104 zephyr/arch/common/libisr_tables.a(isr_tables.c.obj)
                0x00010040                _irq_vector_table
 *(SORT_BY_ALIGNMENT(.vectors))
                0x00010144                _vector_end = .
                0x00000200                . = 0x200
 *fill*         0x00010144       0xbc 
                0x00010200                _fw_info_start = .
 *(SORT_BY_NAME(SORT_BY_ALIGNMENT(.firmware_info*)))
 .firmware_info
                0x00010200       0x3c modules/nrf/subsys/fw_info/lib..__nrf__subsys__fw_info.a(fw_info.c.obj)
                0x00010200                m_firmware_info
                0x0000003c                _fw_info_size = ABSOLUTE ((. - _fw_info_start))

text            0x00010240    0x12a44
                0x00010240                __text_region_start = .
 *(SORT_BY_ALIGNMENT(.text))
 .text          0x00010240      0x168 c:/users/dawnm/ncs/v1.9.1/toolchain/opt/bin/../lib/gcc/arm-none-eabi/9.2.1/thumb/v8-m.main/nofp\libgcc.a(_arm_mulsf3.o)
                0x00010240                __aeabi_fmul
                0x00010240                __mulsf3
 .text          0x000103a8      0x378 c:/users/dawnm/ncs/v1.9.1/toolchain/opt/bin/../lib/gcc/arm-none-eabi/9.2.1/thumb/v8-m.main/nofp\libgcc.a(_arm_addsubdf3.o)
                0x000103a8                __aeabi_drsub
                0x000103b0                __aeabi_dsub
                0x000103b0                __subdf3
                0x000103b4                __aeabi_dadd
                0x000103b4                __adddf3
                0x0001062c                __floatunsidf
                0x0001062c                __aeabi_ui2d
                0x0001064c                __floatsidf
                0x0001064c                __aeabi_i2d
                0x00010670                __aeabi_f2d
                0x00010670                __extendsfdf2
                0x000106b4                __floatundidf
                0x000106b4                __aeabi_ul2d
                0x000106c4                __floatdidf
                0x000106c4                __aeabi_l2d
 .text          0x00010720      0x424 c:/users/dawnm/ncs/v1.9.1/toolchain/opt/bin/../lib/gcc/arm-none-eabi/9.2.1/thumb/v8-m.main/nofp\libgcc.a(_arm_muldivdf3.o)
                0x00010720                __aeabi_dmul
                0x00010720                __muldf3
                0x00010974                __divdf3
                0x00010974                __aeabi_ddiv
 .text          0x00010b44       0xa0 c:/users/dawnm/ncs/v1.9.1/toolchain/opt/bin/../lib/gcc/arm-none-eabi/9.2.1/thumb/v8-m.main/nofp\libgcc.a(_arm_truncdfsf2.o)
                0x00010b44                __truncdfsf2
                0x00010b44                __aeabi_d2f
 .text          0x00010be4      0x21c c:/users/dawnm/ncs/v1.9.1/toolchain/opt/bin/../lib/gcc/arm-none-eabi/9.2.1/thumb/v8-m.main/nofp\libgcc.a(_arm_addsubsf3.o)
                0x00010be4                __aeabi_frsub
                0x00010bec                __subsf3
                0x00010bec                __aeabi_fsub
                0x00010bf0                __aeabi_fadd
                0x00010bf0                __addsf3
                0x00010d50                __aeabi_ui2f
                0x00010d50                __floatunsisf
                0x00010d58                __aeabi_i2f
                0x00010d58                __floatsisf
                0x00010d74                __aeabi_ul2f
                0x00010d74                __floatundisf
                0x00010d84                __aeabi_l2f
                0x00010d84                __floatdisf
 .text          0x00010e00       0xa0 c:/users/dawnm/ncs/v1.9.1/toolchain/opt/bin/../lib/gcc/arm-none-eabi/9.2.1/thumb/v8-m.main/nofp\libgcc.a(_aeabi_ldivmod.o)
                0x00010e00                __aeabi_ldivmod
 .text          0x00010ea0       0x30 c:/users/dawnm/ncs/v1.9.1/toolchain/opt/bin/../lib/gcc/arm-none-eabi/9.2.1/thumb/v8-m.main/nofp\libgcc.a(_aeabi_uldivmod.o)
                0x00010ea0                __aeabi_uldivmod
 .text          0x00010ed0      0x2c8 c:/users/dawnm/ncs/v1.9.1/toolchain/opt/bin/../lib/gcc/arm-none-eabi/9.2.1/thumb/v8-m.main/nofp\libgcc.a(_udivmoddi4.o)
                0x00010ed0                __udivmoddi4
 .text          0x00011198        0x4 c:/users/dawnm/ncs/v1.9.1/toolchain/opt/bin/../lib/gcc/arm-none-eabi/9.2.1/thumb/v8-m.main/nofp\libgcc.a(_dvmd_tls.o)
                0x00011198                __aeabi_idiv0
                0x00011198                __aeabi_ldiv0
 .text          0x0001119c       0x14 c:/Users/dawnm/ncs/v1.9.1/toolchain/opt/arm-none-eabi/lib/thumb/v8-m.main/nofp\libc_nano.a(lib_a-strcmp.o)
                0x0001119c                strcmp
 .text          0x000111b0       0x10 c:/Users/dawnm/ncs/v1.9.1/toolchain/opt/arm-none-eabi/lib/thumb/v8-m.main/nofp\libc_nano.a(lib_a-strlen.o)
                0x000111b0                strlen
 *(SORT_BY_ALIGNMENT(.text.*))
 .text.sntp_query
                0x000111c0      0x148 zephyr/libzephyr.a(sntp.c.obj)
                0x000111c0                sntp_query
 .text.z_impl_clock_gettime
                0x00011308       0xbc zephyr/lib/posix/liblib__posix.a(clock.c.obj)
                0x00011308                z_impl_clock_gettime
 *fill*         0x000113c4        0x4 
 .text.clock_settime
                0x000113c8       0x98 zephyr/lib/posix/liblib__posix.a(clock.c.obj)
                0x000113c8                clock_settime
 .text.parse_edrx
                0x00011460      0x214 modules/nrf/lib/lte_link_control/lib..__nrf__lib__lte_link_control.a(lte_lc_helpers.c.obj)
                0x00011460                parse_edrx
 .text.uart_cb  0x00011674       0x98 app/libapp.a(internal_uart.c.obj)
 .text.send_operation_result_loop
                0x0001170c       0x54 app/libapp.a(internal_uart.c.obj)
                0x0001170c                send_operation_result_loop
 .text.internal_uart_init
                0x00011760       0x44 app/libapp.a(internal_uart.c.obj)
                0x00011760                internal_uart_init
 .text.internal_uart_send_data
                0x000117a4       0x3c app/libapp.a(internal_uart.c.obj)
                0x000117a4                internal_uart_send_data
 .text.process_rx_message
                0x000117e0       0xcc app/libapp.a(message_parsing.c.obj)
                0x000117e0                process_rx_message
 .text.is_message_type_valid
                0x000118ac       0x3c app/libapp.a(message_parsing.c.obj)
                0x000118ac                is_message_type_valid
 .text.store_measurement_message
                0x000118e8       0x44 app/libapp.a(inventory.c.obj)
                0x000118e8                store_measurement_message
 .text.store_row_mean_data_message
                0x0001192c       0x2c app/libapp.a(inventory.c.obj)
                0x0001192c                store_row_mean_data_message
 .text.get_row_mean_data_inventory
                0x00011958        0x8 app/libapp.a(inventory.c.obj)
                0x00011958                get_row_mean_data_inventory
 .text.get_measurements_data_inventory
                0x00011960        0x8 app/libapp.a(inventory.c.obj)
                0x00011960                get_measurements_data_inventory
 .text.reset_measurements_inventory
                0x00011968       0x20 app/libapp.a(inventory.c.obj)
                0x00011968                reset_measurements_inventory
 .text.reset_row_mean_data_inventory
                0x00011988       0x10 app/libapp.a(inventory.c.obj)
                0x00011988                reset_row_mean_data_inventory
 .text.coap_obs_renew_timer_handler
                0x00011998        0xc app/libapp.a(coap_client.c.obj)
 .text.wait     0x000119a4       0x50 app/libapp.a(coap_client.c.obj)
 .text.coap_get_socket
                0x000119f4        0xc app/libapp.a(coap_client.c.obj)
                0x000119f4                coap_get_socket
 .text.coap_client_init
                0x00011a00       0xb0 app/libapp.a(coap_client.c.obj)
                0x00011a00                coap_client_init
 .text.coap_put
                0x00011ab0       0xa0 app/libapp.a(coap_client.c.obj)
                0x00011ab0                coap_put
 .text.coap_observe
                0x00011b50       0x7c app/libapp.a(coap_client.c.obj)
                0x00011b50                coap_observe
 .text.renew_coap_observe
                0x00011bcc       0x28 app/libapp.a(coap_client.c.obj)
 .text.get_obs_token
                0x00011bf4        0x8 app/libapp.a(coap_client.c.obj)
                0x00011bf4                get_obs_token
 .text.initialize_observe_renew
                0x00011bfc       0x3c app/libapp.a(coap_client.c.obj)
                0x00011bfc                initialize_observe_renew
 .text.coap_fsm
                0x00011c38       0x20 app/libapp.a(coap_fsm.c.obj)
                0x00011c38                coap_fsm
 .text.coap_nbiot_reconnect_run
                0x00011c58       0x1c app/libapp.a(coap_fsm.c.obj)
 .text.coap_client_send_dev_info_run
                0x00011c74       0x10 app/libapp.a(coap_fsm.c.obj)
 .text.coap_client_send_meas_run
                0x00011c84       0xc0 app/libapp.a(coap_fsm.c.obj)
 .text.coap_client_init_run
                0x00011d44       0x50 app/libapp.a(coap_fsm.c.obj)
 .text.coap_client_wait_run
                0x00011d94       0x3c app/libapp.a(coap_fsm.c.obj)
 .text.lte_handler
                0x00011dd0       0x20 app/libapp.a(coap_fsm.c.obj)
 .text.gpio_row_control_init
                0x00011df0       0x84 app/libapp.a(gpio_interface.c.obj)
                0x00011df0                gpio_row_control_init
 .text.gpio_row_control_msg_parse
                0x00011e74       0xa4 app/libapp.a(gpio_interface.c.obj)
                0x00011e74                gpio_row_control_msg_parse
 .text.update_timestamp
                0x00011f18       0x28 app/libapp.a(timestamp.c.obj)
                0x00011f18                update_timestamp
 .text.get_timestamp
                0x00011f40        0xc app/libapp.a(timestamp.c.obj)
                0x00011f40                get_timestamp
 .text._check_fd
                0x00011f4c       0x2c zephyr/libzephyr.a(fdtable.c.obj)
 .text.z_get_fd_obj
                0x00011f78       0x30 zephyr/libzephyr.a(fdtable.c.obj)
                0x00011f78                z_get_fd_obj
 .text.z_get_fd_obj_and_vtable
                0x00011fa8       0x34 zephyr/libzephyr.a(fdtable.c.obj)
                0x00011fa8                z_get_fd_obj_and_vtable
 .text.z_reserve_fd
                0x00011fdc       0x6c zephyr/libzephyr.a(fdtable.c.obj)
                0x00011fdc                z_reserve_fd
 .text.z_finalize_fd
                0x00012048       0x30 zephyr/libzephyr.a(fdtable.c.obj)
                0x00012048                z_finalize_fd
 .text.z_free_fd
                0x00012078       0x3c zephyr/libzephyr.a(fdtable.c.obj)
                0x00012078                z_free_fd
 .text.char_out
                0x000120b4       0x10 zephyr/libzephyr.a(printk.c.obj)
 .text.__printk_hook_install
                0x000120c4        0xc zephyr/libzephyr.a(printk.c.obj)
                0x000120c4                __printk_hook_install
 .text.vprintk  0x000120d0       0x1c zephyr/libzephyr.a(printk.c.obj)
                0x000120d0                vprintk
 .text.vsnprintk
                0x000120ec       0x28 zephyr/libzephyr.a(printk.c.obj)
                0x000120ec                vsnprintk
 .text.process_event
                0x00012114      0x1cc zephyr/libzephyr.a(onoff.c.obj)
 .text.timeutil_timegm64
                0x000122e0      0x104 zephyr/libzephyr.a(timeutil.c.obj)
                0x000122e0                timeutil_timegm64
 .text.extract_decimal
                0x000123e4       0x2c zephyr/libzephyr.a(cbprintf_complete.c.obj)
 .text.encode_uint
                0x00012410       0xa0 zephyr/libzephyr.a(cbprintf_complete.c.obj)
 .text.cbvprintf
                0x000124b0      0x730 zephyr/libzephyr.a(cbprintf_complete.c.obj)
                0x000124b0                cbvprintf
 .text.nordicsemi_nrf91_init
                0x00012be0       0x28 zephyr/libzephyr.a(soc.c.obj)
 .text.arch_busy_wait
                0x00012c08       0x14 zephyr/libzephyr.a(soc.c.obj)
                0x00012c08                arch_busy_wait
 .text.enable_logger
                0x00012c1c       0x5c zephyr/libzephyr.a(log_core.c.obj)
 .text.log_process_thread_timer_expiry_fn
                0x00012c78        0xc zephyr/libzephyr.a(log_core.c.obj)
 .text.z_log_get_s_mask
                0x00012c84       0x48 zephyr/libzephyr.a(log_core.c.obj)
                0x00012c84                z_log_get_s_mask
 .text.log_core_init
                0x00012ccc       0x50 zephyr/libzephyr.a(log_core.c.obj)
                0x00012ccc                log_core_init
 .text.log_init
                0x00012d1c       0x50 zephyr/libzephyr.a(log_core.c.obj)
                0x00012d1c                log_init
 .text.get_msg  0x00012d6c       0x28 zephyr/libzephyr.a(log_core.c.obj)
                0x00012d6c                get_msg
 .text.z_log_notify_backend_enabled
                0x00012d94       0x1c zephyr/libzephyr.a(log_core.c.obj)
                0x00012d94                z_log_notify_backend_enabled
 .text.z_log_dropped
                0x00012db0       0x2c zephyr/libzephyr.a(log_core.c.obj)
                0x00012db0                z_log_dropped
 .text.z_log_dropped_read_and_clear
                0x00012ddc       0x18 zephyr/libzephyr.a(log_core.c.obj)
                0x00012ddc                z_log_dropped_read_and_clear
 .text.dropped_notify
                0x00012df4       0x38 zephyr/libzephyr.a(log_core.c.obj)
                0x00012df4                dropped_notify
 .text.z_log_strdup
                0x00012e2c       0x68 zephyr/libzephyr.a(log_core.c.obj)
                0x00012e2c                z_log_strdup
 .text.log_is_strdup
                0x00012e94       0x1c zephyr/libzephyr.a(log_core.c.obj)
                0x00012e94                log_is_strdup
 .text.z_impl_log_process
                0x00012eb0      0x13c zephyr/libzephyr.a(log_core.c.obj)
                0x00012eb0                z_impl_log_process
 .text.msg_finalize
                0x00012fec       0xb8 zephyr/libzephyr.a(log_core.c.obj)
 .text.log_process_thread_func
                0x000130a4       0x48 zephyr/libzephyr.a(log_core.c.obj)
 .text.z_impl_log_panic
                0x000130ec       0x48 zephyr/libzephyr.a(log_core.c.obj)
                0x000130ec                z_impl_log_panic
 .text.z_log_free
                0x00013134       0x2c zephyr/libzephyr.a(log_core.c.obj)
                0x00013134                z_log_free
 .text.log_source_name_get
                0x00013160       0x1c zephyr/libzephyr.a(log_mgmt.c.obj)
                0x00013160                log_source_name_get
 .text.log_backend_enable
                0x0001317c       0x1c zephyr/libzephyr.a(log_mgmt.c.obj)
                0x0001317c                log_backend_enable
 .text.log_msg_pool_init
                0x00013198       0x14 zephyr/libzephyr.a(log_msg.c.obj)
                0x00013198                log_msg_pool_init
 .text.log_msg_no_space_handle
                0x000131ac       0x30 zephyr/libzephyr.a(log_msg.c.obj)
                0x000131ac                log_msg_no_space_handle
 .text.log_msg_chunk_alloc
                0x000131dc       0x28 zephyr/libzephyr.a(log_msg.c.obj)
                0x000131dc                log_msg_chunk_alloc
 .text.msg_free
                0x00013204       0x7c zephyr/libzephyr.a(log_msg.c.obj)
 .text.print_formatted
                0x00013280       0x24 zephyr/libzephyr.a(log_output.c.obj)
 .text.prefix_print
                0x000132a4      0x144 zephyr/libzephyr.a(log_output.c.obj)
 .text.postfix_print
                0x000133e8       0x3c zephyr/libzephyr.a(log_output.c.obj)
 .text.hexdump_line_print
                0x00013424       0xe4 zephyr/libzephyr.a(log_output.c.obj)
 .text.log_output_msg_process
                0x00013508       0xf8 zephyr/libzephyr.a(log_output.c.obj)
                0x00013508                log_output_msg_process
 .text.log_output_dropped_process
                0x00013600       0x58 zephyr/libzephyr.a(log_output.c.obj)
                0x00013600                log_output_dropped_process
 .text.log_output_timestamp_freq_set
                0x00013658       0x30 zephyr/libzephyr.a(log_output.c.obj)
                0x00013658                log_output_timestamp_freq_set
 .text.char_out
                0x00013688       0x24 zephyr/libzephyr.a(log_backend_uart.c.obj)
 .text.log_backend_uart_init
                0x000136ac       0x10 zephyr/libzephyr.a(log_backend_uart.c.obj)
 .text.panic    0x000136bc       0x14 zephyr/libzephyr.a(log_backend_uart.c.obj)
 .text.dropped  0x000136d0        0xc zephyr/libzephyr.a(log_backend_uart.c.obj)
 .text.put      0x000136dc       0x24 zephyr/libzephyr.a(log_backend_uart.c.obj)
 .text.net_coap_init
                0x00013700       0x10 zephyr/libzephyr.a(coap.c.obj)
                0x00013700                net_coap_init
 .text.coap_next_id
                0x00013710       0x10 zephyr/libzephyr.a(coap.c.obj)
                0x00013710                coap_next_id
 .text.z_impl_zsock_socket
                0x00013720       0x54 zephyr/libzephyr.a(sockets.c.obj)
                0x00013720                z_impl_zsock_socket
 .text.zsock_poll_internal
                0x00013774      0x22c zephyr/libzephyr.a(sockets.c.obj)
                0x00013774                zsock_poll_internal
 .text.socket_offload_dns_register
                0x000139a0        0xc zephyr/libzephyr.a(socket_offload.c.obj)
                0x000139a0                socket_offload_dns_register
 .text.socket_offload_getaddrinfo
                0x000139ac       0x14 zephyr/libzephyr.a(socket_offload.c.obj)
                0x000139ac                socket_offload_getaddrinfo
 .text.socket_offload_freeaddrinfo
                0x000139c0        0xc zephyr/libzephyr.a(socket_offload.c.obj)
                0x000139c0                socket_offload_freeaddrinfo
 .text.pm_state_notify
                0x000139cc       0x64 zephyr/libzephyr.a(pm.c.obj)
 .text.atomic_test_and_set_bit.constprop.0
                0x00013a30       0x30 zephyr/libzephyr.a(pm.c.obj)
 .text.pm_system_resume
                0x00013a60       0x80 zephyr/libzephyr.a(pm.c.obj)
                0x00013a60                pm_system_resume
 .text.pm_system_suspend
                0x00013ae0       0xf0 zephyr/libzephyr.a(pm.c.obj)
                0x00013ae0                pm_system_suspend
 .text.before_nse
                0x00013bd0       0x14 zephyr/libzephyr.a(secure_services_ns.c.obj)
                0x00013bd0                before_nse
 .text.after_nse
                0x00013be4       0x14 zephyr/libzephyr.a(secure_services_ns.c.obj)
                0x00013be4                after_nse
 .text.z_arm_cpu_idle_init
                0x00013bf8        0xc zephyr/arch/arch/arm/core/aarch32/libarch__arm__core__aarch32.a(cpu_idle.S.obj)
                0x00013bf8                z_arm_cpu_idle_init
 .text.arch_cpu_idle
                0x00013c04       0x1c zephyr/arch/arch/arm/core/aarch32/libarch__arm__core__aarch32.a(cpu_idle.S.obj)
                0x00013c04                arch_cpu_idle
 .text.arch_cpu_atomic_idle
                0x00013c20       0x14 zephyr/arch/arch/arm/core/aarch32/libarch__arm__core__aarch32.a(cpu_idle.S.obj)
                0x00013c20                arch_cpu_atomic_idle
 .text.z_arm_fatal_error
                0x00013c34       0x70 zephyr/arch/arch/arm/core/aarch32/libarch__arm__core__aarch32.a(fatal.c.obj)
                0x00013c34                z_arm_fatal_error
 .text.arch_irq_enable
                0x00013ca4       0x20 zephyr/arch/arch/arm/core/aarch32/libarch__arm__core__aarch32.a(irq_manage.c.obj)
                0x00013ca4                arch_irq_enable
 .text.arch_irq_is_enabled
                0x00013cc4       0x1c zephyr/arch/arch/arm/core/aarch32/libarch__arm__core__aarch32.a(irq_manage.c.obj)
                0x00013cc4                arch_irq_is_enabled
 .text.z_arm_irq_priority_set
                0x00013ce0       0x2c zephyr/arch/arch/arm/core/aarch32/libarch__arm__core__aarch32.a(irq_manage.c.obj)
                0x00013ce0                z_arm_irq_priority_set
 .text._arch_isr_direct_pm
                0x00013d0c       0x1c zephyr/arch/arch/arm/core/aarch32/libarch__arm__core__aarch32.a(irq_manage.c.obj)
                0x00013d0c                _arch_isr_direct_pm
 .text.z_SysNmiOnReset
                0x00013d28        0x8 zephyr/arch/arch/arm/core/aarch32/libarch__arm__core__aarch32.a(nmi_on_reset.S.obj)
                0x00013d28                z_SysNmiOnReset
 .text.z_arm_prep_c
                0x00013d30       0x48 zephyr/arch/arch/arm/core/aarch32/libarch__arm__core__aarch32.a(prep_c.c.obj)
                0x00013d30                z_arm_prep_c
 .text.arch_swap
                0x00013d78       0x38 zephyr/arch/arch/arm/core/aarch32/libarch__arm__core__aarch32.a(swap.c.obj)
                0x00013d78                arch_swap
 .text.z_arm_pendsv
                0x00013db0       0x5c zephyr/arch/arch/arm/core/aarch32/libarch__arm__core__aarch32.a(swap_helper.S.obj)
                0x00013db0                z_arm_pendsv
 .text.z_arm_svc
                0x00013e0c       0x20 zephyr/arch/arch/arm/core/aarch32/libarch__arm__core__aarch32.a(swap_helper.S.obj)
                0x00013e0c                z_arm_svc
 .text.arch_new_thread
                0x00013e2c       0x38 zephyr/arch/arch/arm/core/aarch32/libarch__arm__core__aarch32.a(thread.c.obj)
                0x00013e2c                arch_new_thread
 .text.arch_switch_to_main_thread
                0x00013e64       0x28 zephyr/arch/arch/arm/core/aarch32/libarch__arm__core__aarch32.a(thread.c.obj)
                0x00013e64                arch_switch_to_main_thread
 .text._isr_wrapper
                0x00013e8c       0x40 zephyr/arch/arch/arm/core/aarch32/libarch__arm__core__aarch32.a(isr_wrapper.S.obj)
                0x00013e8c                _isr_wrapper
 .text._HandlerModeExit
                0x00013ecc       0x1c zephyr/arch/arch/arm/core/aarch32/cortex_m/libarch__arm__core__aarch32__cortex_m.a(exc_exit.S.obj)
                0x00013ecc                z_arm_int_exit
                0x00013ecc                z_arm_exc_exit
 .text.usage_fault.isra.0
                0x00013ee8       0xd0 zephyr/arch/arch/arm/core/aarch32/cortex_m/libarch__arm__core__aarch32__cortex_m.a(fault.c.obj)
 .text.mem_manage_fault.isra.0
                0x00013fb8       0xd0 zephyr/arch/arch/arm/core/aarch32/cortex_m/libarch__arm__core__aarch32__cortex_m.a(fault.c.obj)
 .text.bus_fault.isra.0
                0x00014088       0xdc zephyr/arch/arch/arm/core/aarch32/cortex_m/libarch__arm__core__aarch32__cortex_m.a(fault.c.obj)
 .text.z_arm_fault
                0x00014164      0x1f0 zephyr/arch/arch/arm/core/aarch32/cortex_m/libarch__arm__core__aarch32__cortex_m.a(fault.c.obj)
                0x00014164                z_arm_fault
 .text.z_arm_fault_init
                0x00014354       0x18 zephyr/arch/arch/arm/core/aarch32/cortex_m/libarch__arm__core__aarch32__cortex_m.a(fault.c.obj)
                0x00014354                z_arm_fault_init
 .text.__fault  0x0001436c       0x14 zephyr/arch/arch/arm/core/aarch32/cortex_m/libarch__arm__core__aarch32__cortex_m.a(fault_s.S.obj)
                0x0001436c                z_arm_usage_fault
                0x0001436c                z_arm_mpu_fault
                0x0001436c                z_arm_exc_spurious
                0x0001436c                z_arm_debug_monitor
                0x0001436c                z_arm_hard_fault
                0x0001436c                z_arm_bus_fault
 .text.z_arm_interrupt_init
                0x00014380       0x18 zephyr/arch/arch/arm/core/aarch32/cortex_m/libarch__arm__core__aarch32__cortex_m.a(irq_init.c.obj)
                0x00014380                z_arm_interrupt_init
 .text._reset_section
                0x00014398       0x30 zephyr/arch/arch/arm/core/aarch32/cortex_m/libarch__arm__core__aarch32__cortex_m.a(reset.S.obj)
                0x00014398                __start
                0x00014398                z_arm_reset
 .text.sys_arch_reboot
                0x000143c8       0x24 zephyr/arch/arch/arm/core/aarch32/cortex_m/libarch__arm__core__aarch32__cortex_m.a(scb.c.obj)
                0x000143c8                sys_arch_reboot
 .text.z_impl_k_thread_abort
                0x000143ec       0x24 zephyr/arch/arch/arm/core/aarch32/cortex_m/libarch__arm__core__aarch32__cortex_m.a(thread_abort.c.obj)
                0x000143ec                z_impl_k_thread_abort
 .text.z_arm_configure_static_mpu_regions
                0x00014410       0x38 zephyr/arch/arch/arm/core/aarch32/mpu/libarch__arm__core__aarch32__mpu.a(arm_core_mpu.c.obj)
                0x00014410                z_arm_configure_static_mpu_regions
 .text.region_init
                0x00014448       0x30 zephyr/arch/arch/arm/core/aarch32/mpu/libarch__arm__core__aarch32__mpu.a(arm_mpu.c.obj)
 .text.region_allocate_and_init
                0x00014478       0x34 zephyr/arch/arch/arm/core/aarch32/mpu/libarch__arm__core__aarch32__mpu.a(arm_mpu.c.obj)
 .text.mpu_configure_regions_and_partition.constprop.0
                0x000144ac      0x174 zephyr/arch/arch/arm/core/aarch32/mpu/libarch__arm__core__aarch32__mpu.a(arm_mpu.c.obj)
 .text.arm_core_mpu_enable
                0x00014620       0x14 zephyr/arch/arch/arm/core/aarch32/mpu/libarch__arm__core__aarch32__mpu.a(arm_mpu.c.obj)
                0x00014620                arm_core_mpu_enable
 .text.arm_core_mpu_disable
                0x00014634       0x10 zephyr/arch/arch/arm/core/aarch32/mpu/libarch__arm__core__aarch32__mpu.a(arm_mpu.c.obj)
                0x00014634                arm_core_mpu_disable
 .text.arm_core_mpu_configure_static_mpu_regions
                0x00014644       0x14 zephyr/arch/arch/arm/core/aarch32/mpu/libarch__arm__core__aarch32__mpu.a(arm_mpu.c.obj)
                0x00014644                arm_core_mpu_configure_static_mpu_regions
 .text.arm_core_mpu_mark_areas_for_dynamic_regions
                0x00014658       0xac zephyr/arch/arch/arm/core/aarch32/mpu/libarch__arm__core__aarch32__mpu.a(arm_mpu.c.obj)
                0x00014658                arm_core_mpu_mark_areas_for_dynamic_regions
 .text.z_arm_mpu_init
                0x00014704       0x4c zephyr/arch/arch/arm/core/aarch32/mpu/libarch__arm__core__aarch32__mpu.a(arm_mpu.c.obj)
                0x00014704                z_arm_mpu_init
 .text.__stdout_hook_install
                0x00014750        0xc zephyr/lib/libc/newlib/liblib__libc__newlib.a(libc-hooks.c.obj)
                0x00014750                __stdout_hook_install
 .text._sbrk    0x0001475c       0x28 zephyr/lib/libc/newlib/liblib__libc__newlib.a(libc-hooks.c.obj)
                0x0001475c                sbrk
                0x0001475c                _sbrk
 .text.smf_set_state
                0x00014784       0x68 zephyr/lib/smf/liblib__smf.a(smf.c.obj)
                0x00014784                smf_set_state
 .text.k_mutex_unlock.constprop.0
                0x000147ec        0xc zephyr/subsys/net/ip/libsubsys__net__ip.a(net_if.c.obj)
 .text.k_mutex_lock.constprop.0
                0x000147f8       0x10 zephyr/subsys/net/ip/libsubsys__net__ip.a(net_if.c.obj)
 .text.net_if_init
                0x00014808       0x40 zephyr/subsys/net/ip/libsubsys__net__ip.a(net_if.c.obj)
                0x00014808                net_if_init
 .text.net_if_post_init
                0x00014848       0x28 zephyr/subsys/net/ip/libsubsys__net__ip.a(net_if.c.obj)
                0x00014848                net_if_post_init
 .text.z_impl_net_addr_ntop
                0x00014870      0x1d0 zephyr/subsys/net/ip/libsubsys__net__ip.a(utils.c.obj)
                0x00014870                z_impl_net_addr_ntop
 .text.z_impl_sys_rand32_get
                0x00014a40       0x34 zephyr/subsys/random/libsubsys__random.a(rand32_entropy_device.c.obj)
                0x00014a40                z_impl_sys_rand32_get
 .text.onoff_stop
                0x00014a74       0x48 zephyr/drivers/clock_control/libdrivers__clock_control.a(clock_control_nrf.c.obj)
 .text.onoff_start
                0x00014abc       0x54 zephyr/drivers/clock_control/libdrivers__clock_control.a(clock_control_nrf.c.obj)
 .text.clk_init
                0x00014b10       0x60 zephyr/drivers/clock_control/libdrivers__clock_control.a(clock_control_nrf.c.obj)
 .text.clkstarted_handle.constprop.0
                0x00014b70       0x34 zephyr/drivers/clock_control/libdrivers__clock_control.a(clock_control_nrf.c.obj)
 .text.clock_event_handler
                0x00014ba4       0x1c zephyr/drivers/clock_control/libdrivers__clock_control.a(clock_control_nrf.c.obj)
 .text.generic_hfclk_start
                0x00014bc0       0x64 zephyr/drivers/clock_control/libdrivers__clock_control.a(clock_control_nrf.c.obj)
 .text.generic_hfclk_stop
                0x00014c24       0x24 zephyr/drivers/clock_control/libdrivers__clock_control.a(clock_control_nrf.c.obj)
 .text.api_blocking_start
                0x00014c48       0x3c zephyr/drivers/clock_control/libdrivers__clock_control.a(clock_control_nrf.c.obj)
 .text.z_nrf_clock_control_lf_on
                0x00014c84      0x104 zephyr/drivers/clock_control/libdrivers__clock_control.a(clock_control_nrf.c.obj)
                0x00014c84                z_nrf_clock_control_lf_on
 .text.uart_console_init
                0x00014d88       0x30 zephyr/drivers/console/libdrivers__console.a(uart_console.c.obj)
 .text.console_out
                0x00014db8       0x28 zephyr/drivers/console/libdrivers__console.a(uart_console.c.obj)
 .text.gpio_nrfx_pin_interrupt_configure
                0x00014de0       0xc8 zephyr/drivers/gpio/libdrivers__gpio.a(gpio_nrfx.c.obj)
 .text.gpio_nrfx_init
                0x00014ea8       0x38 zephyr/drivers/gpio/libdrivers__gpio.a(gpio_nrfx.c.obj)
 .text.nrfx_gpio_handler
                0x00014ee0       0x40 zephyr/drivers/gpio/libdrivers__gpio.a(gpio_nrfx.c.obj)
 .text.gpio_nrfx_pin_configure
                0x00014f20      0x158 zephyr/drivers/gpio/libdrivers__gpio.a(gpio_nrfx.c.obj)
 .text.uarte_nrfx_configure
                0x00015078      0x164 zephyr/drivers/serial/libdrivers__serial.a(uart_nrfx_uarte.c.obj)
 .text.uarte_nrfx_poll_out
                0x000151dc       0x94 zephyr/drivers/serial/libdrivers__serial.a(uart_nrfx_uarte.c.obj)
 .text.uarte_instance_init.isra.0
                0x00015270      0x174 zephyr/drivers/serial/libdrivers__serial.a(uart_nrfx_uarte.c.obj)
 .text.sys_clock_timeout_handler
                0x000153e4       0x78 zephyr/drivers/timer/libdrivers__timer.a(nrf_rtc_timer.c.obj)
 .text.compare_int_lock
                0x0001545c       0x44 zephyr/drivers/timer/libdrivers__timer.a(nrf_rtc_timer.c.obj)
 .text.compare_int_unlock.part.0
                0x000154a0       0x4c zephyr/drivers/timer/libdrivers__timer.a(nrf_rtc_timer.c.obj)
 .text.z_nrf_rtc_timer_read
                0x000154ec       0x44 zephyr/drivers/timer/libdrivers__timer.a(nrf_rtc_timer.c.obj)
                0x000154ec                z_nrf_rtc_timer_read
 .text.compare_set
                0x00015530      0x140 zephyr/drivers/timer/libdrivers__timer.a(nrf_rtc_timer.c.obj)
 .text.sys_clock_driver_init
                0x00015670       0x84 zephyr/drivers/timer/libdrivers__timer.a(nrf_rtc_timer.c.obj)
 .text.rtc_nrf_isr
                0x000156f4       0xe8 zephyr/drivers/timer/libdrivers__timer.a(nrf_rtc_timer.c.obj)
                0x000156f4                rtc_nrf_isr
 .text.sys_clock_set_timeout
                0x000157dc       0x60 zephyr/drivers/timer/libdrivers__timer.a(nrf_rtc_timer.c.obj)
                0x000157dc                sys_clock_set_timeout
 .text.sys_clock_elapsed
                0x0001583c       0x14 zephyr/drivers/timer/libdrivers__timer.a(nrf_rtc_timer.c.obj)
                0x0001583c                sys_clock_elapsed
 .text._nrf_modem_lib_init
                0x00015850       0x7c modules/nrf/lib/nrf_modem_lib/lib..__nrf__lib__nrf_modem_lib.a(nrf_modem_lib.c.obj)
 .text.thread_monitor_entry_get
                0x000158cc       0x40 modules/nrf/lib/nrf_modem_lib/lib..__nrf__lib__nrf_modem_lib.a(nrf_modem_os.c.obj)
 .text.rpc_proxy_irq_handler
                0x0001590c       0x50 modules/nrf/lib/nrf_modem_lib/lib..__nrf__lib__nrf_modem_lib.a(nrf_modem_os.c.obj)
                0x0001590c                rpc_proxy_irq_handler
 .text.nrf_modem_os_timedwait
                0x0001595c      0x170 modules/nrf/lib/nrf_modem_lib/lib..__nrf__lib__nrf_modem_lib.a(nrf_modem_os.c.obj)
                0x0001595c                nrf_modem_os_timedwait
 .text.nrf_modem_os_sem_init
                0x00015acc       0x38 modules/nrf/lib/nrf_modem_lib/lib..__nrf__lib__nrf_modem_lib.a(nrf_modem_os.c.obj)
                0x00015acc                nrf_modem_os_sem_init
 .text.nrf_modem_os_application_irq_set
                0x00015b04       0x10 modules/nrf/lib/nrf_modem_lib/lib..__nrf__lib__nrf_modem_lib.a(nrf_modem_os.c.obj)
                0x00015b04                nrf_modem_os_application_irq_set
 .text.nrf_modem_os_application_irq_clear
                0x00015b14       0x10 modules/nrf/lib/nrf_modem_lib/lib..__nrf__lib__nrf_modem_lib.a(nrf_modem_os.c.obj)
                0x00015b14                nrf_modem_os_application_irq_clear
 .text.nrf_modem_os_trace_irq_set
                0x00015b24       0x10 modules/nrf/lib/nrf_modem_lib/lib..__nrf__lib__nrf_modem_lib.a(nrf_modem_os.c.obj)
                0x00015b24                nrf_modem_os_trace_irq_set
 .text.nrf_modem_os_trace_irq_clear
                0x00015b34       0x10 modules/nrf/lib/nrf_modem_lib/lib..__nrf__lib__nrf_modem_lib.a(nrf_modem_os.c.obj)
                0x00015b34                nrf_modem_os_trace_irq_clear
 .text.nrf_modem_os_alloc
                0x00015b44       0x10 modules/nrf/lib/nrf_modem_lib/lib..__nrf__lib__nrf_modem_lib.a(nrf_modem_os.c.obj)
                0x00015b44                nrf_modem_os_alloc
 .text.nrf_modem_os_free
                0x00015b54        0xc modules/nrf/lib/nrf_modem_lib/lib..__nrf__lib__nrf_modem_lib.a(nrf_modem_os.c.obj)
                0x00015b54                nrf_modem_os_free
 .text.nrf_modem_os_shm_tx_alloc
                0x00015b60       0x10 modules/nrf/lib/nrf_modem_lib/lib..__nrf__lib__nrf_modem_lib.a(nrf_modem_os.c.obj)
                0x00015b60                nrf_modem_os_shm_tx_alloc
 .text.nrf_modem_os_shm_tx_free
                0x00015b70        0xc modules/nrf/lib/nrf_modem_lib/lib..__nrf__lib__nrf_modem_lib.a(nrf_modem_os.c.obj)
                0x00015b70                nrf_modem_os_shm_tx_free
 .text.nrf_modem_os_init
                0x00015b7c       0x4c modules/nrf/lib/nrf_modem_lib/lib..__nrf__lib__nrf_modem_lib.a(nrf_modem_os.c.obj)
                0x00015b7c                nrf_modem_os_init
 .text.z_to_nrf_optname
                0x00015bc8      0x130 modules/nrf/lib/nrf_modem_lib/lib..__nrf__lib__nrf_modem_lib.a(nrf91_sockets.c.obj)
 .text.nrf91_nrf_modem_lib_socket_offload_init
                0x00015cf8       0x20 modules/nrf/lib/nrf_modem_lib/lib..__nrf__lib__nrf_modem_lib.a(nrf91_sockets.c.obj)
 .text.nrf91_socket_offload_ioctl
                0x00015d18      0x148 modules/nrf/lib/nrf_modem_lib/lib..__nrf__lib__nrf_modem_lib.a(nrf91_sockets.c.obj)
 .text.nrf91_socket_iface_init
                0x00015e60       0x18 modules/nrf/lib/nrf_modem_lib/lib..__nrf__lib__nrf_modem_lib.a(nrf91_sockets.c.obj)
 .text.nrf91_socket_is_supported
                0x00015e78       0x3c modules/nrf/lib/nrf_modem_lib/lib..__nrf__lib__nrf_modem_lib.a(nrf91_sockets.c.obj)
 .text.nrf91_socket_offload_getaddrinfo
                0x00015eb4      0x1c4 modules/nrf/lib/nrf_modem_lib/lib..__nrf__lib__nrf_modem_lib.a(nrf91_sockets.c.obj)
 .text.nrf91_socket_offload_sendmsg
                0x00016078      0x108 modules/nrf/lib/nrf_modem_lib/lib..__nrf__lib__nrf_modem_lib.a(nrf91_sockets.c.obj)
 .text.allocate_ctx
                0x00016180       0x44 modules/nrf/lib/nrf_modem_lib/lib..__nrf__lib__nrf_modem_lib.a(nrf91_sockets.c.obj)
 .text.release_ctx
                0x000161c4       0x2c modules/nrf/lib/nrf_modem_lib/lib..__nrf__lib__nrf_modem_lib.a(nrf91_sockets.c.obj)
 .text.nrf91_socket_offload_accept
                0x000161f0       0xc4 modules/nrf/lib/nrf_modem_lib/lib..__nrf__lib__nrf_modem_lib.a(nrf91_sockets.c.obj)
 .text.nrf91_socket_create
                0x000162b4       0xc8 modules/nrf/lib/nrf_modem_lib/lib..__nrf__lib__nrf_modem_lib.a(nrf91_sockets.c.obj)
 .text.at_monitor_sys_init
                0x0001637c       0x34 modules/nrf/lib/at_monitor/lib..__nrf__lib__at_monitor.a(at_monitor.c.obj)
 .text.at_monitor_dispatch
                0x000163b0       0xc4 modules/nrf/lib/at_monitor/lib..__nrf__lib__at_monitor.a(at_monitor.c.obj)
                0x000163b0                at_monitor_dispatch
 .text.at_monitor_task
                0x00016474       0x60 modules/nrf/lib/at_monitor/lib..__nrf__lib__at_monitor.a(at_monitor.c.obj)
 .text.write_uart_string
                0x000164d4       0x1c modules/nrf/lib/at_host/lib..__nrf__lib__at_host.a(at_host.c.obj)
 .text.isr      0x000164f0      0x14c modules/nrf/lib/at_host/lib..__nrf__lib__at_host.a(at_host.c.obj)
 .text.cmd_send
                0x0001663c       0x5c modules/nrf/lib/at_host/lib..__nrf__lib__at_host.a(at_host.c.obj)
 .text.at_host_init
                0x00016698      0x148 modules/nrf/lib/at_host/lib..__nrf__lib__at_host.a(at_host.c.obj)
 .text.is_valid_notification_char
                0x000167e0       0x20 modules/nrf/lib/at_cmd_parser/lib..__nrf__lib__at_cmd_parser.a(at_cmd_parser.c.obj)
 .text.is_result
                0x00016800       0x30 modules/nrf/lib/at_cmd_parser/lib..__nrf__lib__at_cmd_parser.a(at_cmd_parser.c.obj)
 .text.at_parse_process_element
                0x00016830      0x1c0 modules/nrf/lib/at_cmd_parser/lib..__nrf__lib__at_cmd_parser.a(at_cmd_parser.c.obj)
 .text.is_command
                0x000169f0       0x60 modules/nrf/lib/at_cmd_parser/lib..__nrf__lib__at_cmd_parser.a(at_cmd_parser.c.obj)
 .text.at_parse_detect_type
                0x00016a50      0x1c0 modules/nrf/lib/at_cmd_parser/lib..__nrf__lib__at_cmd_parser.a(at_cmd_parser.c.obj)
 .text.at_parser_max_params_from_str
                0x00016c10      0x158 modules/nrf/lib/at_cmd_parser/lib..__nrf__lib__at_cmd_parser.a(at_cmd_parser.c.obj)
                0x00016c10                at_parser_max_params_from_str
 .text.at_handler_cscon
                0x00016d68       0x50 modules/nrf/lib/lte_link_control/lib..__nrf__lib__lte_link_control.a(lte_lc.c.obj)
 .text.at_handler_cedrxp
                0x00016db8       0x50 modules/nrf/lib/lte_link_control/lib..__nrf__lib__lte_link_control.a(lte_lc.c.obj)
 .text.at_handler_xt3412
                0x00016e08       0x60 modules/nrf/lib/lte_link_control/lib..__nrf__lib__lte_link_control.a(lte_lc.c.obj)
 .text.at_handler_ncellmeas
                0x00016e68       0xc0 modules/nrf/lib/lte_link_control/lib..__nrf__lib__lte_link_control.a(lte_lc.c.obj)
 .text.at_handler_xmodemsleep
                0x00016f28       0x78 modules/nrf/lib/lte_link_control/lib..__nrf__lib__lte_link_control.a(lte_lc.c.obj)
 .text.at_handler_mdmev
                0x00016fa0       0x50 modules/nrf/lib/lte_link_control/lib..__nrf__lib__lte_link_control.a(lte_lc.c.obj)
 .text.enable_notifications
                0x00016ff0       0xec modules/nrf/lib/lte_link_control/lib..__nrf__lib__lte_link_control.a(lte_lc.c.obj)
 .text.lte_lc_register_handler
                0x000170dc       0x28 modules/nrf/lib/lte_link_control/lib..__nrf__lib__lte_link_control.a(lte_lc.c.obj)
                0x000170dc                lte_lc_register_handler
 .text.lte_lc_psm_req
                0x00017104       0x9c modules/nrf/lib/lte_link_control/lib..__nrf__lib__lte_link_control.a(lte_lc.c.obj)
                0x00017104                lte_lc_psm_req
 .text.lte_lc_psm_get
                0x000171a0      0x118 modules/nrf/lib/lte_link_control/lib..__nrf__lib__lte_link_control.a(lte_lc.c.obj)
                0x000171a0                lte_lc_psm_get
 .text.at_handler_cereg
                0x000172b8      0x180 modules/nrf/lib/lte_link_control/lib..__nrf__lib__lte_link_control.a(lte_lc.c.obj)
 .text.lte_lc_nw_reg_status_get
                0x00017438       0x5c modules/nrf/lib/lte_link_control/lib..__nrf__lib__lte_link_control.a(lte_lc.c.obj)
                0x00017438                lte_lc_nw_reg_status_get
 .text.lte_lc_system_mode_set
                0x00017494       0xac modules/nrf/lib/lte_link_control/lib..__nrf__lib__lte_link_control.a(lte_lc.c.obj)
                0x00017494                lte_lc_system_mode_set
 .text.lte_lc_system_mode_get
                0x00017540      0x134 modules/nrf/lib/lte_link_control/lib..__nrf__lib__lte_link_control.a(lte_lc.c.obj)
                0x00017540                lte_lc_system_mode_get
 .text.init_and_config
                0x00017674       0xc0 modules/nrf/lib/lte_link_control/lib..__nrf__lib__lte_link_control.a(lte_lc.c.obj)
 .text.lte_lc_func_mode_get
                0x00017734       0x58 modules/nrf/lib/lte_link_control/lib..__nrf__lib__lte_link_control.a(lte_lc.c.obj)
                0x00017734                lte_lc_func_mode_get
 .text.lte_lc_func_mode_set
                0x0001778c       0x98 modules/nrf/lib/lte_link_control/lib..__nrf__lib__lte_link_control.a(lte_lc.c.obj)
                0x0001778c                lte_lc_func_mode_set
 .text.connect_lte
                0x00017824      0x154 modules/nrf/lib/lte_link_control/lib..__nrf__lib__lte_link_control.a(lte_lc.c.obj)
 .text.k_mutex_unlock.constprop.0
                0x00017978        0xc modules/nrf/lib/lte_link_control/lib..__nrf__lib__lte_link_control.a(lte_lc_helpers.c.obj)
 .text.event_handler_list_is_empty
                0x00017984       0x10 modules/nrf/lib/lte_link_control/lib..__nrf__lib__lte_link_control.a(lte_lc_helpers.c.obj)
                0x00017984                event_handler_list_is_empty
 .text.event_handler_list_append_handler
                0x00017994       0x5c modules/nrf/lib/lte_link_control/lib..__nrf__lib__lte_link_control.a(lte_lc_helpers.c.obj)
                0x00017994                event_handler_list_append_handler
 .text.event_handler_list_dispatch
                0x000179f0       0x50 modules/nrf/lib/lte_link_control/lib..__nrf__lib__lte_link_control.a(lte_lc_helpers.c.obj)
                0x000179f0                event_handler_list_dispatch
 .text.response_is_valid
                0x00017a40       0x4c modules/nrf/lib/lte_link_control/lib..__nrf__lib__lte_link_control.a(lte_lc_helpers.c.obj)
                0x00017a40                response_is_valid
 .text.parse_psm
                0x00017a8c      0x148 modules/nrf/lib/lte_link_control/lib..__nrf__lib__lte_link_control.a(lte_lc_helpers.c.obj)
                0x00017a8c                parse_psm
 .text.parse_rrc_mode
                0x00017bd4       0xc8 modules/nrf/lib/lte_link_control/lib..__nrf__lib__lte_link_control.a(lte_lc_helpers.c.obj)
                0x00017bd4                parse_rrc_mode
 .text.parse_cereg
                0x00017c9c      0x204 modules/nrf/lib/lte_link_control/lib..__nrf__lib__lte_link_control.a(lte_lc_helpers.c.obj)
                0x00017c9c                parse_cereg
 .text.parse_xt3412
                0x00017ea0       0xd8 modules/nrf/lib/lte_link_control/lib..__nrf__lib__lte_link_control.a(lte_lc_helpers.c.obj)
                0x00017ea0                parse_xt3412
 .text.neighborcell_count_get
                0x00017f78       0x4c modules/nrf/lib/lte_link_control/lib..__nrf__lib__lte_link_control.a(lte_lc_helpers.c.obj)
                0x00017f78                neighborcell_count_get
 .text.parse_ncellmeas
                0x00017fc4      0x2c0 modules/nrf/lib/lte_link_control/lib..__nrf__lib__lte_link_control.a(lte_lc_helpers.c.obj)
                0x00017fc4                parse_ncellmeas
 .text.parse_xmodemsleep
                0x00018284       0xf0 modules/nrf/lib/lte_link_control/lib..__nrf__lib__lte_link_control.a(lte_lc_helpers.c.obj)
                0x00018284                parse_xmodemsleep
 .text.parse_mdmev
                0x00018374       0x6c modules/nrf/lib/lte_link_control/lib..__nrf__lib__lte_link_control.a(lte_lc_helpers.c.obj)
                0x00018374                parse_mdmev
 .text.k_sys_fatal_error_handler
                0x000183e0       0x2c modules/nrf/lib/fatal_error/lib..__nrf__lib__fatal_error.a(fatal_error.c.obj)
                0x000183e0                k_sys_fatal_error_handler
 .text.date_time_now
                0x0001840c       0x5c modules/nrf/lib/date_time/lib..__nrf__lib__date_time.a(date_time.c.obj)
                0x0001840c                date_time_now
 .text.date_time_core_notify_event
                0x00018468       0x1c modules/nrf/lib/date_time/lib..__nrf__lib__date_time.a(date_time_core.c.obj)
 .text.date_time_lte_ind_handler
                0x00018484       0x48 modules/nrf/lib/date_time/lib..__nrf__lib__date_time.a(date_time_core.c.obj)
                0x00018484                date_time_lte_ind_handler
 .text.date_time_handler
                0x000184cc        0xc modules/nrf/lib/date_time/lib..__nrf__lib__date_time.a(date_time_core.c.obj)
 .text.date_time_core_schedule_update
                0x000184d8       0x20 modules/nrf/lib/date_time/lib..__nrf__lib__date_time.a(date_time_core.c.obj)
 .text.date_time_core_init
                0x000184f8        0xc modules/nrf/lib/date_time/lib..__nrf__lib__date_time.a(date_time_core.c.obj)
                0x000184f8                date_time_core_init
 .text.date_time_core_now
                0x00018504       0x68 modules/nrf/lib/date_time/lib..__nrf__lib__date_time.a(date_time_core.c.obj)
                0x00018504                date_time_core_now
 .text.date_time_core_is_valid
                0x0001856c       0x14 modules/nrf/lib/date_time/lib..__nrf__lib__date_time.a(date_time_core.c.obj)
                0x0001856c                date_time_core_is_valid
 .text.date_time_core_current_check
                0x00018580       0x50 modules/nrf/lib/date_time/lib..__nrf__lib__date_time.a(date_time_core.c.obj)
                0x00018580                date_time_core_current_check
 .text.date_time_core_store
                0x000185d0       0xbc modules/nrf/lib/date_time/lib..__nrf__lib__date_time.a(date_time_core.c.obj)
                0x000185d0                date_time_core_store
 .text.date_time_update_thread
                0x0001868c       0x60 modules/nrf/lib/date_time/lib..__nrf__lib__date_time.a(date_time_core.c.obj)
 .text.date_time_ntp_get
                0x000186ec      0x130 modules/nrf/lib/date_time/lib..__nrf__lib__date_time.a(date_time_ntp.c.obj)
                0x000186ec                date_time_ntp_get
 .text.date_time_at_xtime_handler
                0x0001881c      0x158 modules/nrf/lib/date_time/lib..__nrf__lib__date_time.a(date_time_modem.c.obj)
 .text.date_time_modem_get
                0x00018974       0x88 modules/nrf/lib/date_time/lib..__nrf__lib__date_time.a(date_time_modem.c.obj)
                0x00018974                date_time_modem_get
 .text.date_time_modem_store
                0x000189fc       0x68 modules/nrf/lib/date_time/lib..__nrf__lib__date_time.a(date_time_modem.c.obj)
                0x000189fc                date_time_modem_store
 .text.date_time_modem_xtime_subscribe
                0x00018a64       0x38 modules/nrf/lib/date_time/lib..__nrf__lib__date_time.a(date_time_modem.c.obj)
                0x00018a64                date_time_modem_xtime_subscribe
 .text.check_ext_api_requests
                0x00018a9c       0x9c modules/nrf/subsys/fw_info/lib..__nrf__subsys__fw_info.a(fw_info.c.obj)
 .text.SystemInit
                0x00018b38       0x10 modules/hal_nordic/nrfx/libmodules__hal_nordic__nrfx.a(system_nrf9160.c.obj)
                0x00018b38                SystemInit
 .text.nrfx_flag32_alloc
                0x00018b48       0x40 modules/hal_nordic/nrfx/libmodules__hal_nordic__nrfx.a(nrfx_flag32_allocator.c.obj)
                0x00018b48                nrfx_flag32_alloc
 .text.nrfx_flag32_free
                0x00018b88       0x3c modules/hal_nordic/nrfx/libmodules__hal_nordic__nrfx.a(nrfx_flag32_allocator.c.obj)
                0x00018b88                nrfx_flag32_free
 .text.nrfx_clock_init
                0x00018bc4       0x20 modules/hal_nordic/nrfx/libmodules__hal_nordic__nrfx.a(nrfx_clock.c.obj)
                0x00018bc4                nrfx_clock_init
 .text.nrfx_clock_start
                0x00018be4       0x64 modules/hal_nordic/nrfx/libmodules__hal_nordic__nrfx.a(nrfx_clock.c.obj)
                0x00018be4                nrfx_clock_start
 .text.nrfx_clock_stop
                0x00018c48       0x80 modules/hal_nordic/nrfx/libmodules__hal_nordic__nrfx.a(nrfx_clock.c.obj)
                0x00018c48                nrfx_clock_stop
 .text.nrfx_power_clock_irq_handler
                0x00018cc8       0x68 modules/hal_nordic/nrfx/libmodules__hal_nordic__nrfx.a(nrfx_clock.c.obj)
                0x00018cc8                nrfx_power_clock_irq_handler
 .text.nrfx_dppi_channel_alloc
                0x00018d30        0xc modules/hal_nordic/nrfx/libmodules__hal_nordic__nrfx.a(nrfx_dppi.c.obj)
                0x00018d30                nrfx_dppi_channel_alloc
 .text.call_handler
                0x00018d3c       0x3c modules/hal_nordic/nrfx/libmodules__hal_nordic__nrfx.a(nrfx_gpiote.c.obj)
 .text.release_handler
                0x00018d78       0x54 modules/hal_nordic/nrfx/libmodules__hal_nordic__nrfx.a(nrfx_gpiote.c.obj)
 .text.pin_handler_trigger_uninit
                0x00018dcc       0x38 modules/hal_nordic/nrfx/libmodules__hal_nordic__nrfx.a(nrfx_gpiote.c.obj)
 .text.nrf_gpio_cfg_sense_set
                0x00018e04       0x20 modules/hal_nordic/nrfx/libmodules__hal_nordic__nrfx.a(nrfx_gpiote.c.obj)
 .text.nrfx_gpiote_input_configure
                0x00018e24      0x14c modules/hal_nordic/nrfx/libmodules__hal_nordic__nrfx.a(nrfx_gpiote.c.obj)
                0x00018e24                nrfx_gpiote_input_configure
 .text.nrfx_gpiote_output_configure
                0x00018f70      0x128 modules/hal_nordic/nrfx/libmodules__hal_nordic__nrfx.a(nrfx_gpiote.c.obj)
                0x00018f70                nrfx_gpiote_output_configure
 .text.nrfx_gpiote_global_callback_set
                0x00019098        0xc modules/hal_nordic/nrfx/libmodules__hal_nordic__nrfx.a(nrfx_gpiote.c.obj)
                0x00019098                nrfx_gpiote_global_callback_set
 .text.nrfx_gpiote_channel_get
                0x000190a4       0x24 modules/hal_nordic/nrfx/libmodules__hal_nordic__nrfx.a(nrfx_gpiote.c.obj)
                0x000190a4                nrfx_gpiote_channel_get
 .text.nrfx_gpiote_init
                0x000190c8       0x50 modules/hal_nordic/nrfx/libmodules__hal_nordic__nrfx.a(nrfx_gpiote.c.obj)
                0x000190c8                nrfx_gpiote_init
 .text.nrfx_gpiote_is_init
                0x00019118       0x14 modules/hal_nordic/nrfx/libmodules__hal_nordic__nrfx.a(nrfx_gpiote.c.obj)
                0x00019118                nrfx_gpiote_is_init
 .text.nrfx_gpiote_channel_free
                0x0001912c        0xc modules/hal_nordic/nrfx/libmodules__hal_nordic__nrfx.a(nrfx_gpiote.c.obj)
                0x0001912c                nrfx_gpiote_channel_free
 .text.nrfx_gpiote_channel_alloc
                0x00019138        0xc modules/hal_nordic/nrfx/libmodules__hal_nordic__nrfx.a(nrfx_gpiote.c.obj)
                0x00019138                nrfx_gpiote_channel_alloc
 .text.nrfx_gpiote_trigger_enable
                0x00019144       0x80 modules/hal_nordic/nrfx/libmodules__hal_nordic__nrfx.a(nrfx_gpiote.c.obj)
                0x00019144                nrfx_gpiote_trigger_enable
 .text.nrfx_gpiote_trigger_disable
                0x000191c4       0x44 modules/hal_nordic/nrfx/libmodules__hal_nordic__nrfx.a(nrfx_gpiote.c.obj)
                0x000191c4                nrfx_gpiote_trigger_disable
 .text.nrfx_gpiote_pin_uninit
                0x00019208       0x44 modules/hal_nordic/nrfx/libmodules__hal_nordic__nrfx.a(nrfx_gpiote.c.obj)
                0x00019208                nrfx_gpiote_pin_uninit
 .text.nrfx_gpiote_irq_handler
                0x0001924c      0x150 modules/hal_nordic/nrfx/libmodules__hal_nordic__nrfx.a(nrfx_gpiote.c.obj)
                0x0001924c                nrfx_gpiote_irq_handler
 .text.nrfx_ipc_init
                0x0001939c       0x30 modules/hal_nordic/nrfx/libmodules__hal_nordic__nrfx.a(nrfx_ipc.c.obj)
                0x0001939c                nrfx_ipc_init
 .text.nrfx_ipc_config_load
                0x000193cc       0x40 modules/hal_nordic/nrfx/libmodules__hal_nordic__nrfx.a(nrfx_ipc.c.obj)
                0x000193cc                nrfx_ipc_config_load
 .text.nrfx_ipc_uninit
                0x0001940c       0x60 modules/hal_nordic/nrfx/libmodules__hal_nordic__nrfx.a(nrfx_ipc.c.obj)
                0x0001940c                nrfx_ipc_uninit
 .text.nrfx_ipc_irq_handler
                0x0001946c       0x40 modules/hal_nordic/nrfx/libmodules__hal_nordic__nrfx.a(nrfx_ipc.c.obj)
                0x0001946c                nrfx_ipc_irq_handler
 .text.rpc_handle_data_message
                0x000194ac       0x44 C:/Users/dawnm/ncs/v1.9.1/nrfxlib/nrf_modem/lib/cortex-m33/soft-float/libmodem.a(rpc_framework.c.obj)
                0x000194ac                rpc_handle_data_message
 .text.trace_write
                0x000194f0      0x164 C:/Users/dawnm/ncs/v1.9.1/nrfxlib/nrf_modem/lib/cortex-m33/soft-float/libmodem.a(ipc_trace.c.obj)
 .text.ipc_trace_init
                0x00019654       0x38 C:/Users/dawnm/ncs/v1.9.1/nrfxlib/nrf_modem/lib/cortex-m33/soft-float/libmodem.a(ipc_trace.c.obj)
                0x00019654                ipc_trace_init
 .text.nrf_modem_trace_irq_handler
                0x0001968c       0x54 C:/Users/dawnm/ncs/v1.9.1/nrfxlib/nrf_modem/lib/cortex-m33/soft-float/libmodem.a(ipc_trace.c.obj)
                0x0001968c                nrf_modem_trace_irq_handler
 .text.ipc_trace_handle
                0x000196e0      0x128 C:/Users/dawnm/ncs/v1.9.1/nrfxlib/nrf_modem/lib/cortex-m33/soft-float/libmodem.a(ipc_trace.c.obj)
                0x000196e0                ipc_trace_handle
 .text.rpc_trace_coredump_in_progress
                0x00019808        0xc C:/Users/dawnm/ncs/v1.9.1/nrfxlib/nrf_modem/lib/cortex-m33/soft-float/libmodem.a(ipc_trace.c.obj)
                0x00019808                rpc_trace_coredump_in_progress
 .text.handle_modem_rpc_msg
                0x00019814       0x84 C:/Users/dawnm/ncs/v1.9.1/nrfxlib/nrf_modem/lib/cortex-m33/soft-float/libmodem.a(rpc_transport_ipc.c.obj)
 .text.rpc_transport_ipc_msg_alloc
                0x00019898       0x60 C:/Users/dawnm/ncs/v1.9.1/nrfxlib/nrf_modem/lib/cortex-m33/soft-float/libmodem.a(rpc_transport_ipc.c.obj)
 .text.rpc_transport_ipc_data_msg_send
                0x000198f8       0x3c C:/Users/dawnm/ncs/v1.9.1/nrfxlib/nrf_modem/lib/cortex-m33/soft-float/libmodem.a(rpc_transport_ipc.c.obj)
                0x000198f8                rpc_transport_ipc_data_msg_send
 .text.rpc_transport_ipc_ctrl_msg_send
                0x00019934       0x3c C:/Users/dawnm/ncs/v1.9.1/nrfxlib/nrf_modem/lib/cortex-m33/soft-float/libmodem.a(rpc_transport_ipc.c.obj)
                0x00019934                rpc_transport_ipc_ctrl_msg_send
 .text.rpc_transport_ipc_data_msg_alloc
                0x00019970       0x24 C:/Users/dawnm/ncs/v1.9.1/nrfxlib/nrf_modem/lib/cortex-m33/soft-float/libmodem.a(rpc_transport_ipc.c.obj)
                0x00019970                rpc_transport_ipc_data_msg_alloc
 .text.rpc_transport_ipc_ctrl_msg_alloc
                0x00019994       0x40 C:/Users/dawnm/ncs/v1.9.1/nrfxlib/nrf_modem/lib/cortex-m33/soft-float/libmodem.a(rpc_transport_ipc.c.obj)
                0x00019994                rpc_transport_ipc_ctrl_msg_alloc
 .text.rpc_transport_ipc_data_alloc
                0x000199d4       0x14 C:/Users/dawnm/ncs/v1.9.1/nrfxlib/nrf_modem/lib/cortex-m33/soft-float/libmodem.a(rpc_transport_ipc.c.obj)
                0x000199d4                rpc_transport_ipc_data_alloc
 .text.nrf_modem_application_irq_handler
                0x000199e8       0x20 C:/Users/dawnm/ncs/v1.9.1/nrfxlib/nrf_modem/lib/cortex-m33/soft-float/libmodem.a(rpc_transport_ipc.c.obj)
                0x000199e8                nrf_modem_application_irq_handler
 .text.rpc_transport_ipc_msg_free
                0x00019a08       0x4c C:/Users/dawnm/ncs/v1.9.1/nrfxlib/nrf_modem/lib/cortex-m33/soft-float/libmodem.a(rpc_transport_ipc.c.obj)
                0x00019a08                rpc_transport_ipc_msg_free
 .text.rpc_transport_ipc_init
                0x00019a54      0x178 C:/Users/dawnm/ncs/v1.9.1/nrfxlib/nrf_modem/lib/cortex-m33/soft-float/libmodem.a(rpc_transport_ipc.c.obj)
                0x00019a54                rpc_transport_ipc_init
 .text.ipc_irq_handler
                0x00019bcc      0x130 C:/Users/dawnm/ncs/v1.9.1/nrfxlib/nrf_modem/lib/cortex-m33/soft-float/libmodem.a(rpc_transport_ipc.c.obj)
                0x00019bcc                ipc_irq_handler
 .text.interface_init
                0x00019cfc       0x18 C:/Users/dawnm/ncs/v1.9.1/nrfxlib/nrf_modem/lib/cortex-m33/soft-float/libmodem.a(interface.c.obj)
                0x00019cfc                interface_init
 .text.interface_socket_allocate
                0x00019d14       0x4c C:/Users/dawnm/ncs/v1.9.1/nrfxlib/nrf_modem/lib/cortex-m33/soft-float/libmodem.a(interface.c.obj)
                0x00019d14                interface_socket_allocate
 .text.interface_socket_free
                0x00019d60       0x18 C:/Users/dawnm/ncs/v1.9.1/nrfxlib/nrf_modem/lib/cortex-m33/soft-float/libmodem.a(interface.c.obj)
                0x00019d60                interface_socket_free
 .text.interface_socket_packet_handler_update
                0x00019d78       0x34 C:/Users/dawnm/ncs/v1.9.1/nrfxlib/nrf_modem/lib/cortex-m33/soft-float/libmodem.a(interface.c.obj)
                0x00019d78                interface_socket_packet_handler_update
 .text.interface_socket_wait
                0x00019dac       0x4c C:/Users/dawnm/ncs/v1.9.1/nrfxlib/nrf_modem/lib/cortex-m33/soft-float/libmodem.a(interface.c.obj)
                0x00019dac                interface_socket_wait
 .text.interface_sockets_aux_state_set
                0x00019df8       0x3c C:/Users/dawnm/ncs/v1.9.1/nrfxlib/nrf_modem/lib/cortex-m33/soft-float/libmodem.a(interface.c.obj)
                0x00019df8                interface_sockets_aux_state_set
 .text.interface_sockets_aux_state_clear
                0x00019e34       0x3c C:/Users/dawnm/ncs/v1.9.1/nrfxlib/nrf_modem/lib/cortex-m33/soft-float/libmodem.a(interface.c.obj)
                0x00019e34                interface_sockets_aux_state_clear
 .text.interface_from_internal_id_search
                0x00019e70       0x30 C:/Users/dawnm/ncs/v1.9.1/nrfxlib/nrf_modem/lib/cortex-m33/soft-float/libmodem.a(interface.c.obj)
                0x00019e70                interface_from_internal_id_search
 .text.interface_socket_from_handle_get
                0x00019ea0       0x20 C:/Users/dawnm/ncs/v1.9.1/nrfxlib/nrf_modem/lib/cortex-m33/soft-float/libmodem.a(interface.c.obj)
                0x00019ea0                interface_socket_from_handle_get
 .text.interface_socket_setopt
                0x00019ec0       0x68 C:/Users/dawnm/ncs/v1.9.1/nrfxlib/nrf_modem/lib/cortex-m33/soft-float/libmodem.a(interface.c.obj)
                0x00019ec0                interface_socket_setopt
 .text.interface_socket_getopt
                0x00019f28       0x9c C:/Users/dawnm/ncs/v1.9.1/nrfxlib/nrf_modem/lib/cortex-m33/soft-float/libmodem.a(interface.c.obj)
                0x00019f28                interface_socket_getopt
 .text.interface_socket_fcntl
                0x00019fc4       0x68 C:/Users/dawnm/ncs/v1.9.1/nrfxlib/nrf_modem/lib/cortex-m33/soft-float/libmodem.a(interface.c.obj)
                0x00019fc4                interface_socket_fcntl
 .text.rpc_error_to_nrf_errno
                0x0001a02c       0x10 C:/Users/dawnm/ncs/v1.9.1/nrfxlib/nrf_modem/lib/cortex-m33/soft-float/libmodem.a(ip_interface.c.obj)
                0x0001a02c                rpc_error_to_nrf_errno
 .text.rpc_error_to_nrf_gai_errno
                0x0001a03c       0x40 C:/Users/dawnm/ncs/v1.9.1/nrfxlib/nrf_modem/lib/cortex-m33/soft-float/libmodem.a(ip_interface.c.obj)
                0x0001a03c                rpc_error_to_nrf_gai_errno
 .text.ip_interface_init
                0x0001a07c       0x30 C:/Users/dawnm/ncs/v1.9.1/nrfxlib/nrf_modem/lib/cortex-m33/soft-float/libmodem.a(ip_interface.c.obj)
                0x0001a07c                ip_interface_init
 .text.ip_interface_open
                0x0001a0ac       0xf8 C:/Users/dawnm/ncs/v1.9.1/nrfxlib/nrf_modem/lib/cortex-m33/soft-float/libmodem.a(ip_interface.c.obj)
                0x0001a0ac                ip_interface_open
 .text.ip_interface_close
                0x0001a1a4       0x8c C:/Users/dawnm/ncs/v1.9.1/nrfxlib/nrf_modem/lib/cortex-m33/soft-float/libmodem.a(ip_interface.c.obj)
                0x0001a1a4                ip_interface_close
 .text.ip_interface_sendto
                0x0001a230      0x23c C:/Users/dawnm/ncs/v1.9.1/nrfxlib/nrf_modem/lib/cortex-m33/soft-float/libmodem.a(ip_interface.c.obj)
                0x0001a230                ip_interface_sendto
 .text.ip_interface_socketoption_get
                0x0001a46c       0xec C:/Users/dawnm/ncs/v1.9.1/nrfxlib/nrf_modem/lib/cortex-m33/soft-float/libmodem.a(ip_interface.c.obj)
                0x0001a46c                ip_interface_socketoption_get
 .text.ip_interface_bind
                0x0001a558       0xc0 C:/Users/dawnm/ncs/v1.9.1/nrfxlib/nrf_modem/lib/cortex-m33/soft-float/libmodem.a(ip_interface.c.obj)
                0x0001a558                ip_interface_bind
 .text.ip_interface_listen
                0x0001a618       0x9c C:/Users/dawnm/ncs/v1.9.1/nrfxlib/nrf_modem/lib/cortex-m33/soft-float/libmodem.a(ip_interface.c.obj)
                0x0001a618                ip_interface_listen
 .text.ip_interface_accept
                0x0001a6b4      0x1c8 C:/Users/dawnm/ncs/v1.9.1/nrfxlib/nrf_modem/lib/cortex-m33/soft-float/libmodem.a(ip_interface.c.obj)
                0x0001a6b4                ip_interface_accept
 .text.ip_interface_setopt
                0x0001a87c      0x158 C:/Users/dawnm/ncs/v1.9.1/nrfxlib/nrf_modem/lib/cortex-m33/soft-float/libmodem.a(ip_interface.c.obj)
                0x0001a87c                ip_interface_setopt
 .text.ip_interface_getaddrinfo
                0x0001a9d4      0x1fc C:/Users/dawnm/ncs/v1.9.1/nrfxlib/nrf_modem/lib/cortex-m33/soft-float/libmodem.a(ip_interface.c.obj)
                0x0001a9d4                ip_interface_getaddrinfo
 .text.ip_interface_freeaddrinfo
                0x0001abd0       0x34 C:/Users/dawnm/ncs/v1.9.1/nrfxlib/nrf_modem/lib/cortex-m33/soft-float/libmodem.a(ip_interface.c.obj)
                0x0001abd0                ip_interface_freeaddrinfo
 .text.rpc_ip_event_handler
                0x0001ac04      0x4d4 C:/Users/dawnm/ncs/v1.9.1/nrfxlib/nrf_modem/lib/cortex-m33/soft-float/libmodem.a(ip_interface.c.obj)
                0x0001ac04                rpc_ip_event_handler
 .text.secure_socket_dtls_timeout_check
                0x0001b0d8       0x38 C:/Users/dawnm/ncs/v1.9.1/nrfxlib/nrf_modem/lib/cortex-m33/soft-float/libmodem.a(tls_interface.c.obj)
 .text.hostname_free
                0x0001b110       0x24 C:/Users/dawnm/ncs/v1.9.1/nrfxlib/nrf_modem/lib/cortex-m33/soft-float/libmodem.a(tls_interface.c.obj)
 .text.secure_socket_attach_initiate
                0x0001b134       0xa4 C:/Users/dawnm/ncs/v1.9.1/nrfxlib/nrf_modem/lib/cortex-m33/soft-float/libmodem.a(tls_interface.c.obj)
 .text.tls_interface_init
                0x0001b1d8       0x10 C:/Users/dawnm/ncs/v1.9.1/nrfxlib/nrf_modem/lib/cortex-m33/soft-float/libmodem.a(tls_interface.c.obj)
                0x0001b1d8                tls_interface_init
 .text.tls_interface_open
                0x0001b1e8       0x94 C:/Users/dawnm/ncs/v1.9.1/nrfxlib/nrf_modem/lib/cortex-m33/soft-float/libmodem.a(tls_interface.c.obj)
                0x0001b1e8                tls_interface_open
 .text.tls_interface_sendto
                0x0001b27c      0x108 C:/Users/dawnm/ncs/v1.9.1/nrfxlib/nrf_modem/lib/cortex-m33/soft-float/libmodem.a(tls_interface.c.obj)
                0x0001b27c                tls_interface_sendto
 .text.tls_interface_recvfrom
                0x0001b384       0x74 C:/Users/dawnm/ncs/v1.9.1/nrfxlib/nrf_modem/lib/cortex-m33/soft-float/libmodem.a(tls_interface.c.obj)
                0x0001b384                tls_interface_recvfrom
 .text.tls_interface_bind
                0x0001b3f8       0x54 C:/Users/dawnm/ncs/v1.9.1/nrfxlib/nrf_modem/lib/cortex-m33/soft-float/libmodem.a(tls_interface.c.obj)
                0x0001b3f8                tls_interface_bind
 .text.tls_interface_connect
                0x0001b44c       0x5c C:/Users/dawnm/ncs/v1.9.1/nrfxlib/nrf_modem/lib/cortex-m33/soft-float/libmodem.a(tls_interface.c.obj)
                0x0001b44c                tls_interface_connect
 .text.tls_interface_listen
                0x0001b4a8       0x84 C:/Users/dawnm/ncs/v1.9.1/nrfxlib/nrf_modem/lib/cortex-m33/soft-float/libmodem.a(tls_interface.c.obj)
                0x0001b4a8                tls_interface_listen
 .text.tls_interface_accept
                0x0001b52c       0xbc C:/Users/dawnm/ncs/v1.9.1/nrfxlib/nrf_modem/lib/cortex-m33/soft-float/libmodem.a(tls_interface.c.obj)
                0x0001b52c                tls_interface_accept
 .text.tls_interface_setopt
                0x0001b5e8      0x15c C:/Users/dawnm/ncs/v1.9.1/nrfxlib/nrf_modem/lib/cortex-m33/soft-float/libmodem.a(tls_interface.c.obj)
                0x0001b5e8                tls_interface_setopt
 .text.tls_interface_getopt
                0x0001b744      0x130 C:/Users/dawnm/ncs/v1.9.1/nrfxlib/nrf_modem/lib/cortex-m33/soft-float/libmodem.a(tls_interface.c.obj)
                0x0001b744                tls_interface_getopt
 .text.tls_rpc_ip_event_handler
                0x0001b874       0xec C:/Users/dawnm/ncs/v1.9.1/nrfxlib/nrf_modem/lib/cortex-m33/soft-float/libmodem.a(tls_interface.c.obj)
                0x0001b874                tls_rpc_ip_event_handler
 .text.at_cmd_send
                0x0001b960       0x48 C:/Users/dawnm/ncs/v1.9.1/nrfxlib/nrf_modem/lib/cortex-m33/soft-float/libmodem.a(nrf_modem_at.c.obj)
 .text.at_response_match
                0x0001b9a8       0x4c C:/Users/dawnm/ncs/v1.9.1/nrfxlib/nrf_modem/lib/cortex-m33/soft-float/libmodem.a(nrf_modem_at.c.obj)
 .text.at_vprintf
                0x0001b9f4       0x88 C:/Users/dawnm/ncs/v1.9.1/nrfxlib/nrf_modem/lib/cortex-m33/soft-float/libmodem.a(nrf_modem_at.c.obj)
 .text.nrf_modem_at_init
                0x0001ba7c       0x2c C:/Users/dawnm/ncs/v1.9.1/nrfxlib/nrf_modem/lib/cortex-m33/soft-float/libmodem.a(nrf_modem_at.c.obj)
                0x0001ba7c                nrf_modem_at_init
 .text.nrf_modem_at_notif_handler_set
                0x0001baa8        0xc C:/Users/dawnm/ncs/v1.9.1/nrfxlib/nrf_modem/lib/cortex-m33/soft-float/libmodem.a(nrf_modem_at.c.obj)
                0x0001baa8                nrf_modem_at_notif_handler_set
 .text.nrf_modem_at_printf
                0x0001bab4       0x50 C:/Users/dawnm/ncs/v1.9.1/nrfxlib/nrf_modem/lib/cortex-m33/soft-float/libmodem.a(nrf_modem_at.c.obj)
                0x0001bab4                nrf_modem_at_printf
 .text.nrf_modem_at_cmd
                0x0001bb04       0xcc C:/Users/dawnm/ncs/v1.9.1/nrfxlib/nrf_modem/lib/cortex-m33/soft-float/libmodem.a(nrf_modem_at.c.obj)
                0x0001bb04                nrf_modem_at_cmd
 .text.nrf_modem_at_scanf
                0x0001bbd0       0x9c C:/Users/dawnm/ncs/v1.9.1/nrfxlib/nrf_modem/lib/cortex-m33/soft-float/libmodem.a(nrf_modem_at.c.obj)
                0x0001bbd0                nrf_modem_at_scanf
 .text.rpc_at_event_handler
                0x0001bc6c       0x6c C:/Users/dawnm/ncs/v1.9.1/nrfxlib/nrf_modem/lib/cortex-m33/soft-float/libmodem.a(nrf_modem_at.c.obj)
                0x0001bc6c                rpc_at_event_handler
 .text.rpc_dfu_event_handler
                0x0001bcd8       0x30 C:/Users/dawnm/ncs/v1.9.1/nrfxlib/nrf_modem/lib/cortex-m33/soft-float/libmodem.a(nrf_modem_delta_dfu.c.obj)
                0x0001bcd8                rpc_dfu_event_handler
 .text.rpc_gnss_event_handler
                0x0001bd08      0x1bc C:/Users/dawnm/ncs/v1.9.1/nrfxlib/nrf_modem/lib/cortex-m33/soft-float/libmodem.a(nrf_modem_gnss.c.obj)
                0x0001bd08                rpc_gnss_event_handler
 .text.full_dfu_ipc_irq_handler
                0x0001bec4       0x18 C:/Users/dawnm/ncs/v1.9.1/nrfxlib/nrf_modem/lib/cortex-m33/soft-float/libmodem.a(full_dfu_interface.c.obj)
                0x0001bec4                full_dfu_ipc_irq_handler
 .text.modem_ipc_wait_for_event
                0x0001bedc       0x40 C:/Users/dawnm/ncs/v1.9.1/nrfxlib/nrf_modem/lib/cortex-m33/soft-float/libmodem.a(full_dfu_interface.c.obj)
                0x0001bedc                modem_ipc_wait_for_event
 .text.nrf_modem_full_dfu_setup
                0x0001bf1c       0xd4 C:/Users/dawnm/ncs/v1.9.1/nrfxlib/nrf_modem/lib/cortex-m33/soft-float/libmodem.a(full_dfu_interface.c.obj)
                0x0001bf1c                nrf_modem_full_dfu_setup
 .text.packet_handler_create
                0x0001bff0       0x44 C:/Users/dawnm/ncs/v1.9.1/nrfxlib/nrf_modem/lib/cortex-m33/soft-float/libmodem.a(packet_handler_factory.c.obj)
                0x0001bff0                packet_handler_create
 .text.modem_off
                0x0001c034       0x28 C:/Users/dawnm/ncs/v1.9.1/nrfxlib/nrf_modem/lib/cortex-m33/soft-float/libmodem.a(nrf_modem.c.obj)
 .text.nrf_modem_init
                0x0001c05c       0x64 C:/Users/dawnm/ncs/v1.9.1/nrfxlib/nrf_modem/lib/cortex-m33/soft-float/libmodem.a(nrf_modem.c.obj)
                0x0001c05c                nrf_modem_init
 .text.nrf_modem_platform_af_method_table_get
                0x0001c0c0       0x54 C:/Users/dawnm/ncs/v1.9.1/nrfxlib/nrf_modem/lib/cortex-m33/soft-float/libmodem.a(nrf_modem_platform.c.obj)
                0x0001c0c0                nrf_modem_platform_af_method_table_get
 .text.z_sys_init_run_level
                0x0001c114       0x40 zephyr/kernel/libkernel.a(device.c.obj)
                0x0001c114                z_sys_init_run_level
 .text.z_impl_device_get_binding
                0x0001c154       0x58 zephyr/kernel/libkernel.a(device.c.obj)
                0x0001c154                z_impl_device_get_binding
 .text.z_impl_z_errno
                0x0001c1ac        0xc zephyr/kernel/libkernel.a(errno.c.obj)
                0x0001c1ac                z_impl_z_errno
 .text.z_fatal_error
                0x0001c1b8       0xc4 zephyr/kernel/libkernel.a(fatal.c.obj)
                0x0001c1b8                z_fatal_error
 .text.init_idle_thread
                0x0001c27c       0x54 zephyr/kernel/libkernel.a(init.c.obj)
 .text.bg_thread_main
                0x0001c2d0       0x34 zephyr/kernel/libkernel.a(init.c.obj)
 .text.z_bss_zero
                0x0001c304       0x14 zephyr/kernel/libkernel.a(init.c.obj)
                0x0001c304                z_bss_zero
 .text.z_cstart
                0x0001c318       0xe8 zephyr/kernel/libkernel.a(init.c.obj)
                0x0001c318                z_cstart
 .text.statics_init
                0x0001c400       0x24 zephyr/kernel/libkernel.a(kheap.c.obj)
 .text.init_mem_slab_module
                0x0001c424       0x44 zephyr/kernel/libkernel.a(mem_slab.c.obj)
 .text.k_mem_slab_alloc
                0x0001c468       0x60 zephyr/kernel/libkernel.a(mem_slab.c.obj)
                0x0001c468                k_mem_slab_alloc
 .text.z_setup_new_thread
                0x0001c4c8       0x64 zephyr/kernel/libkernel.a(thread.c.obj)
                0x0001c4c8                z_setup_new_thread
 .text.z_impl_k_thread_create
                0x0001c52c       0x58 zephyr/kernel/libkernel.a(thread.c.obj)
                0x0001c52c                z_impl_k_thread_create
 .text.z_init_static_threads
                0x0001c584       0xbc zephyr/kernel/libkernel.a(thread.c.obj)
                0x0001c584                z_init_static_threads
 .text.idle     0x0001c640       0x2c zephyr/kernel/libkernel.a(idle.c.obj)
                0x0001c640                idle
 .text.z_impl_k_mutex_lock
                0x0001c66c       0xfc zephyr/kernel/libkernel.a(mutex.c.obj)
                0x0001c66c                z_impl_k_mutex_lock
 .text.z_impl_k_mutex_unlock
                0x0001c768       0x90 zephyr/kernel/libkernel.a(mutex.c.obj)
                0x0001c768                z_impl_k_mutex_unlock
 .text.z_impl_k_queue_get
                0x0001c7f8       0x68 zephyr/kernel/libkernel.a(queue.c.obj)
                0x0001c7f8                z_impl_k_queue_get
 .text.z_impl_k_sem_give
                0x0001c860       0x4c zephyr/kernel/libkernel.a(sem.c.obj)
                0x0001c860                z_impl_k_sem_give
 .text.z_impl_k_sem_take
                0x0001c8ac       0x54 zephyr/kernel/libkernel.a(sem.c.obj)
                0x0001c8ac                z_impl_k_sem_take
 .text.work_queue_main
                0x0001c900      0x13c zephyr/kernel/libkernel.a(work.c.obj)
 .text.submit_to_queue_locked
                0x0001ca3c       0xa0 zephyr/kernel/libkernel.a(work.c.obj)
 .text.k_work_submit
                0x0001cadc        0xc zephyr/kernel/libkernel.a(work.c.obj)
                0x0001cadc                k_work_submit
 .text.k_work_queue_start
                0x0001cae8       0x70 zephyr/kernel/libkernel.a(work.c.obj)
                0x0001cae8                k_work_queue_start
 .text.k_work_schedule_for_queue
                0x0001cb58       0x58 zephyr/kernel/libkernel.a(work.c.obj)
                0x0001cb58                k_work_schedule_for_queue
 .text.k_work_schedule
                0x0001cbb0        0xc zephyr/kernel/libkernel.a(work.c.obj)
                0x0001cbb0                k_work_schedule
 .text.z_reset_time_slice
                0x0001cbbc       0x2c zephyr/kernel/libkernel.a(sched.c.obj)
                0x0001cbbc                z_reset_time_slice
 .text.k_sched_time_slice_set
                0x0001cbe8       0x64 zephyr/kernel/libkernel.a(sched.c.obj)
                0x0001cbe8                k_sched_time_slice_set
 .text.z_reschedule
                0x0001cc4c       0x24 zephyr/kernel/libkernel.a(sched.c.obj)
                0x0001cc4c                z_reschedule
 .text.k_sched_lock
                0x0001cc70       0x28 zephyr/kernel/libkernel.a(sched.c.obj)
                0x0001cc70                k_sched_lock
 .text.update_cache
                0x0001cc98       0x40 zephyr/kernel/libkernel.a(sched.c.obj)
 .text.move_thread_to_end_of_prio_q
                0x0001ccd8       0x7c zephyr/kernel/libkernel.a(sched.c.obj)
 .text.z_time_slice
                0x0001cd54       0x84 zephyr/kernel/libkernel.a(sched.c.obj)
                0x0001cd54                z_time_slice
 .text.ready_thread
                0x0001cdd8       0x70 zephyr/kernel/libkernel.a(sched.c.obj)
 .text.z_sched_start
                0x0001ce48       0x3c zephyr/kernel/libkernel.a(sched.c.obj)
                0x0001ce48                z_sched_start
 .text.unready_thread
                0x0001ce84       0x30 zephyr/kernel/libkernel.a(sched.c.obj)
 .text.pend     0x0001ceb4       0x4c zephyr/kernel/libkernel.a(sched.c.obj)
 .text.z_pend_curr
                0x0001cf00       0x28 zephyr/kernel/libkernel.a(sched.c.obj)
                0x0001cf00                z_pend_curr
 .text.z_set_prio
                0x0001cf28       0x98 zephyr/kernel/libkernel.a(sched.c.obj)
                0x0001cf28                z_set_prio
 .text.z_impl_k_thread_suspend
                0x0001cfc0       0x64 zephyr/kernel/libkernel.a(sched.c.obj)
                0x0001cfc0                z_impl_k_thread_suspend
 .text.k_sched_unlock
                0x0001d024       0x38 zephyr/kernel/libkernel.a(sched.c.obj)
                0x0001d024                k_sched_unlock
 .text.z_sched_init
                0x0001d05c       0x18 zephyr/kernel/libkernel.a(sched.c.obj)
                0x0001d05c                z_sched_init
 .text.z_impl_k_yield
                0x0001d074       0x84 zephyr/kernel/libkernel.a(sched.c.obj)
                0x0001d074                z_impl_k_yield
 .text.z_tick_sleep
                0x0001d0f8       0x98 zephyr/kernel/libkernel.a(sched.c.obj)
 .text.z_impl_k_sleep
                0x0001d190       0x34 zephyr/kernel/libkernel.a(sched.c.obj)
                0x0001d190                z_impl_k_sleep
 .text.z_impl_z_current_get
                0x0001d1c4        0xc zephyr/kernel/libkernel.a(sched.c.obj)
                0x0001d1c4                z_impl_z_current_get
 .text.z_impl_k_is_preempt_thread
                0x0001d1d0       0x20 zephyr/kernel/libkernel.a(sched.c.obj)
                0x0001d1d0                z_impl_k_is_preempt_thread
 .text.z_thread_abort
                0x0001d1f0       0xa4 zephyr/kernel/libkernel.a(sched.c.obj)
                0x0001d1f0                z_thread_abort
 .text.z_sched_wait
                0x0001d294       0x24 zephyr/kernel/libkernel.a(sched.c.obj)
                0x0001d294                z_sched_wait
 .text.z_data_copy
                0x0001d2b8       0x34 zephyr/kernel/libkernel.a(xip.c.obj)
                0x0001d2b8                z_data_copy
 .text.elapsed  0x0001d2ec       0x14 zephyr/kernel/libkernel.a(timeout.c.obj)
 .text.remove_timeout
                0x0001d300       0x34 zephyr/kernel/libkernel.a(timeout.c.obj)
 .text.next_timeout
                0x0001d334       0x58 zephyr/kernel/libkernel.a(timeout.c.obj)
 .text.z_add_timeout
                0x0001d38c      0x110 zephyr/kernel/libkernel.a(timeout.c.obj)
                0x0001d38c                z_add_timeout
 .text.sys_clock_announce
                0x0001d49c       0xd4 zephyr/kernel/libkernel.a(timeout.c.obj)
                0x0001d49c                sys_clock_announce
 .text.sys_clock_tick_get
                0x0001d570       0x34 zephyr/kernel/libkernel.a(timeout.c.obj)
                0x0001d570                sys_clock_tick_get
 .text.z_timer_expiration_handler
                0x0001d5a4       0x8c zephyr/kernel/libkernel.a(timer.c.obj)
                0x0001d5a4                z_timer_expiration_handler
 .text.z_impl_k_timer_start
                0x0001d630       0xc0 zephyr/kernel/libkernel.a(timer.c.obj)
                0x0001d630                z_impl_k_timer_start
 .text.z_impl_k_poll
                0x0001d6f0       0xb8 zephyr/kernel/libkernel.a(poll.c.obj)
                0x0001d6f0                z_impl_k_poll
 .text.z_impl_k_poll_signal_raise
                0x0001d7a8       0x50 zephyr/kernel/libkernel.a(poll.c.obj)
                0x0001d7a8                z_impl_k_poll_signal_raise
 .text.k_aligned_alloc
                0x0001d7f8       0x10 zephyr/kernel/libkernel.a(mempool.c.obj)
                0x0001d7f8                k_aligned_alloc
 .text.z_thread_aligned_alloc
                0x0001d808       0x34 zephyr/kernel/libkernel.a(mempool.c.obj)
                0x0001d808                z_thread_aligned_alloc
 .text.boot_banner
                0x0001d83c       0x18 zephyr/kernel/libkernel.a(banner.c.obj)
                0x0001d83c                boot_banner
 .text.k_sys_work_q_init
                0x0001d854       0x34 zephyr/kernel/libkernel.a(system_work_q.c.obj)
 .text.gmtime_r
                0x0001d888      0x15c c:/Users/dawnm/ncs/v1.9.1/toolchain/opt/arm-none-eabi/lib/thumb/v8-m.main/nofp\libc_nano.a(lib_a-gmtime_r.o)
                0x0001d888                gmtime_r
 .text._free_r  0x0001d9e4       0x9c c:/Users/dawnm/ncs/v1.9.1/toolchain/opt/arm-none-eabi/lib/thumb/v8-m.main/nofp\libc_nano.a(lib_a-nano-freer.o)
                0x0001d9e4                _free_r
 .text._malloc_r
                0x0001da80       0xb4 c:/Users/dawnm/ncs/v1.9.1/toolchain/opt/arm-none-eabi/lib/thumb/v8-m.main/nofp\libc_nano.a(lib_a-nano-mallocr.o)
                0x0001da80                _malloc_r
 .text._sbrk_r  0x0001db34       0x20 c:/Users/dawnm/ncs/v1.9.1/toolchain/opt/arm-none-eabi/lib/thumb/v8-m.main/nofp\libc_nano.a(lib_a-sbrkr.o)
                0x0001db34                _sbrk_r
 .text._strtol_l.isra.0
                0x0001db54       0xf0 c:/Users/dawnm/ncs/v1.9.1/toolchain/opt/arm-none-eabi/lib/thumb/v8-m.main/nofp\libc_nano.a(lib_a-strtol.o)
 .text.strtol   0x0001dc44       0x14 c:/Users/dawnm/ncs/v1.9.1/toolchain/opt/arm-none-eabi/lib/thumb/v8-m.main/nofp\libc_nano.a(lib_a-strtol.o)
                0x0001dc44                strtol
 .text._strtoll_l.isra.0
                0x0001dc58      0x12c c:/Users/dawnm/ncs/v1.9.1/toolchain/opt/arm-none-eabi/lib/thumb/v8-m.main/nofp\libc_nano.a(lib_a-strtoll.o)
 .text.strtoll  0x0001dd84       0x14 c:/Users/dawnm/ncs/v1.9.1/toolchain/opt/arm-none-eabi/lib/thumb/v8-m.main/nofp\libc_nano.a(lib_a-strtoll.o)
                0x0001dd84                strtoll
 .text._strtoul_l.isra.0
                0x0001dd98       0xf4 c:/Users/dawnm/ncs/v1.9.1/toolchain/opt/arm-none-eabi/lib/thumb/v8-m.main/nofp\libc_nano.a(lib_a-strtoul.o)
 .text.strtoul  0x0001de8c       0x14 c:/Users/dawnm/ncs/v1.9.1/toolchain/opt/arm-none-eabi/lib/thumb/v8-m.main/nofp\libc_nano.a(lib_a-strtoul.o)
                0x0001de8c                strtoul
 .text.vsnprintf
                0x0001dea0       0x1c c:/Users/dawnm/ncs/v1.9.1/toolchain/opt/arm-none-eabi/lib/thumb/v8-m.main/nofp\libc_nano.a(lib_a-vsnprintf.o)
                0x0001dea0                vsniprintf
                0x0001dea0                vsnprintf
 .text._vsscanf_r
                0x0001debc       0x48 c:/Users/dawnm/ncs/v1.9.1/toolchain/opt/arm-none-eabi/lib/thumb/v8-m.main/nofp\libc_nano.a(lib_a-vsscanf.o)
                0x0001debc                _vsscanf_r
                0x0001debc                _vsiscanf_r
 .text.vsscanf  0x0001df04       0x14 c:/Users/dawnm/ncs/v1.9.1/toolchain/opt/arm-none-eabi/lib/thumb/v8-m.main/nofp\libc_nano.a(lib_a-vsscanf.o)
                0x0001df04                vsiscanf
                0x0001df04                vsscanf
 .text.__malloc_lock
                0x0001df18        0xc c:/Users/dawnm/ncs/v1.9.1/toolchain/opt/arm-none-eabi/lib/thumb/v8-m.main/nofp\libc_nano.a(lib_a-mlock.o)
                0x0001df18                __malloc_lock
 .text.__malloc_unlock
                0x0001df24        0xc c:/Users/dawnm/ncs/v1.9.1/toolchain/opt/arm-none-eabi/lib/thumb/v8-m.main/nofp\libc_nano.a(lib_a-mlock.o)
                0x0001df24                __malloc_unlock
 .text._svfprintf_r
                0x0001df30      0x200 c:/Users/dawnm/ncs/v1.9.1/toolchain/opt/arm-none-eabi/lib/thumb/v8-m.main/nofp\libc_nano.a(lib_a-nano-svfprintf.o)
                0x0001df30                _svfiprintf_r
                0x0001df30                _svfprintf_r
 .text.__ssvfscanf_r
                0x0001e130      0x2f8 c:/Users/dawnm/ncs/v1.9.1/toolchain/opt/arm-none-eabi/lib/thumb/v8-m.main/nofp\libc_nano.a(lib_a-nano-svfscanf.o)
                0x0001e130                __ssvfiscanf_r
                0x0001e130                __ssvfscanf_r
 .text._printf_i
                0x0001e428      0x24c c:/Users/dawnm/ncs/v1.9.1/toolchain/opt/arm-none-eabi/lib/thumb/v8-m.main/nofp\libc_nano.a(lib_a-nano-vfprintf_i.o)
                0x0001e428                _printf_i
 .text._scanf_chars
                0x0001e674       0xb0 c:/Users/dawnm/ncs/v1.9.1/toolchain/opt/arm-none-eabi/lib/thumb/v8-m.main/nofp\libc_nano.a(lib_a-nano-vfscanf_i.o)
                0x0001e674                _scanf_chars
 .text._scanf_i
                0x0001e724      0x1e4 c:/Users/dawnm/ncs/v1.9.1/toolchain/opt/arm-none-eabi/lib/thumb/v8-m.main/nofp\libc_nano.a(lib_a-nano-vfscanf_i.o)
                0x0001e724                _scanf_i
 .text.main     0x0001e908        0xe app/libapp.a(main.c.obj)
                0x0001e908                main
 .text.crc16_ansi
                0x0001e916       0x18 app/libapp.a(com_protocol.c.obj)
 .text.create_operation_result_tx_message
                0x0001e92e       0x18 app/libapp.a(com_protocol.c.obj)
                0x0001e92e                create_operation_result_tx_message
 .text.create_coap_row_mean_data_message
                0x0001e946       0x48 app/libapp.a(com_protocol.c.obj)
                0x0001e946                create_coap_row_mean_data_message
 .text.crc16_ansi
                0x0001e98e       0x18 app/libapp.a(message_parsing.c.obj)
 .text.coap_client_send_dev_info_exit
                0x0001e9a6        0x4 app/libapp.a(coap_fsm.c.obj)
 .text.coap_client_send_dev_info_entry
                0x0001e9aa        0xc app/libapp.a(coap_fsm.c.obj)
 .text.coap_client_send_meas_exit
                0x0001e9b6        0x4 app/libapp.a(coap_fsm.c.obj)
 .text.coap_client_send_meas_entry
                0x0001e9ba        0xc app/libapp.a(coap_fsm.c.obj)
 .text.coap_observe_loop
                0x0001e9c6       0x72 app/libapp.a(coap_fsm.c.obj)
 .text.process_coap_rx_message
                0x0001ea38       0x1e app/libapp.a(coap_message_parsing.c.obj)
                0x0001ea38                process_coap_rx_message
 .text.gpio_pin_set
                0x0001ea56       0x20 app/libapp.a(gpio_interface.c.obj)
 .text.gpio_pin_configure.constprop.0
                0x0001ea76       0x1e app/libapp.a(gpio_interface.c.obj)
 .text.crc16    0x0001ea94       0x5a zephyr/libzephyr.a(crc16_sw.c.obj)
                0x0001ea94                crc16
 .text.z_fdtable_call_ioctl.constprop.0
                0x0001eaee       0x1e zephyr/libzephyr.a(fdtable.c.obj)
 .text.char2hex
                0x0001eb0c       0x30 zephyr/libzephyr.a(hex.c.obj)
                0x0001eb0c                char2hex
 .text.hex2bin  0x0001eb3c       0x74 zephyr/libzephyr.a(hex.c.obj)
                0x0001eb3c                hex2bin
 .text.sys_notify_validate
                0x0001ebb0       0x28 zephyr/libzephyr.a(notify.c.obj)
                0x0001ebb0                sys_notify_validate
 .text.sys_notify_finalize
                0x0001ebd8       0x32 zephyr/libzephyr.a(notify.c.obj)
                0x0001ebd8                sys_notify_finalize
 .text.arch_printk_char_out
                0x0001ec0a        0x4 zephyr/libzephyr.a(printk.c.obj)
                0x0001ec0a                arch_printk_char_out
 .text.str_out  0x0001ec0e       0x26 zephyr/libzephyr.a(printk.c.obj)
 .text.printk   0x0001ec34       0x1a zephyr/libzephyr.a(printk.c.obj)
                0x0001ec34                printk
 .text.snprintk
                0x0001ec4e       0x1a zephyr/libzephyr.a(printk.c.obj)
                0x0001ec4e                snprintk
 .text.process_recheck
                0x0001ec68       0x38 zephyr/libzephyr.a(onoff.c.obj)
 .text.notify_one
                0x0001eca0       0x2c zephyr/libzephyr.a(onoff.c.obj)
 .text.transition_complete
                0x0001eccc       0x1c zephyr/libzephyr.a(onoff.c.obj)
 .text.validate_args
                0x0001ece8       0x1e zephyr/libzephyr.a(onoff.c.obj)
 .text.onoff_manager_init
                0x0001ed06       0x26 zephyr/libzephyr.a(onoff.c.obj)
                0x0001ed06                onoff_manager_init
 .text.onoff_request
                0x0001ed2c       0x92 zephyr/libzephyr.a(onoff.c.obj)
                0x0001ed2c                onoff_request
 .text.z_thread_entry
                0x0001edbe       0x14 zephyr/libzephyr.a(thread_entry.c.obj)
                0x0001edbe                z_thread_entry
 .text.chunk_size
                0x0001edd2        0xa zephyr/libzephyr.a(heap.c.obj)
 .text.free_list_add
                0x0001eddc       0x4e zephyr/libzephyr.a(heap.c.obj)
 .text.free_list_remove_bidx
                0x0001ee2a       0x3a zephyr/libzephyr.a(heap.c.obj)
 .text.free_list_remove
                0x0001ee64       0x1a zephyr/libzephyr.a(heap.c.obj)
 .text.alloc_chunk
                0x0001ee7e       0x6c zephyr/libzephyr.a(heap.c.obj)
 .text.merge_chunks
                0x0001eeea       0x2e zephyr/libzephyr.a(heap.c.obj)
 .text.split_chunks
                0x0001ef18       0x34 zephyr/libzephyr.a(heap.c.obj)
 .text.free_chunk
                0x0001ef4c       0x62 zephyr/libzephyr.a(heap.c.obj)
 .text.sys_heap_free
                0x0001efae       0x1e zephyr/libzephyr.a(heap.c.obj)
                0x0001efae                sys_heap_free
 .text.sys_heap_alloc
                0x0001efcc       0x54 zephyr/libzephyr.a(heap.c.obj)
                0x0001efcc                sys_heap_alloc
 .text.sys_heap_aligned_alloc
                0x0001f020       0xd0 zephyr/libzephyr.a(heap.c.obj)
                0x0001f020                sys_heap_aligned_alloc
 .text.sys_heap_init
                0x0001f0f0       0x6c zephyr/libzephyr.a(heap.c.obj)
                0x0001f0f0                sys_heap_init
 .text.outs     0x0001f15c       0x2c zephyr/libzephyr.a(cbprintf_complete.c.obj)
 .text._ConfigAbsSyms
                0x0001f188        0x2 zephyr/libzephyr.a(configs.c.obj)
                0x0001f188                _ConfigAbsSyms
 .text.pm_power_state_set
                0x0001f18a       0x26 zephyr/libzephyr.a(power.c.obj)
                0x0001f18a                pm_power_state_set
 .text.pm_power_state_exit_post_ops
                0x0001f1b0       0x16 zephyr/libzephyr.a(power.c.obj)
                0x0001f1b0                pm_power_state_exit_post_ops
 .text.log_list_init
                0x0001f1c6        0x8 zephyr/libzephyr.a(log_list.c.obj)
                0x0001f1c6                log_list_init
 .text.log_list_add_tail
                0x0001f1ce       0x14 zephyr/libzephyr.a(log_list.c.obj)
                0x0001f1ce                log_list_add_tail
 .text.log_list_head_peek
                0x0001f1e2        0x4 zephyr/libzephyr.a(log_list.c.obj)
                0x0001f1e2                log_list_head_peek
 .text.log_list_head_get
                0x0001f1e6        0xc zephyr/libzephyr.a(log_list.c.obj)
                0x0001f1e6                log_list_head_get
 .text.z_log_msg_std_alloc
                0x0001f1f2       0x12 zephyr/libzephyr.a(log_core.c.obj)
 .text.default_get_timestamp
                0x0001f204        0x4 zephyr/libzephyr.a(log_core.c.obj)
 .text.dummy_timestamp
                0x0001f208        0x4 zephyr/libzephyr.a(log_core.c.obj)
 .text.log_0    0x0001f20c       0x1a zephyr/libzephyr.a(log_core.c.obj)
                0x0001f20c                log_0
 .text.log_1    0x0001f226       0x28 zephyr/libzephyr.a(log_core.c.obj)
                0x0001f226                log_1
 .text.log_2    0x0001f24e       0x32 zephyr/libzephyr.a(log_core.c.obj)
                0x0001f24e                log_2
 .text.log_3    0x0001f280       0x38 zephyr/libzephyr.a(log_core.c.obj)
                0x0001f280                log_3
 .text.z_log_get_tag
                0x0001f2b8        0x4 zephyr/libzephyr.a(log_core.c.obj)
                0x0001f2b8                z_log_get_tag
 .text.log_msg_hexdump_data_op
                0x0001f2bc       0xac zephyr/libzephyr.a(log_msg.c.obj)
 .text.log_msg_get
                0x0001f368       0x12 zephyr/libzephyr.a(log_msg.c.obj)
                0x0001f368                log_msg_get
 .text.log_msg_nargs_get
                0x0001f37a        0x6 zephyr/libzephyr.a(log_msg.c.obj)
                0x0001f37a                log_msg_nargs_get
 .text.log_msg_arg_get
                0x0001f380       0x3e zephyr/libzephyr.a(log_msg.c.obj)
                0x0001f380                log_msg_arg_get
 .text.log_msg_put
                0x0001f3be       0x1e zephyr/libzephyr.a(log_msg.c.obj)
                0x0001f3be                log_msg_put
 .text.log_msg_str_get
                0x0001f3dc        0x4 zephyr/libzephyr.a(log_msg.c.obj)
                0x0001f3dc                log_msg_str_get
 .text.log_msg_hexdump_data_get
                0x0001f3e0        0xe zephyr/libzephyr.a(log_msg.c.obj)
                0x0001f3e0                log_msg_hexdump_data_get
 .text.buffer_write
                0x0001f3ee       0x1a zephyr/libzephyr.a(log_output.c.obj)
 .text.std_print
                0x0001f408      0x2ba zephyr/libzephyr.a(log_output.c.obj)
 .text.log_output_flush
                0x0001f6c2       0x1a zephyr/libzephyr.a(log_output.c.obj)
                0x0001f6c2                log_output_flush
 .text.out_func
                0x0001f6dc       0x2e zephyr/libzephyr.a(log_output.c.obj)
 .text.append_u8