Archive member included to satisfy reference by file (symbol)

app/libapp.a(main.c.obj)      (--whole-archive)
app/libapp.a(flash_map_extended.c.obj)
                              (--whole-archive)
app/libapp.a(os.c.obj)        (--whole-archive)
app/libapp.a(keys.c.obj)      (--whole-archive)
app/libapp.a(image_validate.c.obj)
                              (--whole-archive)
app/libapp.a(tlv.c.obj)       (--whole-archive)
app/libapp.a(encrypted.c.obj)
                              (--whole-archive)
app/libapp.a(image_rsa.c.obj)
                              (--whole-archive)
app/libapp.a(image_ec256.c.obj)
                              (--whole-archive)
app/libapp.a(image_ed25519.c.obj)
                              (--whole-archive)
app/libapp.a(bootutil_misc.c.obj)
                              (--whole-archive)
app/libapp.a(fault_injection_hardening.c.obj)
                              (--whole-archive)
app/libapp.a(loader.c.obj)    (--whole-archive)
app/libapp.a(swap_misc.c.obj)
                              (--whole-archive)
app/libapp.a(swap_scratch.c.obj)
                              (--whole-archive)
app/libapp.a(swap_move.c.obj)
                              (--whole-archive)
app/libapp.a(caps.c.obj)      (--whole-archive)
app/libapp.a(asn1parse.c.obj)
                              (--whole-archive)
app/libapp.a(platform_util.c.obj)
                              (--whole-archive)
app/libapp.a(cc310_glue.c.obj)
                              (--whole-archive)
app/libapp.a(autogen-pubkey.c.obj)
                              (--whole-archive)
app/libapp.a(nrf_cleanup.c.obj)
                              (--whole-archive)
zephyr/libzephyr.a(cbprintf.c.obj)
                              (--whole-archive)
zephyr/libzephyr.a(cbprintf_packaged.c.obj)
                              (--whole-archive)
zephyr/libzephyr.a(crc32c_sw.c.obj)
                              (--whole-archive)
zephyr/libzephyr.a(crc32_sw.c.obj)
                              (--whole-archive)
zephyr/libzephyr.a(crc16_sw.c.obj)
                              (--whole-archive)
zephyr/libzephyr.a(crc8_sw.c.obj)
                              (--whole-archive)
zephyr/libzephyr.a(crc7_sw.c.obj)
                              (--whole-archive)
zephyr/libzephyr.a(dec.c.obj)
                              (--whole-archive)
zephyr/libzephyr.a(fdtable.c.obj)
                              (--whole-archive)
zephyr/libzephyr.a(hex.c.obj)
                              (--whole-archive)
zephyr/libzephyr.a(notify.c.obj)
                              (--whole-archive)
zephyr/libzephyr.a(printk.c.obj)
                              (--whole-archive)
zephyr/libzephyr.a(onoff.c.obj)
                              (--whole-archive)
zephyr/libzephyr.a(rb.c.obj)  (--whole-archive)
zephyr/libzephyr.a(sem.c.obj)
                              (--whole-archive)
zephyr/libzephyr.a(thread_entry.c.obj)
                              (--whole-archive)
zephyr/libzephyr.a(timeutil.c.obj)
                              (--whole-archive)
zephyr/libzephyr.a(heap.c.obj)
                              (--whole-archive)
zephyr/libzephyr.a(heap-validate.c.obj)
                              (--whole-archive)
zephyr/libzephyr.a(bitarray.c.obj)
                              (--whole-archive)
zephyr/libzephyr.a(multi_heap.c.obj)
                              (--whole-archive)
zephyr/libzephyr.a(cbprintf_nano.c.obj)
                              (--whole-archive)
zephyr/libzephyr.a(reboot.c.obj)
                              (--whole-archive)
zephyr/libzephyr.a(configs.c.obj)
                              (--whole-archive)
zephyr/libzephyr.a(soc_nrf_common.S.obj)
                              (--whole-archive)
zephyr/libzephyr.a(validate_base_addresses.c.obj)
                              (--whole-archive)
zephyr/libzephyr.a(validate_enabled_instances.c.obj)
                              (--whole-archive)
zephyr/libzephyr.a(log_minimal.c.obj)
                              (--whole-archive)
zephyr/libzephyr.a(flash_map.c.obj)
                              (--whole-archive)
zephyr/libzephyr.a(flash_map_layout.c.obj)
                              (--whole-archive)
zephyr/libzephyr.a(tracing_none.c.obj)
                              (--whole-archive)
zephyr/libzephyr.a(flash_map_partition_manager.c.obj)
                              (--whole-archive)
zephyr/libzephyr.a(nrf_cc3xx_platform_abort_zephyr.c.obj)
                              (--whole-archive)
zephyr/libzephyr.a(nrf_cc3xx_platform_no_mutex_zephyr.c.obj)
                              (--whole-archive)
zephyr/arch/common/libarch__common.a(sw_isr_common.c.obj)
                              (--whole-archive)
zephyr/arch/arch/arm/core/aarch32/libarch__arm__core__aarch32.a(cpu_idle.S.obj)
                              (--whole-archive)
zephyr/arch/arch/arm/core/aarch32/libarch__arm__core__aarch32.a(fatal.c.obj)
                              (--whole-archive)
zephyr/arch/arch/arm/core/aarch32/libarch__arm__core__aarch32.a(irq_manage.c.obj)
[...]
Memory Configuration

Name             Origin             Length             Attributes
FLASH            0x00000000         0x0000c000         xr
SRAM             0x20000000         0x00040000         xw
IDT_LIST         0xfffff7ff         0x00000800         xw
*default*        0x00000000         0xffffffff

Linker script and memory map

LOAD zephyr/CMakeFiles/zephyr_pre1.dir/misc/empty_file.c.obj
LOAD zephyr/CMakeFiles/zephyr_pre1.dir/dev_handles.c.obj
                0x00000020                _region_min_align = 0x20

.rel.plt        0x00000000        0x0
 *(SORT_BY_ALIGNMENT(.rel.plt))
                [!provide]                PROVIDE (__rel_iplt_start = .)
 *(SORT_BY_ALIGNMENT(.rel.iplt))
 .rel.iplt      0x00000000        0x0 zephyr/CMakeFiles/zephyr_pre1.dir/dev_handles.c.obj
                [!provide]                PROVIDE (__rel_iplt_end = .)

.rela.plt       0x00000000        0x0
 *(SORT_BY_ALIGNMENT(.rela.plt))
                [!provide]                PROVIDE (__rela_iplt_start = .)
 *(SORT_BY_ALIGNMENT(.rela.iplt))
                [!provide]                PROVIDE (__rela_iplt_end = .)

.rel.dyn
 *(SORT_BY_ALIGNMENT(.rel.*))

.rela.dyn
 *(SORT_BY_ALIGNMENT(.rela.*))

/DISCARD/
 *(SORT_BY_ALIGNMENT(.plt))
 *(SORT_BY_ALIGNMENT(.iplt))
 *(SORT_BY_ALIGNMENT(.got.plt))
 *(SORT_BY_ALIGNMENT(.igot.plt))
 *(SORT_BY_ALIGNMENT(.got))
 *(SORT_BY_ALIGNMENT(.igot))
 *(SORT_BY_ALIGNMENT(.note.GNU-stack))
                0x00000000                __rom_region_start = 0x0

rom_start       0x00000000      0x100
                0x00000000                . = 0x0
                0x00000000                . = ALIGN (0x4)
                0x00000000                . = ALIGN (0x80)
                0x00000000                . = ALIGN (0x100)
                0x00000000                _vector_start = .
 *(SORT_BY_ALIGNMENT(.exc_vector_table))
 *(SORT_BY_ALIGNMENT(.exc_vector_table.*))
 .exc_vector_table._vector_table_section
                0x00000000       0x40 zephyr/arch/arch/arm/core/aarch32/cortex_m/libarch__arm__core__aarch32__cortex_m.a(vector_table.S.obj)
                0x00000000                _vector_table
 *(SORT_BY_ALIGNMENT(.gnu.linkonce.irq_vector_table*))
 .gnu.linkonce.irq_vector_table
                0x00000040       0xc0 zephyr/arch/common/libisr_tables.a(isr_tables.c.obj)
                0x00000040                _irq_vector_table
 *(SORT_BY_ALIGNMENT(.vectors))
                0x00000100                _vector_end = .

text            0x00000100     0x67c0
                0x00000100                __text_region_start = .
 *(SORT_BY_ALIGNMENT(.text))
 .text          0x00000100       0x30 c:/users/dawnm/ncs/v1.9.1/toolchain/opt/bin/../lib/gcc/arm-none-eabi/9.2.1/thumb/v7e-m+fp/hard\libgcc.a(_aeabi_uldivmod.o)
                0x00000100                __aeabi_uldivmod
 .text          0x00000130      0x2c4 c:/users/dawnm/ncs/v1.9.1/toolchain/opt/bin/../lib/gcc/arm-none-eabi/9.2.1/thumb/v7e-m+fp/hard\libgcc.a(_udivmoddi4.o)
                0x00000130                __udivmoddi4
 .text          0x000003f4        0x4 c:/users/dawnm/ncs/v1.9.1/toolchain/opt/bin/../lib/gcc/arm-none-eabi/9.2.1/thumb/v7e-m+fp/hard\libgcc.a(_dvmd_tls.o)
                0x000003f4                __aeabi_idiv0
                0x000003f4                __aeabi_ldiv0
 *(SORT_BY_ALIGNMENT(.text.*))
 .text.main     0x000003f8       0xf0 app/libapp.a(main.c.obj)
                0x000003f8                main
 .text.flash_device_get_binding
                0x000004e8       0x18 app/libapp.a(flash_map_extended.c.obj)
                0x000004e8                flash_device_get_binding
 .text.flash_device_base
                0x00000500       0x20 app/libapp.a(flash_map_extended.c.obj)
                0x00000500                flash_device_base
 .text.bootutil_img_validate
                0x00000520      0x230 app/libapp.a(image_validate.c.obj)
                0x00000520                bootutil_img_validate
 .text.bootutil_verify_sig
                0x00000750       0xf0 app/libapp.a(image_ec256.c.obj)
                0x00000750                bootutil_verify_sig
 .text.boot_read_swap_size
                0x00000840       0x7c app/libapp.a(bootutil_misc.c.obj)
                0x00000840                boot_read_swap_size
 .text.boot_validate_slot.isra.0
                0x000008bc      0x104 app/libapp.a(loader.c.obj)
 .text.boot_swap_image
                0x000009c0       0x7c app/libapp.a(loader.c.obj)
 .text.boot_copy_region
                0x00000a3c       0x84 app/libapp.a(loader.c.obj)
                0x00000a3c                boot_copy_region
 .text.context_boot_go
                0x00000ac0      0x260 app/libapp.a(loader.c.obj)
                0x00000ac0                context_boot_go
 .text.boot_go  0x00000d20       0x20 app/libapp.a(loader.c.obj)
                0x00000d20                boot_go
 .text.boot_read_image_header
                0x00000d40       0x9c app/libapp.a(swap_move.c.obj)
                0x00000d40                boot_read_image_header
 .text.swap_read_status_bytes
                0x00000ddc       0xc8 app/libapp.a(swap_move.c.obj)
                0x00000ddc                swap_read_status_bytes
 .text.boot_slots_compatible
                0x00000ea4       0x6c app/libapp.a(swap_move.c.obj)
                0x00000ea4                boot_slots_compatible
 .text.swap_status_source
                0x00000f10       0xcc app/libapp.a(swap_move.c.obj)
                0x00000f10                swap_status_source
 .text.fixup_revert
                0x00000fdc       0x98 app/libapp.a(swap_move.c.obj)
                0x00000fdc                fixup_revert
 .text.swap_run
                0x00001074      0x210 app/libapp.a(swap_move.c.obj)
                0x00001074                swap_run
 .text.cc310_init
                0x00001284       0x30 app/libapp.a(cc310_glue.c.obj)
                0x00001284                cc310_init
 .text.cc310_ecdsa_verify_secp256r1
                0x000012b4       0x34 app/libapp.a(cc310_glue.c.obj)
                0x000012b4                cc310_ecdsa_verify_secp256r1
 .text.nrf_cleanup_peripheral
                0x000012e8       0x6c app/libapp.a(nrf_cleanup.c.obj)
                0x000012e8                nrf_cleanup_peripheral
 .text.char_out
                0x00001354       0x10 zephyr/libzephyr.a(printk.c.obj)
 .text.vprintk  0x00001364       0x1c zephyr/libzephyr.a(printk.c.obj)
                0x00001364                vprintk
 .text.process_event
                0x00001380      0x1d0 zephyr/libzephyr.a(onoff.c.obj)
 .text.cbvprintf
                0x00001550      0x470 zephyr/libzephyr.a(cbprintf_nano.c.obj)
                0x00001550                cbvprintf
 .text.sys_reboot
                0x000019c0       0x28 zephyr/libzephyr.a(reboot.c.obj)
                0x000019c0                sys_reboot
 .text.flash_area_open
                0x000019e8       0x3c zephyr/libzephyr.a(flash_map.c.obj)
                0x000019e8                flash_area_open
 .text.flash_area_get_sectors
                0x00001a24       0x68 zephyr/libzephyr.a(flash_map_layout.c.obj)
                0x00001a24                flash_area_get_sectors
 .text.nrf_cc3xx_platform_abort_init
                0x00001a8c        0xc zephyr/libzephyr.a(nrf_cc3xx_platform_abort_zephyr.c.obj)
                0x00001a8c                nrf_cc3xx_platform_abort_init
 .text.z_arm_cpu_idle_init
                0x00001a98        0xc zephyr/arch/arch/arm/core/aarch32/libarch__arm__core__aarch32.a(cpu_idle.S.obj)
                0x00001a98                z_arm_cpu_idle_init
 .text.arch_cpu_idle
                0x00001aa4       0x1c zephyr/arch/arch/arm/core/aarch32/libarch__arm__core__aarch32.a(cpu_idle.S.obj)
                0x00001aa4                arch_cpu_idle
 .text.arch_cpu_atomic_idle
                0x00001ac0       0x14 zephyr/arch/arch/arm/core/aarch32/libarch__arm__core__aarch32.a(cpu_idle.S.obj)
                0x00001ac0                arch_cpu_atomic_idle
 .text.z_arm_fatal_error
                0x00001ad4       0x5c zephyr/arch/arch/arm/core/aarch32/libarch__arm__core__aarch32.a(fatal.c.obj)
                0x00001ad4                z_arm_fatal_error
 .text.arch_irq_enable
                0x00001b30       0x20 zephyr/arch/arch/arm/core/aarch32/libarch__arm__core__aarch32.a(irq_manage.c.obj)
                0x00001b30                arch_irq_enable
 .text.arch_irq_is_enabled
                0x00001b50       0x1c zephyr/arch/arch/arm/core/aarch32/libarch__arm__core__aarch32.a(irq_manage.c.obj)
                0x00001b50                arch_irq_is_enabled
 .text.z_arm_irq_priority_set
                0x00001b6c       0x30 zephyr/arch/arch/arm/core/aarch32/libarch__arm__core__aarch32.a(irq_manage.c.obj)
                0x00001b6c                z_arm_irq_priority_set
 .text.z_SysNmiOnReset
                0x00001b9c        0x8 zephyr/arch/arch/arm/core/aarch32/libarch__arm__core__aarch32.a(nmi_on_reset.S.obj)
                0x00001b9c                z_SysNmiOnReset
 .text.z_arm_prep_c
                0x00001ba4       0x5c zephyr/arch/arch/arm/core/aarch32/libarch__arm__core__aarch32.a(prep_c.c.obj)
                0x00001ba4                z_arm_prep_c
 .text.z_arm_svc
                0x00001c00       0x20 zephyr/arch/arch/arm/core/aarch32/libarch__arm__core__aarch32.a(swap_helper.S.obj)
                0x00001c00                z_arm_svc
 .text.z_check_thread_stack_fail
                0x00001c20       0x34 zephyr/arch/arch/arm/core/aarch32/libarch__arm__core__aarch32.a(thread.c.obj)
                0x00001c20                z_check_thread_stack_fail
 .text.z_arm_switch_to_main_no_multithreading
                0x00001c54       0x34 zephyr/arch/arch/arm/core/aarch32/libarch__arm__core__aarch32.a(thread.c.obj)
                0x00001c54                z_arm_switch_to_main_no_multithreading
 .text._isr_wrapper
                0x00001c88       0x28 zephyr/arch/arch/arm/core/aarch32/libarch__arm__core__aarch32.a(isr_wrapper.S.obj)
                0x00001c88                _isr_wrapper
 .text._HandlerModeExit
                0x00001cb0        0x4 zephyr/arch/arch/arm/core/aarch32/cortex_m/libarch__arm__core__aarch32__cortex_m.a(exc_exit.S.obj)
                0x00001cb0                z_arm_int_exit
                0x00001cb0                z_arm_exc_exit
 .text.mem_manage_fault
                0x00001cb4       0xe0 zephyr/arch/arch/arm/core/aarch32/cortex_m/libarch__arm__core__aarch32__cortex_m.a(fault.c.obj)
 .text.bus_fault.isra.0
                0x00001d94       0xb4 zephyr/arch/arch/arm/core/aarch32/cortex_m/libarch__arm__core__aarch32__cortex_m.a(fault.c.obj)
 .text.usage_fault.isra.0
                0x00001e48       0x98 zephyr/arch/arch/arm/core/aarch32/cortex_m/libarch__arm__core__aarch32__cortex_m.a(fault.c.obj)
 .text.z_arm_fault
                0x00001ee0      0x198 zephyr/arch/arch/arm/core/aarch32/cortex_m/libarch__arm__core__aarch32__cortex_m.a(fault.c.obj)
                0x00001ee0                z_arm_fault
 .text.z_arm_fault_init
                0x00002078       0x10 zephyr/arch/arch/arm/core/aarch32/cortex_m/libarch__arm__core__aarch32__cortex_m.a(fault.c.obj)
                0x00002078                z_arm_fault_init
 .text.__fault  0x00002088       0x14 zephyr/arch/arch/arm/core/aarch32/cortex_m/libarch__arm__core__aarch32__cortex_m.a(fault_s.S.obj)
                0x00002088                z_arm_usage_fault
                0x00002088                z_arm_mpu_fault
                0x00002088                z_arm_exc_spurious
                0x00002088                z_arm_debug_monitor
                0x00002088                z_arm_hard_fault
                0x00002088                z_arm_bus_fault
 .text.z_arm_interrupt_init
                0x0000209c       0x18 zephyr/arch/arch/arm/core/aarch32/cortex_m/libarch__arm__core__aarch32__cortex_m.a(irq_init.c.obj)
                0x0000209c                z_arm_interrupt_init
 .text._reset_section
                0x000020b4       0x54 zephyr/arch/arch/arm/core/aarch32/cortex_m/libarch__arm__core__aarch32__cortex_m.a(reset.S.obj)
                0x000020b4                __start
                0x000020b4                z_arm_reset
 .text.z_arm_clear_arm_mpu_config
                0x00002108       0x20 zephyr/arch/arch/arm/core/aarch32/cortex_m/libarch__arm__core__aarch32__cortex_m.a(scb.c.obj)
                0x00002108                z_arm_clear_arm_mpu_config
 .text.z_arm_init_arch_hw_at_boot
                0x00002128       0x64 zephyr/arch/arch/arm/core/aarch32/cortex_m/libarch__arm__core__aarch32__cortex_m.a(scb.c.obj)
                0x00002128                z_arm_init_arch_hw_at_boot
 .text.z_arm_configure_static_mpu_regions
                0x0000218c       0x18 zephyr/arch/arch/arm/core/aarch32/mpu/libarch__arm__core__aarch32__mpu.a(arm_core_mpu.c.obj)
                0x0000218c                z_arm_configure_static_mpu_regions
 .text.mpu_configure_regions
                0x000021a4       0x98 zephyr/arch/arch/arm/core/aarch32/mpu/libarch__arm__core__aarch32__mpu.a(arm_mpu.c.obj)
 .text.arm_core_mpu_enable
                0x0000223c       0x14 zephyr/arch/arch/arm/core/aarch32/mpu/libarch__arm__core__aarch32__mpu.a(arm_mpu.c.obj)
                0x0000223c                arm_core_mpu_enable
 .text.arm_core_mpu_disable
                0x00002250       0x10 zephyr/arch/arch/arm/core/aarch32/mpu/libarch__arm__core__aarch32__mpu.a(arm_mpu.c.obj)
                0x00002250                arm_core_mpu_disable
 .text.arm_core_mpu_configure_static_mpu_regions
                0x00002260       0x14 zephyr/arch/arch/arm/core/aarch32/mpu/libarch__arm__core__aarch32__mpu.a(arm_mpu.c.obj)
                0x00002260                arm_core_mpu_configure_static_mpu_regions
 .text.z_arm_mpu_init
                0x00002274       0x5c zephyr/arch/arch/arm/core/aarch32/mpu/libarch__arm__core__aarch32__mpu.a(arm_mpu.c.obj)
                0x00002274                z_arm_mpu_init
 .text.nordicsemi_nrf52_init
                0x000022d0       0x64 zephyr/soc/arm/nordic_nrf/nrf52/libsoc__arm__nordic_nrf__nrf52.a(soc.c.obj)
 .text.sys_arch_reboot
                0x00002334       0x2c zephyr/soc/arm/nordic_nrf/nrf52/libsoc__arm__nordic_nrf__nrf52.a(soc.c.obj)
                0x00002334                sys_arch_reboot
 .text.arch_busy_wait
                0x00002360       0x14 zephyr/soc/arm/nordic_nrf/nrf52/libsoc__arm__nordic_nrf__nrf52.a(soc.c.obj)
                0x00002360                arch_busy_wait
 .text.onoff_stop
                0x00002374       0x48 zephyr/drivers/clock_control/libdrivers__clock_control.a(clock_control_nrf.c.obj)
 .text.onoff_start
                0x000023bc       0x54 zephyr/drivers/clock_control/libdrivers__clock_control.a(clock_control_nrf.c.obj)
 .text.clk_init
                0x00002410       0x60 zephyr/drivers/clock_control/libdrivers__clock_control.a(clock_control_nrf.c.obj)
 .text.clkstarted_handle.constprop.0
                0x00002470       0x3c zephyr/drivers/clock_control/libdrivers__clock_control.a(clock_control_nrf.c.obj)
 .text.clock_event_handler
                0x000024ac       0x1c zephyr/drivers/clock_control/libdrivers__clock_control.a(clock_control_nrf.c.obj)
 .text.generic_hfclk_start
                0x000024c8       0x64 zephyr/drivers/clock_control/libdrivers__clock_control.a(clock_control_nrf.c.obj)
 .text.generic_hfclk_stop
                0x0000252c       0x2c zephyr/drivers/clock_control/libdrivers__clock_control.a(clock_control_nrf.c.obj)
 .text.z_nrf_clock_control_lf_on
                0x00002558      0x100 zephyr/drivers/clock_control/libdrivers__clock_control.a(clock_control_nrf.c.obj)
                0x00002558                z_nrf_clock_control_lf_on
 .text.nrfx_gpio_handler
                0x00002658       0x54 zephyr/drivers/gpio/libdrivers__gpio.a(gpio_nrfx.c.obj)
 .text.gpio_nrfx_pin_interrupt_configure
                0x000026ac       0xd4 zephyr/drivers/gpio/libdrivers__gpio.a(gpio_nrfx.c.obj)
 .text.gpio_nrfx_init
                0x00002780       0x38 zephyr/drivers/gpio/libdrivers__gpio.a(gpio_nrfx.c.obj)
 .text.gpio_nrfx_pin_configure
                0x000027b8      0x15c zephyr/drivers/gpio/libdrivers__gpio.a(gpio_nrfx.c.obj)
 .text.flash_nrf_pages_layout
                0x00002914       0x10 zephyr/drivers/flash/libdrivers__flash.a(soc_flash_nrf.c.obj)
 .text.flash_nrf_get_parameters
                0x00002924        0x8 zephyr/drivers/flash/libdrivers__flash.a(soc_flash_nrf.c.obj)
 .text.nrf_flash_init
                0x0000292c       0x18 zephyr/drivers/flash/libdrivers__flash.a(soc_flash_nrf.c.obj)
 .text.restore_pofwarn.part.0
                0x00002944       0x2c zephyr/drivers/flash/libdrivers__flash.a(soc_flash_nrf.c.obj)
 .text.suspend_pofwarn.part.0
                0x00002970       0x50 zephyr/drivers/flash/libdrivers__flash.a(soc_flash_nrf.c.obj)
 .text.flash_nrf_erase
                0x000029c0       0x9c zephyr/drivers/flash/libdrivers__flash.a(soc_flash_nrf.c.obj)
 .text.flash_nrf_read
                0x00002a5c       0x40 zephyr/drivers/flash/libdrivers__flash.a(soc_flash_nrf.c.obj)
 .text.flash_nrf_write
                0x00002a9c       0xa4 zephyr/drivers/flash/libdrivers__flash.a(soc_flash_nrf.c.obj)
 .text.sys_clock_timeout_handler
                0x00002b40       0x78 zephyr/drivers/timer/libdrivers__timer.a(nrf_rtc_timer.c.obj)
 .text.compare_int_lock
                0x00002bb8       0x50 zephyr/drivers/timer/libdrivers__timer.a(nrf_rtc_timer.c.obj)
 .text.compare_int_unlock.part.0
                0x00002c08       0x5c zephyr/drivers/timer/libdrivers__timer.a(nrf_rtc_timer.c.obj)
 .text.z_nrf_rtc_timer_read
                0x00002c64       0x44 zephyr/drivers/timer/libdrivers__timer.a(nrf_rtc_timer.c.obj)
                0x00002c64                z_nrf_rtc_timer_read
 .text.compare_set
                0x00002ca8      0x154 zephyr/drivers/timer/libdrivers__timer.a(nrf_rtc_timer.c.obj)
 .text.sys_clock_driver_init
                0x00002dfc       0x84 zephyr/drivers/timer/libdrivers__timer.a(nrf_rtc_timer.c.obj)
 .text.rtc_nrf_isr
                0x00002e80       0xf0 zephyr/drivers/timer/libdrivers__timer.a(nrf_rtc_timer.c.obj)
                0x00002e80                rtc_nrf_isr
 .text.sys_clock_set_timeout
                0x00002f70       0x60 zephyr/drivers/timer/libdrivers__timer.a(nrf_rtc_timer.c.obj)
                0x00002f70                sys_clock_set_timeout
 .text.sys_clock_elapsed
                0x00002fd0       0x14 zephyr/drivers/timer/libdrivers__timer.a(nrf_rtc_timer.c.obj)
                0x00002fd0                sys_clock_elapsed
 .text.fprotect_set_permission
                0x00002fe4       0xac modules/nrf/lib/fprotect/lib..__nrf__lib__fprotect.a(fprotect_acl.c.obj)
 .text.k_sys_fatal_error_handler
                0x00003090       0x14 modules/nrf/lib/fatal_error/lib..__nrf__lib__fatal_error.a(fatal_error.c.obj)
                0x00003090                k_sys_fatal_error_handler
 .text.boot_write_magic
                0x000030a4       0x1c modules/mcuboot/boot/bootutil/zephyr/libmcuboot_util.a(bootutil_public.c.obj)
                0x000030a4                boot_write_magic
 .text.boot_read_swap_state
                0x000030c0       0xa0 modules/mcuboot/boot/bootutil/zephyr/libmcuboot_util.a(bootutil_public.c.obj)
                0x000030c0                boot_read_swap_state
 .text.boot_swap_type_multi
                0x00003160       0xf4 modules/mcuboot/boot/bootutil/zephyr/libmcuboot_util.a(bootutil_public.c.obj)
                0x00003160                boot_swap_type_multi
 .text.nrf52_errata_36
                0x00003254       0x14 modules/hal_nordic/nrfx/libmodules__hal_nordic__nrfx.a(system_nrf52840.c.obj)
 .text.nrf52_errata_98
                0x00003268       0x28 modules/hal_nordic/nrfx/libmodules__hal_nordic__nrfx.a(system_nrf52840.c.obj)
 .text.nvmc_wait
                0x00003290       0x10 modules/hal_nordic/nrfx/libmodules__hal_nordic__nrfx.a(system_nrf52840.c.obj)
                0x00003290                nvmc_wait
 .text.SystemInit
                0x000032a0      0x1e8 modules/hal_nordic/nrfx/libmodules__hal_nordic__nrfx.a(system_nrf52840.c.obj)
                0x000032a0                SystemInit
 .text.nrfx_flag32_alloc
                0x00003488       0x48 modules/hal_nordic/nrfx/libmodules__hal_nordic__nrfx.a(nrfx_flag32_allocator.c.obj)
                0x00003488                nrfx_flag32_alloc
 .text.nrfx_flag32_free
                0x000034d0       0x44 modules/hal_nordic/nrfx/libmodules__hal_nordic__nrfx.a(nrfx_flag32_allocator.c.obj)
                0x000034d0                nrfx_flag32_free
 .text.nrfx_clock_init
                0x00003514       0x20 modules/hal_nordic/nrfx/libmodules__hal_nordic__nrfx.a(nrfx_clock.c.obj)
                0x00003514                nrfx_clock_init
 .text.nrfx_clock_start
                0x00003534       0x64 modules/hal_nordic/nrfx/libmodules__hal_nordic__nrfx.a(nrfx_clock.c.obj)
                0x00003534                nrfx_clock_start
 .text.nrfx_clock_stop
                0x00003598       0x8c modules/hal_nordic/nrfx/libmodules__hal_nordic__nrfx.a(nrfx_clock.c.obj)
                0x00003598                nrfx_clock_stop
 .text.nrfx_power_clock_irq_handler
                0x00003624       0x68 modules/hal_nordic/nrfx/libmodules__hal_nordic__nrfx.a(nrfx_clock.c.obj)
                0x00003624                nrfx_power_clock_irq_handler
 .text.nrf_gpio_pin_port_decode
                0x0000368c       0x1c modules/hal_nordic/nrfx/libmodules__hal_nordic__nrfx.a(nrfx_gpiote.c.obj)
 .text.call_handler
                0x000036a8       0x3c modules/hal_nordic/nrfx/libmodules__hal_nordic__nrfx.a(nrfx_gpiote.c.obj)
 .text.release_handler
                0x000036e4       0x58 modules/hal_nordic/nrfx/libmodules__hal_nordic__nrfx.a(nrfx_gpiote.c.obj)
 .text.pin_handler_trigger_uninit
                0x0000373c       0x34 modules/hal_nordic/nrfx/libmodules__hal_nordic__nrfx.a(nrfx_gpiote.c.obj)
 .text.nrfx_gpiote_input_configure
                0x00003770      0x158 modules/hal_nordic/nrfx/libmodules__hal_nordic__nrfx.a(nrfx_gpiote.c.obj)
                0x00003770                nrfx_gpiote_input_configure
 .text.nrfx_gpiote_output_configure
                0x000038c8       0xe0 modules/hal_nordic/nrfx/libmodules__hal_nordic__nrfx.a(nrfx_gpiote.c.obj)
                0x000038c8                nrfx_gpiote_output_configure
 .text.nrfx_gpiote_global_callback_set
                0x000039a8        0xc modules/hal_nordic/nrfx/libmodules__hal_nordic__nrfx.a(nrfx_gpiote.c.obj)
                0x000039a8                nrfx_gpiote_global_callback_set
 .text.nrfx_gpiote_channel_get
                0x000039b4       0x24 modules/hal_nordic/nrfx/libmodules__hal_nordic__nrfx.a(nrfx_gpiote.c.obj)
                0x000039b4                nrfx_gpiote_channel_get
 .text.nrfx_gpiote_init
                0x000039d8       0x50 modules/hal_nordic/nrfx/libmodules__hal_nordic__nrfx.a(nrfx_gpiote.c.obj)
                0x000039d8                nrfx_gpiote_init
 .text.nrfx_gpiote_is_init
                0x00003a28       0x14 modules/hal_nordic/nrfx/libmodules__hal_nordic__nrfx.a(nrfx_gpiote.c.obj)
                0x00003a28                nrfx_gpiote_is_init
 .text.nrfx_gpiote_channel_free
                0x00003a3c        0xc modules/hal_nordic/nrfx/libmodules__hal_nordic__nrfx.a(nrfx_gpiote.c.obj)
                0x00003a3c                nrfx_gpiote_channel_free
 .text.nrfx_gpiote_channel_alloc
                0x00003a48        0xc modules/hal_nordic/nrfx/libmodules__hal_nordic__nrfx.a(nrfx_gpiote.c.obj)
                0x00003a48                nrfx_gpiote_channel_alloc
 .text.nrfx_gpiote_trigger_enable
                0x00003a54       0x88 modules/hal_nordic/nrfx/libmodules__hal_nordic__nrfx.a(nrfx_gpiote.c.obj)
                0x00003a54                nrfx_gpiote_trigger_enable
 .text.nrfx_gpiote_trigger_disable
                0x00003adc       0x44 modules/hal_nordic/nrfx/libmodules__hal_nordic__nrfx.a(nrfx_gpiote.c.obj)
                0x00003adc                nrfx_gpiote_trigger_disable
 .text.nrfx_gpiote_pin_uninit
                0x00003b20       0x48 modules/hal_nordic/nrfx/libmodules__hal_nordic__nrfx.a(nrfx_gpiote.c.obj)
                0x00003b20                nrfx_gpiote_pin_uninit
 .text.nrfx_gpiote_irq_handler
                0x00003b68      0x1b0 modules/hal_nordic/nrfx/libmodules__hal_nordic__nrfx.a(nrfx_gpiote.c.obj)
                0x00003b68                nrfx_gpiote_irq_handler
 .text.nrfx_nvmc_page_erase
                0x00003d18       0x40 modules/hal_nordic/nrfx/libmodules__hal_nordic__nrfx.a(nrfx_nvmc.c.obj)
                0x00003d18                nrfx_nvmc_page_erase
 .text.nrfx_nvmc_word_write
                0x00003d58       0x24 modules/hal_nordic/nrfx/libmodules__hal_nordic__nrfx.a(nrfx_nvmc.c.obj)
                0x00003d58                nrfx_nvmc_word_write
 .text._DoInit  0x00003d7c       0x6c modules/segger/libmodules__segger.a(SEGGER_RTT.c.obj)
 .text.z_sys_init_run_level
                0x00003de8       0x40 zephyr/kernel/libkernel.a(device.c.obj)
                0x00003de8                z_sys_init_run_level
 .text.z_impl_device_get_binding
                0x00003e28       0x58 zephyr/kernel/libkernel.a(device.c.obj)
                0x00003e28                z_impl_device_get_binding
 .text.z_fatal_error
                0x00003e80       0x7c zephyr/kernel/libkernel.a(fatal.c.obj)
                0x00003e80                z_fatal_error
 .text.bg_thread_main
                0x00003efc       0x30 zephyr/kernel/libkernel.a(init.c.obj)
 .text.z_bss_zero
                0x00003f2c       0x14 zephyr/kernel/libkernel.a(init.c.obj)
                0x00003f2c                z_bss_zero
 .text.z_cstart
                0x00003f40       0x74 zephyr/kernel/libkernel.a(init.c.obj)
                0x00003f40                z_cstart
 .text.z_data_copy
                0x00003fb4       0x34 zephyr/kernel/libkernel.a(xip.c.obj)
                0x00003fb4                z_data_copy
 .text.elapsed  0x00003fe8       0x14 zephyr/kernel/libkernel.a(timeout.c.obj)
 .text.remove_timeout
                0x00003ffc       0x34 zephyr/kernel/libkernel.a(timeout.c.obj)
 .text.next_timeout
                0x00004030       0x4c zephyr/kernel/libkernel.a(timeout.c.obj)
 .text.sys_clock_announce
                0x0000407c       0xd4 zephyr/kernel/libkernel.a(timeout.c.obj)
                0x0000407c                sys_clock_announce
 .text.nrf_cc3xx_platform_init_no_rng
                0x00004150       0x38 C:/Users/dawnm/ncs/v1.9.1/nrfxlib/crypto/nrf_cc310_platform/lib/cortex-m4/hard-float/no-interrupts/libnrf_cc310_platform_0.9.13.a(nrf_cc3xx_platform.c.obj)
                0x00004150                nrf_cc3xx_platform_init_no_rng
 .text.nrf_cc3xx_platform_abort
                0x00004188       0x24 C:/Users/dawnm/ncs/v1.9.1/nrfxlib/crypto/nrf_cc310_platform/lib/cortex-m4/hard-float/no-interrupts/libnrf_cc310_platform_0.9.13.a(nrf_cc3xx_platform_abort.c.obj)
 .text.CC_PalAbort
                0x000041ac       0x40 C:/Users/dawnm/ncs/v1.9.1/nrfxlib/crypto/nrf_cc310_platform/lib/cortex-m4/hard-float/no-interrupts/libnrf_cc310_platform_0.9.13.a(nrf_cc3xx_platform_abort.c.obj)
                0x000041ac                CC_PalAbort
 .text.nrf_cc3xx_platform_set_abort
                0x000041ec       0x10 C:/Users/dawnm/ncs/v1.9.1/nrfxlib/crypto/nrf_cc310_platform/lib/cortex-m4/hard-float/no-interrupts/libnrf_cc310_platform_0.9.13.a(nrf_cc3xx_platform_abort.c.obj)
                0x000041ec                nrf_cc3xx_platform_set_abort
 .text.mbedtls_platform_zeroize
                0x000041fc       0x14 C:/Users/dawnm/ncs/v1.9.1/nrfxlib/crypto/nrf_cc310_platform/lib/cortex-m4/hard-float/no-interrupts/libnrf_cc310_platform_0.9.13.a(mbedtls_common.c.obj)
                0x000041fc                mbedtls_platform_zeroize
 .text.CC_LibInitNoRng
                0x00004210       0x6c C:/Users/dawnm/ncs/v1.9.1/nrfxlib/crypto/nrf_cc310_platform/lib/cortex-m4/hard-float/no-interrupts/libnrf_cc310_platform_0.9.13.a(cc_lib.c.obj)
                0x00004210                CC_LibInitNoRng
 .text.CC_HalInit
                0x0000427c        0x4 C:/Users/dawnm/ncs/v1.9.1/nrfxlib/crypto/nrf_cc310_platform/lib/cortex-m4/hard-float/no-interrupts/libnrf_cc310_platform_0.9.13.a(cc_hal.c.obj)
                0x0000427c                CC_HalInit
 .text.CC_HalTerminate
                0x00004280        0x4 C:/Users/dawnm/ncs/v1.9.1/nrfxlib/crypto/nrf_cc310_platform/lib/cortex-m4/hard-float/no-interrupts/libnrf_cc310_platform_0.9.13.a(cc_hal.c.obj)
                0x00004280                CC_HalTerminate
 .text.CC_HalMaskInterrupt
                0x00004284        0xc C:/Users/dawnm/ncs/v1.9.1/nrfxlib/crypto/nrf_cc310_platform/lib/cortex-m4/hard-float/no-interrupts/libnrf_cc310_platform_0.9.13.a(cc_hal.c.obj)
                0x00004284                CC_HalMaskInterrupt
 .text.CC_PalInit
                0x00004290       0x5c C:/Users/dawnm/ncs/v1.9.1/nrfxlib/crypto/nrf_cc310_platform/lib/cortex-m4/hard-float/no-interrupts/libnrf_cc310_platform_0.9.13.a(cc_pal.c.obj)
                0x00004290                CC_PalInit
 .text.CC_PalTerminate
                0x000042ec       0x34 C:/Users/dawnm/ncs/v1.9.1/nrfxlib/crypto/nrf_cc310_platform/lib/cortex-m4/hard-float/no-interrupts/libnrf_cc310_platform_0.9.13.a(cc_pal.c.obj)
                0x000042ec                CC_PalTerminate
 .text.CC_PalDmaInit
                0x00004320        0x4 C:/Users/dawnm/ncs/v1.9.1/nrfxlib/crypto/nrf_cc310_platform/lib/cortex-m4/hard-float/no-interrupts/libnrf_cc310_platform_0.9.13.a(cc_pal_dma.c.obj)
                0x00004320                CC_PalDmaInit
 .text.CC_PalDmaTerminate
                0x00004324        0x4 C:/Users/dawnm/ncs/v1.9.1/nrfxlib/crypto/nrf_cc310_platform/lib/cortex-m4/hard-float/no-interrupts/libnrf_cc310_platform_0.9.13.a(cc_pal_dma.c.obj)
                0x00004324                CC_PalDmaTerminate
 .text.CC_PalMutexCreate
                0x00004328       0x14 C:/Users/dawnm/ncs/v1.9.1/nrfxlib/crypto/nrf_cc310_platform/lib/cortex-m4/hard-float/no-interrupts/libnrf_cc310_platform_0.9.13.a(cc_pal_mutex.c.obj)
                0x00004328                CC_PalMutexCreate
 .text.CC_PalMutexDestroy
                0x0000433c       0x14 C:/Users/dawnm/ncs/v1.9.1/nrfxlib/crypto/nrf_cc310_platform/lib/cortex-m4/hard-float/no-interrupts/libnrf_cc310_platform_0.9.13.a(cc_pal_mutex.c.obj)
                0x0000433c                CC_PalMutexDestroy
 .text.CC_PalPowerSaveModeInit
                0x00004350       0x3c C:/Users/dawnm/ncs/v1.9.1/nrfxlib/crypto/nrf_cc310_platform/lib/cortex-m4/hard-float/no-interrupts/libnrf_cc310_platform_0.9.13.a(cc_pal_pm.c.obj)
                0x00004350                CC_PalPowerSaveModeInit
 .text.CC_PalPowerSaveModeSelect
                0x0000438c       0x84 C:/Users/dawnm/ncs/v1.9.1/nrfxlib/crypto/nrf_cc310_platform/lib/cortex-m4/hard-float/no-interrupts/libnrf_cc310_platform_0.9.13.a(cc_pal_pm.c.obj)
                0x0000438c                CC_PalPowerSaveModeSelect
 .text.mutex_free
                0x00004410       0x28 C:/Users/dawnm/ncs/v1.9.1/nrfxlib/crypto/nrf_cc310_platform/lib/cortex-m4/hard-float/no-interrupts/libnrf_cc310_platform_0.9.13.a(nrf_cc3xx_platform_mutex.c.obj)
 .text.mutex_unlock
                0x00004438       0x2c C:/Users/dawnm/ncs/v1.9.1/nrfxlib/crypto/nrf_cc310_platform/lib/cortex-m4/hard-float/no-interrupts/libnrf_cc310_platform_0.9.13.a(nrf_cc3xx_platform_mutex.c.obj)
 .text.mutex_init
                0x00004464       0x1c C:/Users/dawnm/ncs/v1.9.1/nrfxlib/crypto/nrf_cc310_platform/lib/cortex-m4/hard-float/no-interrupts/libnrf_cc310_platform_0.9.13.a(nrf_cc3xx_platform_mutex.c.obj)
 .text.mutex_lock
                0x00004480       0x44 C:/Users/dawnm/ncs/v1.9.1/nrfxlib/crypto/nrf_cc310_platform/lib/cortex-m4/hard-float/no-interrupts/libnrf_cc310_platform_0.9.13.a(nrf_cc3xx_platform_mutex.c.obj)
 .text.verify_context_ecdsa_verify_secp256r1
                0x000044c4       0x20 C:/Users/dawnm/ncs/v1.9.1/nrfxlib/crypto/nrf_cc310_bl/lib/cortex-m4/hard-float/no-interrupts/libnrf_cc310_bl_0.9.12.a(nrf_cc310_bl_ecdsa_verify_secp256r1.c.obj)
 .text.nrf_cc310_bl_ecdsa_verify_init_secp256r1
                0x000044e4       0x4c C:/Users/dawnm/ncs/v1.9.1/nrfxlib/crypto/nrf_cc310_bl/lib/cortex-m4/hard-float/no-interrupts/libnrf_cc310_bl_0.9.12.a(nrf_cc310_bl_ecdsa_verify_secp256r1.c.obj)
                0x000044e4                nrf_cc310_bl_ecdsa_verify_init_secp256r1
 .text.nrf_cc310_bl_ecdsa_verify_hash_secp256r1
                0x00004530      0x168 C:/Users/dawnm/ncs/v1.9.1/nrfxlib/crypto/nrf_cc310_bl/lib/cortex-m4/hard-float/no-interrupts/libnrf_cc310_bl_0.9.12.a(nrf_cc310_bl_ecdsa_verify_secp256r1.c.obj)
                0x00004530                nrf_cc310_bl_ecdsa_verify_hash_secp256r1
 .text.set_digest_in_hw_sha256
                0x00004698       0x38 C:/Users/dawnm/ncs/v1.9.1/nrfxlib/crypto/nrf_cc310_bl/lib/cortex-m4/hard-float/no-interrupts/libnrf_cc310_bl_0.9.12.a(nrf_cc310_bl_hash_sha256.c.obj)
 .text.read_digest_in_hw_sha256
                0x000046d0       0x54 C:/Users/dawnm/ncs/v1.9.1/nrfxlib/crypto/nrf_cc310_bl/lib/cortex-m4/hard-float/no-interrupts/libnrf_cc310_bl_0.9.12.a(nrf_cc310_bl_hash_sha256.c.obj)
 .text.verify_context_hash_sha256
                0x00004724       0x20 C:/Users/dawnm/ncs/v1.9.1/nrfxlib/crypto/nrf_cc310_bl/lib/cortex-m4/hard-float/no-interrupts/libnrf_cc310_bl_0.9.12.a(nrf_cc310_bl_hash_sha256.c.obj)
 .text.nrf_cc310_bl_hash_sha256_init
                0x00004744       0x34 C:/Users/dawnm/ncs/v1.9.1/nrfxlib/crypto/nrf_cc310_bl/lib/cortex-m4/hard-float/no-interrupts/libnrf_cc310_bl_0.9.12.a(nrf_cc310_bl_hash_sha256.c.obj)
                0x00004744                nrf_cc310_bl_hash_sha256_init
 .text.nrf_cc310_bl_hash_sha256_update
                0x00004778       0xb0 C:/Users/dawnm/ncs/v1.9.1/nrfxlib/crypto/nrf_cc310_bl/lib/cortex-m4/hard-float/no-interrupts/libnrf_cc310_bl_0.9.12.a(nrf_cc310_bl_hash_sha256.c.obj)
                0x00004778                nrf_cc310_bl_hash_sha256_update
 .text.nrf_cc310_bl_hash_sha256_finalize
                0x00004828       0x60 C:/Users/dawnm/ncs/v1.9.1/nrfxlib/crypto/nrf_cc310_bl/lib/cortex-m4/hard-float/no-interrupts/libnrf_cc310_bl_0.9.12.a(nrf_cc310_bl_hash_sha256.c.obj)
                0x00004828                nrf_cc310_bl_hash_sha256_finalize
 .text.nrf_cc310_bl_init
                0x00004888       0x34 C:/Users/dawnm/ncs/v1.9.1/nrfxlib/crypto/nrf_cc310_bl/lib/cortex-m4/hard-float/no-interrupts/libnrf_cc310_bl_0.9.12.a(nrf_cc310_bl_init.c.obj)
                0x00004888                nrf_cc310_bl_init
 .text.PkaSetRegsMapTab
                0x000048bc       0x48 C:/Users/dawnm/ncs/v1.9.1/nrfxlib/crypto/nrf_cc310_bl/lib/cortex-m4/hard-float/no-interrupts/libnrf_cc310_bl_0.9.12.a(pka.c.obj)
                0x000048bc                PkaSetRegsMapTab
 .text.PkaGetRegEffectiveSizeInBits
                0x00004904       0x8c C:/Users/dawnm/ncs/v1.9.1/nrfxlib/crypto/nrf_cc310_bl/lib/cortex-m4/hard-float/no-interrupts/libnrf_cc310_bl_0.9.12.a(pka.c.obj)
                0x00004904                PkaGetRegEffectiveSizeInBits
 .text.PkaGetNextMsBit
                0x00004990       0x74 C:/Users/dawnm/ncs/v1.9.1/nrfxlib/crypto/nrf_cc310_bl/lib/cortex-m4/hard-float/no-interrupts/libnrf_cc310_bl_0.9.12.a(pka.c.obj)
                0x00004990                PkaGetNextMsBit
 .text.PkaSetRegsSizesTab
                0x00004a04       0x3c C:/Users/dawnm/ncs/v1.9.1/nrfxlib/crypto/nrf_cc310_bl/lib/cortex-m4/hard-float/no-interrupts/libnrf_cc310_bl_0.9.12.a(pka.c.obj)
                0x00004a04                PkaSetRegsSizesTab
 .text.PkaInitPka
                0x00004a40       0x74 C:/Users/dawnm/ncs/v1.9.1/nrfxlib/crypto/nrf_cc310_bl/lib/cortex-m4/hard-float/no-interrupts/libnrf_cc310_bl_0.9.12.a(pka.c.obj)
                0x00004a40                PkaInitPka
 .text.PkaClearBlockOfRegs
                0x00004ab4      0x130 C:/Users/dawnm/ncs/v1.9.1/nrfxlib/crypto/nrf_cc310_bl/lib/cortex-m4/hard-float/no-interrupts/libnrf_cc310_bl_0.9.12.a(pka.c.obj)
                0x00004ab4                PkaClearBlockOfRegs
 .text.PkaFinishAndMutexUnlock
                0x00004be4       0x24 C:/Users/dawnm/ncs/v1.9.1/nrfxlib/crypto/nrf_cc310_bl/lib/cortex-m4/hard-float/no-interrupts/libnrf_cc310_bl_0.9.12.a(pka.c.obj)
                0x00004be4                PkaFinishAndMutexUnlock
 .text.PkaCopyDataIntoPkaReg
                0x00004c08       0xb8 C:/Users/dawnm/ncs/v1.9.1/nrfxlib/crypto/nrf_cc310_bl/lib/cortex-m4/hard-float/no-interrupts/libnrf_cc310_bl_0.9.12.a(pka.c.obj)
                0x00004c08                PkaCopyDataIntoPkaReg
 .text.PkaEcdsaVerify
                0x00004cc0      0x284 C:/Users/dawnm/ncs/v1.9.1/nrfxlib/crypto/nrf_cc310_bl/lib/cortex-m4/hard-float/no-interrupts/libnrf_cc310_bl_0.9.12.a(pka_ec_wrst_dsa_verify.c.obj)
                0x00004cc0                PkaEcdsaVerify
 .text.nrf_cc310_bl_hash_update_internal
                0x00004f44       0xf0 C:/Users/dawnm/ncs/v1.9.1/nrfxlib/crypto/nrf_cc310_bl/lib/cortex-m4/hard-float/no-interrupts/libnrf_cc310_bl_0.9.12.a(nrf_cc310_bl_hash.c.obj)
                0x00004f44                nrf_cc310_bl_hash_update_internal
 .text.PkaDoubleMdf2Mdf
                0x00005034      0x1ac C:/Users/dawnm/ncs/v1.9.1/nrfxlib/crypto/nrf_cc310_bl/lib/cortex-m4/hard-float/no-interrupts/libnrf_cc310_bl_0.9.12.a(pka_ec_wrst.c.obj)
                0x00005034                PkaDoubleMdf2Mdf
 .text.PkaDoubleMdf2Jcb
                0x000051e0      0x178 C:/Users/dawnm/ncs/v1.9.1/nrfxlib/crypto/nrf_cc310_bl/lib/cortex-m4/hard-float/no-interrupts/libnrf_cc310_bl_0.9.12.a(pka_ec_wrst.c.obj)
                0x000051e0                PkaDoubleMdf2Jcb
 .text.PkaAddJcbAfn2Mdf
                0x00005358      0x194 C:/Users/dawnm/ncs/v1.9.1/nrfxlib/crypto/nrf_cc310_bl/lib/cortex-m4/hard-float/no-interrupts/libnrf_cc310_bl_0.9.12.a(pka_ec_wrst.c.obj)
                0x00005358                PkaAddJcbAfn2Mdf
 .text.PkaJcb2Afn
                0x000054ec       0xb0 C:/Users/dawnm/ncs/v1.9.1/nrfxlib/crypto/nrf_cc310_bl/lib/cortex-m4/hard-float/no-interrupts/libnrf_cc310_bl_0.9.12.a(pka_ec_wrst.c.obj)
                0x000054ec                PkaJcb2Afn
 .text.PkaAddAff
                0x0000559c      0x114 C:/Users/dawnm/ncs/v1.9.1/nrfxlib/crypto/nrf_cc310_bl/lib/cortex-m4/hard-float/no-interrupts/libnrf_cc310_bl_0.9.12.a(pka_ec_wrst.c.obj)
                0x0000559c                PkaAddAff
 .text.PkaSum2ScalarMullt
                0x000056b0      0x1e4 C:/Users/dawnm/ncs/v1.9.1/nrfxlib/crypto/nrf_cc310_bl/lib/cortex-m4/hard-float/no-interrupts/libnrf_cc310_bl_0.9.12.a(pka_ec_wrst.c.obj)
                0x000056b0                PkaSum2ScalarMullt
 .text.SaSi_HalClearInterruptBit
                0x00005894        0xc C:/Users/dawnm/ncs/v1.9.1/nrfxlib/crypto/nrf_cc310_bl/lib/cortex-m4/hard-float/no-interrupts/libnrf_cc310_bl_0.9.12.a(ssi_hal.c.obj)
                0x00005894                SaSi_HalClearInterruptBit
 .text.SaSi_HalMaskInterrupt
                0x000058a0        0xc C:/Users/dawnm/ncs/v1.9.1/nrfxlib/crypto/nrf_cc310_bl/lib/cortex-m4/hard-float/no-interrupts/libnrf_cc310_bl_0.9.12.a(ssi_hal.c.obj)
                0x000058a0                SaSi_HalMaskInterrupt
 .text.SaSi_HalWaitInterrupt
                0x000058ac       0x18 C:/Users/dawnm/ncs/v1.9.1/nrfxlib/crypto/nrf_cc310_bl/lib/cortex-m4/hard-float/no-interrupts/libnrf_cc310_bl_0.9.12.a(ssi_hal.c.obj)
                0x000058ac                SaSi_HalWaitInterrupt
 .text.flash_area_id_from_multi_image_slot
                0x000058c4       0x12 app/libapp.a(flash_map_extended.c.obj)
                0x000058c4                flash_area_id_from_multi_image_slot
 .text.flash_area_get_device_id
                0x000058d6        0x4 app/libapp.a(flash_map_extended.c.obj)
                0x000058d6                flash_area_get_device_id
 .text.os_heap_init
                0x000058da        0x2 app/libapp.a(os.c.obj)
                0x000058da                os_heap_init
 .text.bootutil_tlv_iter_begin
                0x000058dc       0x98 app/libapp.a(tlv.c.obj)
                0x000058dc                bootutil_tlv_iter_begin
 .text.bootutil_tlv_iter_next
                0x00005974       0x96 app/libapp.a(tlv.c.obj)
                0x00005974                bootutil_tlv_iter_next
 .text.bootutil_read_bigint
                0x00005a0a       0x58 app/libapp.a(image_ec256.c.obj)
 .text.boot_fih_memequal
                0x00005a62        0x4 app/libapp.a(bootutil_misc.c.obj)
                0x00005a62                boot_fih_memequal
 .text.boot_trailer_sz
                0x00005a66        0xa app/libapp.a(bootutil_misc.c.obj)
                0x00005a66                boot_trailer_sz
 .text.boot_status_entries
                0x00005a70       0x1a app/libapp.a(bootutil_misc.c.obj)
                0x00005a70                boot_status_entries
 .text.boot_status_off
                0x00005a8a       0x18 app/libapp.a(bootutil_misc.c.obj)
                0x00005a8a                boot_status_off
 .text.boot_write_copy_done
                0x00005aa2        0xa app/libapp.a(bootutil_misc.c.obj)
                0x00005aa2                boot_write_copy_done
 .text.boot_write_swap_size
                0x00005aac       0x1e app/libapp.a(bootutil_misc.c.obj)
                0x00005aac                boot_write_swap_size
 .text.boot_read_image_size
                0x00005aca       0x90 app/libapp.a(loader.c.obj)
 .text.boot_read_image_headers
                0x00005b5a       0x32 app/libapp.a(loader.c.obj)
 .text.boot_read_sectors
                0x00005b8c       0x42 app/libapp.a(loader.c.obj)
 .text.boot_status_reset
                0x00005bce       0x12 app/libapp.a(loader.c.obj)
                0x00005bce                boot_status_reset
 .text.boot_status_is_reset
                0x00005be0       0x1a app/libapp.a(loader.c.obj)
                0x00005be0                boot_status_is_reset
 .text.boot_write_status
                0x00005bfa       0x64 app/libapp.a(loader.c.obj)
                0x00005bfa                boot_write_status
 .text.boot_erase_region
                0x00005c5e        0x4 app/libapp.a(loader.c.obj)
                0x00005c5e                boot_erase_region
 .text.swap_erase_trailer_sectors
                0x00005c62       0x6c app/libapp.a(swap_misc.c.obj)
                0x00005c62                swap_erase_trailer_sectors
 .text.swap_status_init
                0x00005cce       0x3e app/libapp.a(swap_misc.c.obj)
                0x00005cce                swap_status_init
 .text.swap_read_status
                0x00005d0c       0x78 app/libapp.a(swap_misc.c.obj)
                0x00005d0c                swap_read_status
 .text.swap_set_copy_done
                0x00005d84       0x24 app/libapp.a(swap_misc.c.obj)
                0x00005d84                swap_set_copy_done
 .text.swap_set_image_ok
                0x00005da8       0x3c app/libapp.a(swap_misc.c.obj)
                0x00005da8                swap_set_image_ok
 .text.boot_status_internal_off
                0x00005de4       0x30 app/libapp.a(swap_move.c.obj)
                0x00005de4                boot_status_internal_off
 .text.mbedtls_asn1_get_len
                0x00005e14       0x90 app/libapp.a(asn1parse.c.obj)
                0x00005e14                mbedtls_asn1_get_len
 .text.mbedtls_asn1_get_tag
                0x00005ea4       0x28 app/libapp.a(asn1parse.c.obj)
                0x00005ea4                mbedtls_asn1_get_tag
 .text.mbedtls_asn1_get_bitstring_null
                0x00005ecc       0x28 app/libapp.a(asn1parse.c.obj)
                0x00005ecc                mbedtls_asn1_get_bitstring_null
 .text.mbedtls_asn1_get_alg
                0x00005ef4       0x96 app/libapp.a(asn1parse.c.obj)
                0x00005ef4                mbedtls_asn1_get_alg
 .text.cc310_sha256_update
                0x00005f8a       0x36 app/libapp.a(cc310_glue.c.obj)
                0x00005f8a                cc310_sha256_update
 .text.sys_notify_validate
                0x00005fc0       0x22 zephyr/libzephyr.a(notify.c.obj)
                0x00005fc0                sys_notify_validate
 .text.sys_notify_finalize
                0x00005fe2       0x1a zephyr/libzephyr.a(notify.c.obj)
                0x00005fe2                sys_notify_finalize
 .text.arch_printk_char_out
                0x00005ffc        0x4 zephyr/libzephyr.a(printk.c.obj)
                0x00005ffc                arch_printk_char_out
 .text.printk   0x00006000       0x1a zephyr/libzephyr.a(printk.c.obj)
                0x00006000                printk
 .text.process_recheck
                0x0000601a       0x38 zephyr/libzephyr.a(onoff.c.obj)
 .text.notify_one
                0x00006052       0x2c zephyr/libzephyr.a(onoff.c.obj)
 .text.transition_complete
                0x0000607e       0x1e zephyr/libzephyr.a(onoff.c.obj)
 .text.validate_args
                0x0000609c       0x1e zephyr/libzephyr.a(onoff.c.obj)
 .text.onoff_manager_init
                0x000060ba       0x26 zephyr/libzephyr.a(onoff.c.obj)
                0x000060ba                onoff_manager_init
 .text.onoff_request
                0x000060e0       0x92 zephyr/libzephyr.a(onoff.c.obj)
                0x000060e0                onoff_request
 .text._ConfigAbsSyms
                0x00006172        0x2 zephyr/libzephyr.a(configs.c.obj)
                0x00006172                _ConfigAbsSyms
 .text.z_log_minimal_printk
                0x00006174       0x1a zephyr/libzephyr.a(log_minimal.c.obj)
                0x00006174                z_log_minimal_printk
 .text.flash_area_close
                0x0000618e        0x2 zephyr/libzephyr.a(flash_map.c.obj)
                0x0000618e                flash_area_close
 .text.flash_area_read
                0x00006190       0x38 zephyr/libzephyr.a(flash_map.c.obj)
                0x00006190                flash_area_read
 .text.flash_area_write
                0x000061c8       0x5c zephyr/libzephyr.a(flash_map.c.obj)
                0x000061c8                flash_area_write
 .text.flash_area_erase
                0x00006224       0x5e zephyr/libzephyr.a(flash_map.c.obj)
                0x00006224                flash_area_erase
 .text.flash_area_align
                0x00006282       0x12 zephyr/libzephyr.a(flash_map.c.obj)
                0x00006282                flash_area_align
 .text.flash_area_erased_val
                0x00006294       0x12 zephyr/libzephyr.a(flash_map.c.obj)
                0x00006294                flash_area_erased_val
 .text.get_sectors_cb
                0x000062a6       0x3c zephyr/libzephyr.a(flash_map_layout.c.obj)
 .text.abort_function
                0x000062e2        0x8 zephyr/libzephyr.a(nrf_cc3xx_platform_abort_zephyr.c.obj)
 .text.nrf_cc3xx_platform_mutex_init
                0x000062ea        0x2 zephyr/libzephyr.a(nrf_cc3xx_platform_no_mutex_zephyr.c.obj)
                0x000062ea                nrf_cc3xx_platform_mutex_init
 .text.z_do_kernel_oops
                0x000062ec        0x8 zephyr/arch/arch/arm/core/aarch32/libarch__arm__core__aarch32.a(fatal.c.obj)
                0x000062ec                z_do_kernel_oops
 .text.z_irq_spurious
                0x000062f4        0x8 zephyr/arch/arch/arm/core/aarch32/libarch__arm__core__aarch32.a(irq_manage.c.obj)
                0x000062f4                z_irq_spurious
 .text.z_arm_nmi
                0x000062fc        0xe zephyr/arch/arch/arm/core/aarch32/libarch__arm__core__aarch32.a(nmi.c.obj)
                0x000062fc                z_arm_nmi
 .text.strcpy   0x0000630a       0x14 zephyr/lib/libc/minimal/liblib__libc__minimal.a(string.c.obj)
                0x0000630a                strcpy
 .text.strlen   0x0000631e        0xe zephyr/lib/libc/minimal/liblib__libc__minimal.a(string.c.obj)
                0x0000631e                strlen
 .text.strcmp   0x0000632c       0x18 zephyr/lib/libc/minimal/liblib__libc__minimal.a(string.c.obj)
                0x0000632c                strcmp
 .text.memcmp   0x00006344       0x20 zephyr/lib/libc/minimal/liblib__libc__minimal.a(string.c.obj)
                0x00006344                memcmp
 .text.memcpy   0x00006364       0x16 zephyr/lib/libc/minimal/liblib__libc__minimal.a(string.c.obj)
                0x00006364                memcpy
 .text.memset   0x0000637a       0x12 zephyr/lib/libc/minimal/liblib__libc__minimal.a(string.c.obj)
                0x0000637a                memset
 .text.get_status
                0x0000638c       0x12 zephyr/drivers/clock_control/libdrivers__clock_control.a(clock_control_nrf.c.obj)
 .text.set_off_state
                0x0000639e       0x32 zephyr/drivers/clock_control/libdrivers__clock_control.a(clock_control_nrf.c.obj)
 .text.set_starting_state
                0x000063d0       0x3c zephyr/drivers/clock_control/libdrivers__clock_control.a(clock_control_nrf.c.obj)
 .text.set_on_state
                0x0000640c       0x26 zephyr/drivers/clock_control/libdrivers__clock_control.a(clock_control_nrf.c.obj)
 .text.api_blocking_start
                0x00006432        0x6 zephyr/drivers/clock_control/libdrivers__clock_control.a(clock_control_nrf.c.obj)
 .text.onoff_started_callback
                0x00006438       0x14 zephyr/drivers/clock_control/libdrivers__clock_control.a(clock_control_nrf.c.obj)
 .text.lfclk_start
                0x0000644c        0x6 zephyr/drivers/clock_control/libdrivers__clock_control.a(clock_control_nrf.c.obj)
 .text.lfclk_stop
                0x00006452        0x6 zephyr/drivers/clock_control/libdrivers__clock_control.a(clock_control_nrf.c.obj)
 .text.api_stop
                0x00006458       0x28 zephyr/drivers/clock_control/libdrivers__clock_control.a(clock_control_nrf.c.obj)
 .text.api_start
                0x00006480       0x34 zephyr/drivers/clock_control/libdrivers__clock_control.a(clock_control_nrf.c.obj)
 .text.gpio_nrfx_port_get_raw
                0x000064b4        0xe zephyr/drivers/gpio/libdrivers__gpio.a(gpio_nrfx.c.obj)
 .text.gpio_nrfx_port_set_masked_raw
                0x000064c2       0x16 zephyr/drivers/gpio/libdrivers__gpio.a(gpio_nrfx.c.obj)
 .text.gpio_nrfx_port_set_bits_raw
                0x000064d8        0xc zephyr/drivers/gpio/libdrivers__gpio.a(gpio_nrfx.c.obj)
 .text.gpio_nrfx_port_clear_bits_raw
                0x000064e4        0xc zephyr/drivers/gpio/libdrivers__gpio.a(gpio_nrfx.c.obj)
 .text.gpio_nrfx_port_toggle_bits
                0x000064f0       0x12 zephyr/drivers/gpio/libdrivers__gpio.a(gpio_nrfx.c.obj)
 .text.gpio_nrfx_manage_callback
                0x00006502       0x56 zephyr/drivers/gpio/libdrivers__gpio.a(gpio_nrfx.c.obj)
 .text.is_regular_addr_valid
                0x00006558       0x26 zephyr/drivers/flash/libdrivers__flash.a(soc_flash_nrf.c.obj)
 .text.flash_page_foreach
                0x0000657e       0x58 zephyr/drivers/flash/libdrivers__flash.a(flash_page_layout.c.obj)
                0x0000657e                flash_page_foreach
 .text.fprotect_area
                0x000065d6        0x6 modules/nrf/lib/fprotect/lib..__nrf__lib__fprotect.a(fprotect_acl.c.obj)
                0x000065d6                fprotect_area
 .text.hw_cc3xx_init_internal
                0x000065dc        0x4 modules/nrf/drivers/hw_cc310/lib..__nrf__drivers__hw_cc310.a(hw_cc310.c.obj)
 .text.hw_cc3xx_init
                0x000065e0       0x12 modules/nrf/drivers/hw_cc310/lib..__nrf__drivers__hw_cc310.a(hw_cc310.c.obj)
 .text.bootutil_buffer_is_erased.part.0
                0x000065f2       0x22 modules/mcuboot/boot/bootutil/zephyr/libmcuboot_util.a(bootutil_public.c.obj)
 .text.boot_swap_info_off
                0x00006614        0x6 modules/mcuboot/boot/bootutil/zephyr/libmcuboot_util.a(bootutil_public.c.obj)
                0x00006614                boot_swap_info_off
 .text.boot_magic_compatible_check
                0x0000661a       0x1c modules/mcuboot/boot/bootutil/zephyr/libmcuboot_util.a(bootutil_public.c.obj)
                0x0000661a                boot_magic_compatible_check
 .text.bootutil_buffer_is_erased
                0x00006636        0xc modules/mcuboot/boot/bootutil/zephyr/libmcuboot_util.a(bootutil_public.c.obj)
                0x00006636                bootutil_buffer_is_erased
 .text.boot_read_flag
                0x00006642       0x3a modules/mcuboot/boot/bootutil/zephyr/libmcuboot_util.a(bootutil_public.c.obj)
 .text.boot_write_trailer
                0x0000667c       0x5e modules/mcuboot/boot/bootutil/zephyr/libmcuboot_util.a(bootutil_public.c.obj)
                0x0000667c                boot_write_trailer
 .text.boot_write_trailer_flag
                0x000066da       0x14 modules/mcuboot/boot/bootutil/zephyr/libmcuboot_util.a(bootutil_public.c.obj)
                0x000066da                boot_write_trailer_flag
 .text.boot_write_image_ok
                0x000066ee        0xa modules/mcuboot/boot/bootutil/zephyr/libmcuboot_util.a(bootutil_public.c.obj)
                0x000066ee                boot_write_image_ok
 .text.boot_read_image_ok
                0x000066f8        0x8 modules/mcuboot/boot/bootutil/zephyr/libmcuboot_util.a(bootutil_public.c.obj)
                0x000066f8                boot_read_image_ok
 .text.boot_read_swap_state_by_id
                0x00006700       0x28 modules/mcuboot/boot/bootutil/zephyr/libmcuboot_util.a(bootutil_public.c.obj)
                0x00006700                boot_read_swap_state_by_id
 .text.boot_write_swap_info
                0x00006728       0x1e modules/mcuboot/boot/bootutil/zephyr/libmcuboot_util.a(bootutil_public.c.obj)
                0x00006728                boot_write_swap_info
 .text.nrfx_isr
                0x00006746        0x2 modules/hal_nordic/nrfx/libmodules__hal_nordic__nrfx.a(nrfx_glue.c.obj)
                0x00006746                nrfx_isr
 .text.nrfx_busy_wait
                0x00006748        0x4 modules/hal_nordic/nrfx/libmodules__hal_nordic__nrfx.a(nrfx_glue.c.obj)
                0x00006748                nrfx_busy_wait
 .text.nrfx_clock_enable
                0x0000674c       0x14 modules/hal_nordic/nrfx/libmodules__hal_nordic__nrfx.a(nrfx_clock.c.obj)
                0x0000674c                nrfx_clock_enable
 .text.nrf_gpio_reconfigure
                0x00006760       0x8e modules/hal_nordic/nrfx/libmodules__hal_nordic__nrfx.a(nrfx_gpiote.c.obj)
 .text.nrf_gpio_cfg_sense_set
                0x000067ee       0x1e modules/hal_nordic/nrfx/libmodules__hal_nordic__nrfx.a(nrfx_gpiote.c.obj)
 .text.nrfx_nvmc_flash_size_get
                0x0000680c        0xc modules/hal_nordic/nrfx/libmodules__hal_nordic__nrfx.a(nrfx_nvmc.c.obj)
                0x0000680c                nrfx_nvmc_flash_size_get
 .text.nrfx_nvmc_flash_page_size_get
                0x00006818        0x8 modules/hal_nordic/nrfx/libmodules__hal_nordic__nrfx.a(nrfx_nvmc.c.obj)
                0x00006818                nrfx_nvmc_flash_page_size_get
 .text.nrfx_nvmc_flash_page_count_get
                0x00006820        0x8 modules/hal_nordic/nrfx/libmodules__hal_nordic__nrfx.a(nrfx_nvmc.c.obj)
                0x00006820                nrfx_nvmc_flash_page_count_get
 .text.SEGGER_RTT_Init
                0x00006828        0x4 modules/segger/libmodules__segger.a(SEGGER_RTT.c.obj)
                0x00006828                SEGGER_RTT_Init
 .text.rtt_init
                0x0000682c        0xa modules/segger/libmodules__segger.a(SEGGER_RTT_zephyr.c.obj)
 .text.z_device_state_init
                0x00006836        0x2 zephyr/kernel/libkernel.a(device.c.obj)
                0x00006836                z_device_state_init
 .text.z_device_ready
                0x00006838       0x14 zephyr/kernel/libkernel.a(device.c.obj)
                0x00006838                z_device_ready
 .text.k_is_in_isr
                0x0000684c        0xc zephyr/kernel/libkernel.a(thread.c.obj)
                0x0000684c                k_is_in_isr
 .text.z_impl_k_busy_wait
                0x00006858        0x8 zephyr/kernel/libkernel.a(timeout.c.obj)
                0x00006858                z_impl_k_busy_wait
 .text.boot_banner
                0x00006860        0x2 zephyr/kernel/libkernel.a(banner.c.obj)
                0x00006860                boot_banner
 .text._OffsetAbsSyms
                0x00006862        0x2 zephyr/CMakeFiles/offsets.dir/./arch/arm/core/offsets/offsets.c.obj
                0x00006862                _OffsetAbsSyms
 .text.nrf_cc310_bl_ecdsa_verify_secp256r1
                0x00006864       0x26 C:/Users/dawnm/ncs/v1.9.1/nrfxlib/crypto/nrf_cc310_bl/lib/cortex-m4/hard-float/no-interrupts/libnrf_cc310_bl_0.9.12.a(nrf_cc310_bl_ecdsa_verify_secp256r1.c.obj)
                0x00006864                nrf_cc310_bl_ecdsa_verify_secp256r1
 .text.PkaInitAndMutexLock
                0x0000688a        0x8 C:/Users/dawnm/ncs/v1.9.1/nrfxlib/crypto/nrf_cc310_bl/lib/cortex-m4/hard-float/no-interrupts/libnrf_cc310_bl_0.9.12.a(pka.c.obj)
                0x0000688a                PkaInitAndMutexLock
 .text.SaSi_PalMemCopy
                0x00006892        0x4 C:/Users/dawnm/ncs/v1.9.1/nrfxlib/crypto/nrf_cc310_bl/lib/cortex-m4/hard-float/no-interrupts/libnrf_cc310_bl_0.9.12.a(ssi_pal_mem.c.obj)
                0x00006892                SaSi_PalMemCopy
 .text.SaSi_PalMemSet
                0x00006896        0x4 C:/Users/dawnm/ncs/v1.9.1/nrfxlib/crypto/nrf_cc310_bl/lib/cortex-m4/hard-float/no-interrupts/libnrf_cc310_bl_0.9.12.a(ssi_pal_mem.c.obj)
                0x00006896                SaSi_PalMemSet
 .text.SaSi_PalMemSetZero
                0x0000689a        0x8 C:/Users/dawnm/ncs/v1.9.1/nrfxlib/crypto/nrf_cc310_bl/lib/cortex-m4/hard-float/no-interrupts/libnrf_cc310_bl_0.9.12.a(ssi_pal_mem.c.obj)
                0x0000689a                SaSi_PalMemSetZero
 .text.CRYS_COMMON_ReverseMemcpy32
                0x000068a2       0x1a C:/Users/dawnm/ncs/v1.9.1/nrfxlib/crypto/nrf_cc310_bl/lib/cortex-m4/hard-float/no-interrupts/libnrf_cc310_bl_0.9.12.a(crys_common_conv_endian.c.obj)
                0x000068a2                CRYS_COMMON_ReverseMemcpy32
 *(SORT_BY_ALIGNMENT(.TEXT.*))
 .TEXT.z_arm_platform_init
                0x000068bc        0x4 zephyr/libzephyr.a(soc_nrf_common.S.obj)
                0x000068bc                z_arm_platform_init
 *(SORT_BY_ALIGNMENT(.gnu.linkonce.t.*))
 *(SORT_BY_ALIGNMENT(.glue_7t))
 .glue_7t       0x000068c0        0x0 linker stubs
 *(SORT_BY_ALIGNMENT(.glue_7))
 .glue_7        0x000068c0        0x0 linker stubs
 *(SORT_BY_ALIGNMENT(.vfp11_veneer))
 .vfp11_veneer  0x000068c0        0x0 linker stubs
 *(SORT_BY_ALIGNMENT(.v4_bx))
 .v4_bx         0x000068c0        0x0 linker stubs
                0x000068c0                __text_region_end = .

.ARM.exidx      0x000068c0        0x8
                0x000068c0                __exidx_start = .
 *(SORT_BY_ALIGNMENT(.ARM.exidx*) SORT_BY_ALIGNMENT(gnu.linkonce.armexidx.*))
 .ARM.exidx     0x000068c0        0x8 c:/users/dawnm/ncs/v1.9.1/toolchain/opt/bin/../lib/gcc/arm-none-eabi/9.2.1/thumb/v7e-m+fp/hard\libgcc.a(_udivmoddi4.o)
                0x000068c8                __exidx_end = .
                0x000068c8                __rodata_region_start = .

initlevel       0x000068c8       0x48
                0x000068c8                __init_start = .
                0x000068c8                __init_PRE_KERNEL_1_start = .
 *(SORT_BY_NAME(SORT_BY_ALIGNMENT(.z_init_PRE_KERNEL_1[0-9]_*)))
 .z_init_PRE_KERNEL_10_
                0x000068c8        0x8 zephyr/soc/arm/nordic_nrf/nrf52/libsoc__arm__nordic_nrf__nrf52.a(soc.c.obj)
 *(SORT_BY_NAME(SORT_BY_ALIGNMENT(.z_init_PRE_KERNEL_1[1-9][0-9]_*)))
 .z_init_PRE_KERNEL_130_
                0x000068d0        0x8 zephyr/drivers/clock_control/libdrivers__clock_control.a(clock_control_nrf.c.obj)
 .z_init_PRE_KERNEL_130_
                0x000068d8        0x8 modules/segger/libmodules__segger.a(SEGGER_RTT_zephyr.c.obj)
 .z_init_PRE_KERNEL_140_
                0x000068e0       0x10 zephyr/drivers/gpio/libdrivers__gpio.a(gpio_nrfx.c.obj)
 .z_init_PRE_KERNEL_140_
                0x000068f0        0x8 modules/nrf/drivers/hw_cc310/lib..__nrf__drivers__hw_cc310.a(hw_cc310.c.obj)
                0x000068f8                __init_PRE_KERNEL_2_start = .
 *(SORT_BY_NAME(SORT_BY_ALIGNMENT(.z_init_PRE_KERNEL_2[0-9]_*)))
 .z_init_PRE_KERNEL_20_
                0x000068f8        0x8 zephyr/drivers/timer/libdrivers__timer.a(nrf_rtc_timer.c.obj)
 *(SORT_BY_NAME(SORT_BY_ALIGNMENT(.z_init_PRE_KERNEL_2[1-9][0-9]_*)))
                0x00006900                __init_POST_KERNEL_start = .
 *(SORT_BY_NAME(SORT_BY_ALIGNMENT(.z_init_POST_KERNEL[0-9]_*)))
 *(SORT_BY_NAME(SORT_BY_ALIGNMENT(.z_init_POST_KERNEL[1-9][0-9]_*)))
 .z_init_POST_KERNEL40_
                0x00006900        0x8 modules/nrf/drivers/hw_cc310/lib..__nrf__drivers__hw_cc310.a(hw_cc310.c.obj)
 .z_init_POST_KERNEL50_
                0x00006908        0x8 zephyr/drivers/flash/libdrivers__flash.a(soc_flash_nrf.c.obj)
                0x00006910                __init_APPLICATION_start = .
 *(SORT_BY_NAME(SORT_BY_ALIGNMENT(.z_init_APPLICATION[0-9]_*)))
 *(SORT_BY_NAME(SORT_BY_ALIGNMENT(.z_init_APPLICATION[1-9][0-9]_*)))
                0x00006910                __init_SMP_start = .
 *(SORT_BY_NAME(SORT_BY_ALIGNMENT(.z_init_SMP[0-9]_*)))
 *(SORT_BY_NAME(SORT_BY_ALIGNMENT(.z_init_SMP[1-9][0-9]_*)))
                0x00006910                __init_end = .

devices         0x00006910       0x60
                0x00006910                __device_start = .
                0x00006910                __device_PRE_KERNEL_1_start = .
 *(SORT_BY_NAME(SORT_BY_ALIGNMENT(.z_device_PRE_KERNEL_1[0-9]_*)))
 *(SORT_BY_NAME(SORT_BY_ALIGNMENT(.z_device_PRE_KERNEL_1[1-9][0-9]_*)))
 .z_device_PRE_KERNEL_130_
                0x00006910       0x18 zephyr/drivers/clock_control/libdrivers__clock_control.a(clock_control_nrf.c.obj)
                0x00006910                __device_dts_ord_27
 .z_device_PRE_KERNEL_140_
                0x00006928       0x30 zephyr/drivers/gpio/libdrivers__gpio.a(gpio_nrfx.c.obj)
                0x00006928                __device_dts_ord_11
                0x00006940                __device_dts_ord_54
                0x00006958                __device_PRE_KERNEL_2_start = .
 *(SORT_BY_NAME(SORT_BY_ALIGNMENT(.z_device_PRE_KERNEL_2[0-9]_*)))
 *(SORT_BY_NAME(SORT_BY_ALIGNMENT(.z_device_PRE_KERNEL_2[1-9][0-9]_*)))
                0x00006958                __device_POST_KERNEL_start = .
 *(SORT_BY_NAME(SORT_BY_ALIGNMENT(.z_device_POST_KERNEL[0-9]_*)))
 *(SORT_BY_NAME(SORT_BY_ALIGNMENT(.z_device_POST_KERNEL[1-9][0-9]_*)))
 .z_device_POST_KERNEL50_
                0x00006958       0x18 zephyr/drivers/flash/libdrivers__flash.a(soc_flash_nrf.c.obj)
                0x00006958                __device_dts_ord_68
                0x00006970                __device_APPLICATION_start = .
 *(SORT_BY_NAME(SORT_BY_ALIGNMENT(.z_device_APPLICATION[0-9]_*)))
 *(SORT_BY_NAME(SORT_BY_ALIGNMENT(.z_device_APPLICATION[1-9][0-9]_*)))
                0x00006970                __device_SMP_start = .
 *(SORT_BY_NAME(SORT_BY_ALIGNMENT(.z_device_SMP[0-9]_*)))
 *(SORT_BY_NAME(SORT_BY_ALIGNMENT(.z_device_SMP[1-9][0-9]_*)))
                0x00006970                __device_end = .

sw_isr_table    0x00006970      0x180
                0x00006970                . = ALIGN (0x0)
 *(SORT_BY_ALIGNMENT(.gnu.linkonce.sw_isr_table*))
 .gnu.linkonce.sw_isr_table
                0x00006970      0x180 zephyr/arch/common/libisr_tables.a(isr_tables.c.obj)
                0x00006970                _sw_isr_table

initlevel_error
                0x000068c8        0x0
 *(SORT_BY_NAME(SORT_BY_ALIGNMENT(.z_init_[_A-Z0-9]*)))
                0x00000001                ASSERT ((SIZEOF (initlevel_error) == 0x0), Undefined initialization levels used.)

app_shmem_regions
                0x00006af0        0x0
                0x00006af0                __app_shmem_regions_start = .
 *(SORT_BY_NAME(SORT_BY_ALIGNMENT(.app_regions.*)))
                0x00006af0                __app_shmem_regions_end = .

bt_l2cap_fixed_chan_area
                0x00006af0        0x0
                0x00006af0                _bt_l2cap_fixed_chan_list_start = .
 *(SORT_BY_NAME(SORT_BY_ALIGNMENT(._bt_l2cap_fixed_chan.static.*)))
                0x00006af0                _bt_l2cap_fixed_chan_list_end = .

bt_gatt_service_static_area
                0x00006af0        0x0
                0x00006af0                _bt_gatt_service_static_list_start = .
 *(SORT_BY_NAME(SORT_BY_ALIGNMENT(._bt_gatt_service_static.static.*)))
                0x00006af0                _bt_gatt_service_static_list_end = .

k_p4wq_initparam_area
                0x00006af0        0x0
                0x00006af0                _k_p4wq_initparam_list_start = .
 *(SORT_BY_NAME(SORT_BY_ALIGNMENT(._k_p4wq_initparam.static.*)))
                0x00006af0                _k_p4wq_initparam_list_end = .

log_strings_sections
                0x00006af0        0x0
                0x00006af0                __log_strings_start = .
 *(SORT_BY_NAME(SORT_BY_ALIGNMENT(.log_strings*)))
                0x00006af0                __log_strings_end = .

log_const_sections
                0x00006af0       0x38
                0x00006af0                __log_const_start = .
 *(SORT_BY_NAME(SORT_BY_ALIGNMENT(.log_const_*)))
 .log_const_clock_control
                0x00006af0        0x8 zephyr/drivers/clock_control/libdrivers__clock_control.a(clock_control_nrf.c.obj)
                0x00006af0                log_const_clock_control
 .log_const_fatal_error
                0x00006af8        0x8 modules/nrf/lib/fatal_error/lib..__nrf__lib__fatal_error.a(fatal_error.c.obj)
                0x00006af8                log_const_fatal_error
 .log_const_flash_nrf
                0x00006b00        0x8 zephyr/drivers/flash/libdrivers__flash.a(soc_flash_nrf.c.obj)
                0x00006b00                log_const_flash_nrf
 .log_const_mcuboot
                0x00006b08        0x8 app/libapp.a(main.c.obj)
                0x00006b08                log_const_mcuboot
 .log_const_mpu
                0x00006b10        0x8 zephyr/arch/arch/arm/core/aarch32/mpu/libarch__arm__core__aarch32__mpu.a(arm_core_mpu.c.obj)
                0x00006b10                log_const_mpu
 .log_const_os  0x00006b18        0x8 zephyr/kernel/libkernel.a(init.c.obj)
                0x00006b18                log_const_os
 .log_const_soc
                0x00006b20        0x8 zephyr/soc/arm/nordic_nrf/nrf52/libsoc__arm__nordic_nrf__nrf52.a(soc.c.obj)
                0x00006b20                log_const_soc
                0x00006b28                __log_const_end = .

log_backends_sections
                0x00006b28        0x0
                0x00006b28                __log_backends_start = .
 *(SORT_BY_ALIGNMENT(._log_backend.*))
                0x00006b28                __log_backends_end = .

shell_area      0x00006b28        0x0
                0x00006b28                _shell_list_start = .
 *(SORT_BY_NAME(SORT_BY_ALIGNMENT(._shell.static.*)))
                0x00006b28                _shell_list_end = .

shell_root_cmds_sections
                0x00006b28        0x0
                0x00006b28                __shell_root_cmds_start = .
 *(SORT_BY_NAME(SORT_BY_ALIGNMENT(.shell_root_cmd_*)))
                0x00006b28                __shell_root_cmds_end = .

font_entry_sections
                0x00006b28        0x0
                0x00006b28                __font_entry_start = .
 *(SORT_BY_NAME(SORT_BY_ALIGNMENT(._cfb_font.*)))
                0x00006b28                __font_entry_end = .

tracing_backend_area
                0x00006b28        0x0
                0x00006b28                _tracing_backend_list_start = .
 *(SORT_BY_NAME(SORT_BY_ALIGNMENT(._tracing_backend.static.*)))
                0x00006b28                _tracing_backend_list_end = .

zephyr_dbg_info
 *(SORT_BY_ALIGNMENT(.dbg_thread_info))

device_handles  0x00006b28       0x18
                0x00006b28                __device_handles_start = .
 *(SORT_BY_NAME(SORT_BY_ALIGNMENT(.__device_handles_pass2*)))
 .__device_handles_pass2
                0x00006b28       0x18 zephyr/CMakeFiles/zephyr_pre1.dir/dev_handles.c.obj
                0x00006b28                __devicehdl_DT_N_S_soc_S_flash_controller_4001e000
                0x00006b2e                __devicehdl_DT_N_S_soc_S_gpio_50000300
                0x00006b34                __devicehdl_DT_N_S_soc_S_gpio_50000000
                0x00006b3a                __devicehdl_DT_N_S_soc_S_clock_40000000
                0x00006b40                __device_handles_end = .

rodata          0x00006b40      0xee8
 *(SORT_BY_ALIGNMENT(.rodata))
 .rodata        0x00006b40       0x10 C:/Users/dawnm/ncs/v1.9.1/nrfxlib/crypto/nrf_cc310_bl/lib/cortex-m4/hard-float/no-interrupts/libnrf_cc310_bl_0.9.12.a(nrf_cc310_bl_hash_sha256.c.obj)
 *(SORT_BY_ALIGNMENT(.rodata.*))
 .rodata.delay_machine_code.13731
                0x00006b50        0x6 zephyr/soc/arm/nordic_nrf/nrf52/libsoc__arm__nordic_nrf__nrf52.a(soc.c.obj)
 *fill*         0x00006b56        0x2 
 .rodata.bootutil_key_cnt
                0x00006b58        0x4 app/libapp.a(keys.c.obj)
                0x00006b58                bootutil_key_cnt
 .rodata.bootutil_keys
                0x00006b5c        0x8 app/libapp.a(keys.c.obj)
                0x00006b5c                bootutil_keys
 .rodata.ecdsa_pub_key_len
                0x00006b64        0x4 app/libapp.a(autogen-pubkey.c.obj)
                0x00006b64                ecdsa_pub_key_len
 .rodata.default_flash_map
                0x00006b68       0x70 zephyr/libzephyr.a(flash_map_partition_manager.c.obj)
                0x00006b68                default_flash_map
 .rodata.flash_map_entries
                0x00006bd8        0x4 zephyr/libzephyr.a(flash_map_partition_manager.c.obj)
                0x00006bd8                flash_map_entries
 .rodata.apis   0x00006bdc        0x8 zephyr/libzephyr.a(nrf_cc3xx_platform_abort_zephyr.c.obj)
 .rodata.static_regions
                0x00006be4       0x18 zephyr/arch/arch/arm/core/aarch32/mpu/libarch__arm__core__aarch32__mpu.a(arm_core_mpu.c.obj)
 .rodata.mpu_config
                0x00006bfc        0x8 zephyr/soc/arm/common/cortex_m/libsoc__arm__common__cortex_m.a(arm_mpu_regions.c.obj)
                0x00006bfc                mpu_config
 .rodata.mpu_regions
                0x00006c04       0x18 zephyr/soc/arm/common/cortex_m/libsoc__arm__common__cortex_m.a(arm_mpu_regions.c.obj)
 .rodata.clock_control_api
                0x00006c1c       0x18 zephyr/drivers/clock_control/libdrivers__clock_control.a(clock_control_nrf.c.obj)
 .rodata.config
                0x00006c34       0x18 zephyr/drivers/clock_control/libdrivers__clock_control.a(clock_control_nrf.c.obj)
 .rodata.transitions.12659
                0x00006c4c        0xc zephyr/drivers/clock_control/libdrivers__clock_control.a(clock_control_nrf.c.obj)
 .rodata.gpio_nrfx_drv_api_funcs
                0x00006c58       0x24 zephyr/drivers/gpio/libdrivers__gpio.a(gpio_nrfx.c.obj)
 .rodata.gpio_nrfx_p0_cfg
                0x00006c7c       0x10 zephyr/drivers/gpio/libdrivers__gpio.a(gpio_nrfx.c.obj)
 .rodata.gpio_nrfx_p1_cfg
                0x00006c8c       0x10 zephyr/drivers/gpio/libdrivers__gpio.a(gpio_nrfx.c.obj)
 .rodata.flash_nrf_api
                0x00006c9c       0x18 zephyr/drivers/flash/libdrivers__flash.a(soc_flash_nrf.c.obj)
 .rodata.flash_nrf_parameters
                0x00006cb4        0x8 zephyr/drivers/flash/libdrivers__flash.a(soc_flash_nrf.c.obj)
 .rodata.boot_img_magic
                0x00006cbc       0x10 modules/mcuboot/boot/bootutil/zephyr/libmcuboot_util.a(bootutil_public.c.obj)
                0x00006cbc                boot_img_magic
 .rodata.levels.10755
                0x00006ccc       0x14 zephyr/kernel/libkernel.a(device.c.obj)
 .rodata.CSWTCH.273
                0x00006ce0       0x14 zephyr/kernel/libkernel.a(fatal.c.obj)
 .rodata.CSWTCH.8
                0x00006cf4       0x1c C:/Users/dawnm/ncs/v1.9.1/nrfxlib/crypto/nrf_cc310_platform/lib/cortex-m4/hard-float/no-interrupts/libnrf_cc310_platform_0.9.13.a(nrf_cc3xx_platform.c.obj)
 .rodata.CC_PalPowerSaveModeInit.str1.4
                0x00006d10       0x20 C:/Users/dawnm/ncs/v1.9.1/nrfxlib/crypto/nrf_cc310_platform/lib/cortex-m4/hard-float/no-interrupts/libnrf_cc310_platform_0.9.13.a(cc_pal_pm.c.obj)
 .rodata.mutex_free.str1.4
                0x00006d30       0x26 C:/Users/dawnm/ncs/v1.9.1/nrfxlib/crypto/nrf_cc310_platform/lib/cortex-m4/hard-float/no-interrupts/libnrf_cc310_platform_0.9.13.a(nrf_cc3xx_platform_mutex.c.obj)
 *fill*         0x00006d56        0x2 
 .rodata.mutex_init.str1.4
                0x00006d58       0x23 C:/Users/dawnm/ncs/v1.9.1/nrfxlib/crypto/nrf_cc310_platform/lib/cortex-m4/hard-float/no-interrupts/libnrf_cc310_platform_0.9.13.a(nrf_cc3xx_platform_mutex.c.obj)
 *fill*         0x00006d7b        0x1 
 .rodata.domain_secp256r1
                0x00006d7c       0xcc C:/Users/dawnm/ncs/v1.9.1/nrfxlib/crypto/nrf_cc310_bl/lib/cortex-m4/hard-float/no-interrupts/libnrf_cc310_bl_0.9.12.a(nrf_cc310_bl_ecdsa_verify_secp256r1.c.obj)
                0x00006d7c                domain_secp256r1
 .rodata.NRF_CC310_BL_HASH_LARVAL_SHA256
                0x00006e48       0x20 C:/Users/dawnm/ncs/v1.9.1/nrfxlib/crypto/nrf_cc310_bl/lib/cortex-m4/hard-float/no-interrupts/libnrf_cc310_bl_0.9.12.a(nrf_cc310_bl_hash_sha256.c.obj)
                0x00006e48                NRF_CC310_BL_HASH_LARVAL_SHA256
 .rodata.main.str1.1
                0x00006e68      0x110 app/libapp.a(main.c.obj)
 .rodata.str1.1
                0x00006f78        0x8 app/libapp.a(main.c.obj)
 .rodata.flash_device_base.str1.1
                0x00006f80       0x26 app/libapp.a(flash_map_extended.c.obj)
 .rodata.ec_pubkey_oid
                0x00006fa6        0x8 app/libapp.a(image_ec256.c.obj)
 .rodata.ec_secp256r1_oid
                0x00006fae        0x9 app/libapp.a(image_ec256.c.obj)
 .rodata.boot_validate_slot.isra.0.str1.1
                0x00006fb7       0x3a app/libapp.a(loader.c.obj)
 .rodata.boot_swap_image.str1.1
                0x00006ff1       0x2f app/libapp.a(loader.c.obj)
 .rodata.context_boot_go.str1.1
                0x00007020       0xa4 app/libapp.a(loader.c.obj)
 .rodata.swap_read_status_bytes.str1.1
                0x000070c4       0x23 app/libapp.a(swap_move.c.obj)
 .rodata.boot_slots_compatible.str1.1
                0x000070e7       0x93 app/libapp.a(swap_move.c.obj)
 .rodata.swap_status_source.str1.1
                0x0000717a       0xa4 app/libapp.a(swap_move.c.obj)
 .rodata.swap_run.str1.1
                0x0000721e       0x2f app/libapp.a(swap_move.c.obj)
 .rodata.ecdsa_pub_key
                0x0000724d       0x5b app/libapp.a(autogen-pubkey.c.obj)
                0x0000724d                ecdsa_pub_key
 .rodata.cbvprintf.str1.1
                0x000072a8       0x10 zephyr/libzephyr.a(cbprintf_nano.c.obj)
                                 0x13 (size before relaxing)
 .rodata.sys_reboot.str1.1
                0x000072b8       0x29 zephyr/libzephyr.a(reboot.c.obj)
 .rodata.str1.1
                0x000072e1       0x13 zephyr/libzephyr.a(flash_map_partition_manager.c.obj)
 .rodata.z_arm_fatal_error.str1.1
                0x000072e1       0xaf zephyr/arch/arch/arm/core/aarch32/libarch__arm__core__aarch32.a(fatal.c.obj)
 .rodata.mem_manage_fault.str1.1
                0x00007390       0xfb zephyr/arch/arch/arm/core/aarch32/cortex_m/libarch__arm__core__aarch32__cortex_m.a(fault.c.obj)
 .rodata.bus_fault.isra.0.str1.1
                0x0000748b       0xa6 zephyr/arch/arch/arm/core/aarch32/cortex_m/libarch__arm__core__aarch32__cortex_m.a(fault.c.obj)
 .rodata.usage_fault.isra.0.str1.1
                0x00007531       0xf0 zephyr/arch/arch/arm/core/aarch32/cortex_m/libarch__arm__core__aarch32__cortex_m.a(fault.c.obj)
 .rodata.z_arm_fault.str1.1
                0x00007621      0x139 zephyr/arch/arch/arm/core/aarch32/cortex_m/libarch__arm__core__aarch32__cortex_m.a(fault.c.obj)
 .rodata.str1.1
                0x0000775a        0x4 zephyr/arch/arch/arm/core/aarch32/mpu/libarch__arm__core__aarch32__mpu.a(arm_core_mpu.c.obj)
 .rodata.mpu_configure_regions.str1.1
                0x0000775e       0x53 zephyr/arch/arch/arm/core/aarch32/mpu/libarch__arm__core__aarch32__mpu.a(arm_mpu.c.obj)
 .rodata.str1.1
                0x000077b1        0xf zephyr/soc/arm/common/cortex_m/libsoc__arm__common__cortex_m.a(arm_mpu_regions.c.obj)
 .rodata.str1.1
                0x000077c0        0x4 zephyr/soc/arm/nordic_nrf/nrf52/libsoc__arm__nordic_nrf__nrf52.a(soc.c.obj)
 .rodata.CSWTCH.9
                0x000077c4        0x6 zephyr/soc/arm/nordic_nrf/nrf52/libsoc__arm__nordic_nrf__nrf52.a(soc.c.obj)
 .rodata.str1.1
                0x000077ca       0x20 zephyr/drivers/clock_control/libdrivers__clock_control.a(clock_control_nrf.c.obj)
 .rodata.str1.1
                0x000077ea        0xe zephyr/drivers/gpio/libdrivers__gpio.a(gpio_nrfx.c.obj)
 .rodata.flash_nrf_erase.str1.1
                0x000077f8       0x46 zephyr/drivers/flash/libdrivers__flash.a(soc_flash_nrf.c.obj)
 .rodata.flash_nrf_write.str1.1
                0x0000783e       0x23 zephyr/drivers/flash/libdrivers__flash.a(soc_flash_nrf.c.obj)
 .rodata.str1.1
                0x00007861        0xa zephyr/drivers/flash/libdrivers__flash.a(soc_flash_nrf.c.obj)
                                 0x1d (size before relaxing)
 .rodata.k_sys_fatal_error_handler.str1.1
                0x0000786b       0x16 modules/nrf/lib/fatal_error/lib..__nrf__lib__fatal_error.a(fatal_error.c.obj)
 .rodata.str1.1
                0x00007881        0xc modules/nrf/lib/fatal_error/lib..__nrf__lib__fatal_error.a(fatal_error.c.obj)
 .rodata.boot_swap_type_multi.str1.1
                0x0000788d       0x96 modules/mcuboot/boot/bootutil/zephyr/libmcuboot_util.a(bootutil_public.c.obj)
 .rodata.boot_swap_tables
                0x00007923       0x12 modules/mcuboot/boot/bootutil/zephyr/libmcuboot_util.a(bootutil_public.c.obj)
 .rodata.CSWTCH.15
                0x00007935        0x6 modules/hal_nordic/nrfx/libmodules__hal_nordic__nrfx.a(system_nrf52840.c.obj)
 .rodata.CSWTCH.6
                0x0000793b        0x6 modules/hal_nordic/nrfx/libmodules__hal_nordic__nrfx.a(system_nrf52840.c.obj)
 .rodata._DoInit.str1.1
                0x00007941       0x14 modules/segger/libmodules__segger.a(SEGGER_RTT.c.obj)
 .rodata.z_fatal_error.str1.1
                0x00007955       0x86 zephyr/kernel/libkernel.a(fatal.c.obj)
 .rodata.str1.1
                0x000079db       0x4a zephyr/kernel/libkernel.a(fatal.c.obj)
 .rodata.str1.1
                0x00007a25        0x3 zephyr/kernel/libkernel.a(init.c.obj)
 *(SORT_BY_ALIGNMENT(.gnu.linkonce.r.*))
                0x00007a28                . = ALIGN (0x4)
                0x00007a28                __rodata_region_end = .
                0x00007a40                . = ALIGN (_region_min_align)
                0x00008000                . = ALIGN ((0x1 << ((__rodata_region_end - __rom_region_start) <= 0x4)?0x2:((__rodata_region_end - __rom_region_start) <= 0x8)?0x3:((__rodata_region_end - __rom_region_start) <= 0x10)?0x4:((__rodata_region_end - __rom_region_start) <= 0x20)?0x5:((__rodata_region_end - __rom_region_start) <= 0x40)?0x6:((__rodata_region_end - __rom_region_start) <= 0x80)?0x7:((__rodata_region_end - __rom_region_start) <= 0x100)?0x8:((__rodata_region_end - __rom_region_start) <= 0x200)?0x9:((__rodata_region_end - __rom_region_start) <= 0x400)?0xa:((__rodata_region_end - __rom_region_start) <= 0x800)?0xb:((__rodata_region_end - __rom_region_start) <= 0x1000)?0xc:((__rodata_region_end - __rom_region_start) <= 0x2000)?0xd:((__rodata_region_end - __rom_region_start) <= 0x4000)?0xe:((__rodata_region_end - __rom_region_start) <= 0x8000)?0xf:((__rodata_region_end - __rom_region_start) <= 0x10000)?0x10:((__rodata_region_end - __rom_region_start) <= 0x20000)?0x11:((__rodata_region_end - __rom_region_start) <= 0x40000)?0x12:((__rodata_region_end - __rom_region_start) <= 0x80000)?0x13:((__rodata_region_end - __rom_region_start) <= 0x100000)?0x14:((__rodata_region_end - __rom_region_start) <= 0x200000)?0x15:((__rodata_region_end - __rom_region_start) <= 0x400000)?0x16:((__rodata_region_end - __rom_region_start) <= 0x800000)?0x17:((__rodata_region_end - __rom_region_start) <= 0x1000000)?0x18:((__rodata_region_end - __rom_region_start) <= 0x2000000)?0x19:((__rodata_region_end - __rom_region_start) <= 0x4000000)?0x1a:((__rodata_region_end - __rom_region_start) <= 0x8000000)?0x1b:((__rodata_region_end - __rom_region_start) <= 0x10000000)?0x1c:((__rodata_region_end - __rom_region_start) <= 0x20000000)?0x1d:((__rodata_region_end - __rom_region_start) <= 0x40000000)?0x1e:((__rodata_region_end - __rom_region_start) <= 0x80000000)?0x1f:0x20))
                0x00008000                __rom_region_end = .
                0x20000000                . = 0x20000000
                0x20000000                . = ALIGN (_region_min_align)
                0x20000000                _image_ram_start = .

.ramfunc        0x20000000        0x0 load address 0x00007a28
                0x20000000                . = ALIGN (_region_min_align)
                0x20000000                . = ALIGN ((0x1 << (__ramfunc_size <= 0x4)?0x2:(__ramfunc_size <= 0x8)?0x3:(__ramfunc_size <= 0x10)?0x4:(__ramfunc_size <= 0x20)?0x5:(__ramfunc_size <= 0x40)?0x6:(__ramfunc_size <= 0x80)?0x7:(__ramfunc_size <= 0x100)?0x8:(__ramfunc_size <= 0x200)?0x9:(__ramfunc_size <= 0x400)?0xa:(__ramfunc_size <= 0x800)?0xb:(__ramfunc_size <= 0x1000)?0xc:(__ramfunc_size <= 0x2000)?0xd:(__ramfunc_size <= 0x4000)?0xe:(__ramfunc_size <= 0x8000)?0xf:(__ramfunc_size <= 0x10000)?0x10:(__ramfunc_size <= 0x20000)?0x11:(__ramfunc_size <= 0x40000)?0x12:(__ramfunc_size <= 0x80000)?0x13:(__ramfunc_size <= 0x100000)?0x14:(__ramfunc_size <= 0x200000)?0x15:(__ramfunc_size <= 0x400000)?0x16:(__ramfunc_size <= 0x800000)?0x17:(__ramfunc_size <= 0x1000000)?0x18:(__ramfunc_size <= 0x2000000)?0x19:(__ramfunc_size <= 0x4000000)?0x1a:(__ramfunc_size <= 0x8000000)?0x1b:(__ramfunc_size <= 0x10000000)?0x1c:(__ramfunc_size <= 0x20000000)?0x1d:(__ramfunc_size <= 0x40000000)?0x1e:(__ramfunc_size <= 0x80000000)?0x1f:0x20))
                0x20000000                __ramfunc_start = .
 *(SORT_BY_ALIGNMENT(.ramfunc))
 *(SORT_BY_ALIGNMENT(.ramfunc.*))
                0x20000000                . = ALIGN (_region_min_align)
                0x20000000                . = ALIGN ((0x1 << (__ramfunc_size <= 0x4)?0x2:(__ramfunc_size <= 0x8)?0x3:(__ramfunc_size <= 0x10)?0x4:(__ramfunc_size <= 0x20)?0x5:(__ramfunc_size <= 0x40)?0x6:(__ramfunc_size <= 0x80)?0x7:(__ramfunc_size <= 0x100)?0x8:(__ramfunc_size <= 0x200)?0x9:(__ramfunc_size <= 0x400)?0xa:(__ramfunc_size <= 0x800)?0xb:(__ramfunc_size <= 0x1000)?0xc:(__ramfunc_size <= 0x2000)?0xd:(__ramfunc_size <= 0x4000)?0xe:(__ramfunc_size <= 0x8000)?0xf:(__ramfunc_size <= 0x10000)?0x10:(__ramfunc_size <= 0x20000)?0x11:(__ramfunc_size <= 0x40000)?0x12:(__ramfunc_size <= 0x80000)?0x13:(__ramfunc_size <= 0x100000)?0x14:(__ramfunc_size <= 0x200000)?0x15:(__ramfunc_size <= 0x400000)?0x16:(__ramfunc_size <= 0x800000)?0x17:(__ramfunc_size <= 0x1000000)?0x18:(__ramfunc_size <= 0x2000000)?0x19:(__ramfunc_size <= 0x4000000)?0x1a:(__ramfunc_size <= 0x8000000)?0x1b:(__ramfunc_size <= 0x10000000)?0x1c:(__ramfunc_size <= 0x20000000)?0x1d:(__ramfunc_size <= 0x40000000)?0x1e:(__ramfunc_size <= 0x80000000)?0x1f:0x20))
                0x20000000                __ramfunc_end = .
                0x00000000                __ramfunc_size = (__ramfunc_end - __ramfunc_start)
                0x00007a28                __ramfunc_load_start = LOADADDR (.ramfunc)

datas           0x20000000       0xf8 load address 0x00007a28
                0x20000000                __data_region_start = .
                0x20000000                __data_start = .
 *(SORT_BY_ALIGNMENT(.data))
 *(SORT_BY_ALIGNMENT(.data.*))
 .data.FIH_FAILURE
                0x20000000        0x4 app/libapp.a(fault_injection_hardening.c.obj)
                0x20000000                FIH_FAILURE
 .data.g_last_idx
                0x20000004        0x4 app/libapp.a(swap_move.c.obj)
 .data._char_out
                0x20000008        0x4 zephyr/libzephyr.a(printk.c.obj)
                0x20000008                _char_out
 .data.flash_map
                0x2000000c        0x4 zephyr/libzephyr.a(flash_map_partition_manager.c.obj)
                0x2000000c                flash_map
 .data.SystemCoreClock
                0x20000010        0x4 modules/hal_nordic/nrfx/libmodules__hal_nordic__nrfx.a(system_nrf52840.c.obj)
                0x20000010                SystemCoreClock
 .data.m_cb     0x20000014       0x7c modules/hal_nordic/nrfx/libmodules__hal_nordic__nrfx.a(nrfx_gpiote.c.obj)
 .data.timeout_list
                0x20000090        0x8 zephyr/kernel/libkernel.a(timeout.c.obj)
 .data.platform_abort_apis
                0x20000098        0x8 C:/Users/dawnm/ncs/v1.9.1/nrfxlib/crypto/nrf_cc310_platform/lib/cortex-m4/hard-float/no-interrupts/libnrf_cc310_platform_0.9.13.a(nrf_cc3xx_platform_abort.c.obj)
                0x20000098                platform_abort_apis
 .data.CCAsymCryptoMutex
                0x200000a0        0x4 C:/Users/dawnm/ncs/v1.9.1/nrfxlib/crypto/nrf_cc310_platform/lib/cortex-m4/hard-float/no-interrupts/libnrf_cc310_platform_0.9.13.a(cc_pal.c.obj)
                0x200000a0                CCAsymCryptoMutex
 .data.CCPowerMutex
                0x200000a4        0x4 C:/Users/dawnm/ncs/v1.9.1/nrfxlib/crypto/nrf_cc310_platform/lib/cortex-m4/hard-float/no-interrupts/libnrf_cc310_platform_0.9.13.a(cc_pal.c.obj)
                0x200000a4                CCPowerMutex
 .data.CCRndCryptoMutex
                0x200000a8        0x4 C:/Users/dawnm/ncs/v1.9.1/nrfxlib/crypto/nrf_cc310_platform/lib/cortex-m4/hard-float/no-interrupts/libnrf_cc310_platform_0.9.13.a(cc_pal.c.obj)
                0x200000a8                CCRndCryptoMutex
 .data.CCSymCryptoMutex
                0x200000ac        0x4 C:/Users/dawnm/ncs/v1.9.1/nrfxlib/crypto/nrf_cc310_platform/lib/cortex-m4/hard-float/no-interrupts/libnrf_cc310_platform_0.9.13.a(cc_pal.c.obj)
                0x200000ac                CCSymCryptoMutex
 .data.pCCRndCryptoMutex
                0x200000b0        0x4 C:/Users/dawnm/ncs/v1.9.1/nrfxlib/crypto/nrf_cc310_platform/lib/cortex-m4/hard-float/no-interrupts/libnrf_cc310_platform_0.9.13.a(cc_pal.c.obj)
                0x200000b0                pCCRndCryptoMutex
 .data.asym_mutex
                0x200000b4        0x8 C:/Users/dawnm/ncs/v1.9.1/nrfxlib/crypto/nrf_cc310_platform/lib/cortex-m4/hard-float/no-interrupts/libnrf_cc310_platform_0.9.13.a(nrf_cc3xx_platform_mutex.c.obj)
 .data.platform_mutex_apis
                0x200000bc       0x10 C:/Users/dawnm/ncs/v1.9.1/nrfxlib/crypto/nrf_cc310_platform/lib/cortex-m4/hard-float/no-interrupts/libnrf_cc310_platform_0.9.13.a(nrf_cc3xx_platform_mutex.c.obj)
                0x200000bc                platform_mutex_apis
 .data.platform_mutexes
                0x200000cc       0x14 C:/Users/dawnm/ncs/v1.9.1/nrfxlib/crypto/nrf_cc310_platform/lib/cortex-m4/hard-float/no-interrupts/libnrf_cc310_platform_0.9.13.a(nrf_cc3xx_platform_mutex.c.obj)
                0x200000cc                platform_mutexes
 .data.power_mutex
                0x200000e0        0x8 C:/Users/dawnm/ncs/v1.9.1/nrfxlib/crypto/nrf_cc310_platform/lib/cortex-m4/hard-float/no-interrupts/libnrf_cc310_platform_0.9.13.a(nrf_cc3xx_platform_mutex.c.obj)
 .data.rng_mutex
                0x200000e8        0x8 C:/Users/dawnm/ncs/v1.9.1/nrfxlib/crypto/nrf_cc310_platform/lib/cortex-m4/hard-float/no-interrupts/libnrf_cc310_platform_0.9.13.a(nrf_cc3xx_platform_mutex.c.obj)
 .data.sym_mutex
                0x200000f0        0x8 C:/Users/dawnm/ncs/v1.9.1/nrfxlib/crypto/nrf_cc310_platform/lib/cortex-m4/hard-float/no-interrupts/libnrf_cc310_platform_0.9.13.a(nrf_cc3xx_platform_mutex.c.obj)
 *(SORT_BY_ALIGNMENT(.kernel.*))
                0x200000f8                __data_end = .
                0x000000f8                __data_size = (__data_end - __data_start)
                0x00007a28                __data_load_start = LOADADDR (datas)
                0x00007a28                __data_region_load_start = LOADADDR (datas)

device_states   0x200000f8       0x10 load address 0x00007b20
                0x200000f8                __device_states_start = .
 *(SORT_BY_ALIGNMENT(.z_devstate))
 .z_devstate    0x200000f8        0x4 zephyr/drivers/clock_control/libdrivers__clock_control.a(clock_control_nrf.c.obj)
 .z_devstate    0x200000fc        0x8 zephyr/drivers/gpio/libdrivers__gpio.a(gpio_nrfx.c.obj)
 .z_devstate    0x20000104        0x4 zephyr/drivers/flash/libdrivers__flash.a(soc_flash_nrf.c.obj)
 *(SORT_BY_ALIGNMENT(.z_devstate.*))
                0x20000108                __device_states_end = .

initshell       0x20000108        0x0 load address 0x00007b30
                0x20000108                __shell_module_start = .
 *(SORT_BY_ALIGNMENT(.shell_module_*))
                0x20000108                __shell_module_end = .
                0x20000108                __shell_cmd_start = .
 *(SORT_BY_ALIGNMENT(.shell_cmd_*))
                0x20000108                __shell_cmd_end = .

log_dynamic_sections
                0x20000108        0x0 load address 0x00007b30
                0x20000108                __log_dynamic_start = .
 *(SORT_BY_NAME(SORT_BY_ALIGNMENT(.log_dynamic_*)))
                0x20000108                __log_dynamic_end = .

_static_thread_data_area
                0x20000108        0x0 load address 0x00007b30
                0x20000108                __static_thread_data_list_start = .
 *(SORT_BY_NAME(SORT_BY_ALIGNMENT(.__static_thread_data.static.*)))
                0x20000108                __static_thread_data_list_end = .

k_timer_area    0x20000108        0x0 load address 0x00007b30
                0x20000108                _k_timer_list_start = .
 *(SORT_BY_NAME(SORT_BY_ALIGNMENT(._k_timer.static.*)))
                0x20000108                _k_timer_list_end = .

k_mem_slab_area
                0x20000108        0x0 load address 0x00007b30
                0x20000108                _k_mem_slab_list_start = .
 *(SORT_BY_NAME(SORT_BY_ALIGNMENT(._k_mem_slab.static.*)))
                0x20000108                _k_mem_slab_list_end = .

k_mem_pool_area
                0x20000108        0x0 load address 0x00007b30
                0x20000108                _k_mem_pool_list_start = .
 *(SORT_BY_NAME(SORT_BY_ALIGNMENT(._k_mem_pool.static.*)))
                0x20000108                _k_mem_pool_list_end = .

k_heap_area     0x20000108        0x0 load address 0x00007b30
                0x20000108                _k_heap_list_start = .
 *(SORT_BY_NAME(SORT_BY_ALIGNMENT(._k_heap.static.*)))
                0x20000108                _k_heap_list_end = .

k_mutex_area    0x20000108        0x0 load address 0x00007b30
                0x20000108                _k_mutex_list_start = .
 *(SORT_BY_NAME(SORT_BY_ALIGNMENT(._k_mutex.static.*)))
                0x20000108                _k_mutex_list_end = .

k_stack_area    0x20000108        0x0 load address 0x00007b30
                0x20000108                _k_stack_list_start = .
 *(SORT_BY_NAME(SORT_BY_ALIGNMENT(._k_stack.static.*)))
                0x20000108                _k_stack_list_end = .

k_msgq_area     0x20000108        0x0 load address 0x00007b30
                0x20000108                _k_msgq_list_start = .
 *(SORT_BY_NAME(SORT_BY_ALIGNMENT(._k_msgq.static.*)))
                0x20000108                _k_msgq_list_end = .

k_mbox_area     0x20000108        0x0 load address 0x00007b30
                0x20000108                _k_mbox_list_start = .
 *(SORT_BY_NAME(SORT_BY_ALIGNMENT(._k_mbox.static.*)))
                0x20000108                _k_mbox_list_end = .

k_pipe_area     0x20000108        0x0 load address 0x00007b30
                0x20000108                _k_pipe_list_start = .
 *(SORT_BY_NAME(SORT_BY_ALIGNMENT(._k_pipe.static.*)))
                0x20000108                _k_pipe_list_end = .

k_sem_area      0x20000108        0x0 load address 0x00007b30
                0x20000108                _k_sem_list_start = .
 *(SORT_BY_NAME(SORT_BY_ALIGNMENT(._k_sem.static.*)))
                0x20000108                _k_sem_list_end = .

k_event_area    0x20000108        0x0 load address 0x00007b30
                0x20000108                _k_event_list_start = .
 *(SORT_BY_NAME(SORT_BY_ALIGNMENT(._k_event.static.*)))
                0x20000108                _k_event_list_end = .

k_queue_area    0x20000108        0x0 load address 0x00007b30
                0x20000108                _k_queue_list_start = .
 *(SORT_BY_NAME(SORT_BY_ALIGNMENT(._k_queue.static.*)))
                0x20000108                _k_queue_list_end = .

k_condvar_area  0x20000108        0x0 load address 0x00007b30
                0x20000108                _k_condvar_list_start = .
 *(SORT_BY_NAME(SORT_BY_ALIGNMENT(._k_condvar.static.*)))
                0x20000108                _k_condvar_list_end = .

_net_buf_pool_area
                0x20000108        0x0 load address 0x00007b30
                0x20000108                _net_buf_pool_list = .
 *(SORT_BY_NAME(SORT_BY_ALIGNMENT(._net_buf_pool.static.*)))
                0x20000108                __data_region_end = .

bss             0x20000108     0x138c
                0x20000108                . = ALIGN (0x4)
                0x20000108                __bss_start = .
                0x20000108                __kernel_ram_start = .
 *(SORT_BY_ALIGNMENT(.bss))
 *(SORT_BY_ALIGNMENT(.bss.*))
 .bss.anchor    0x20000108        0x8 zephyr/drivers/timer/libdrivers__timer.a(nrf_rtc_timer.c.obj)
 .bss.cc_data   0x20000110       0x10 zephyr/drivers/timer/libdrivers__timer.a(nrf_rtc_timer.c.obj)
 .bss.last_count
                0x20000120        0x8 zephyr/drivers/timer/libdrivers__timer.a(nrf_rtc_timer.c.obj)
 .bss.z_main_thread
                0x20000128       0x80 zephyr/kernel/libkernel.a(init.c.obj)
                0x20000128                z_main_thread
 .bss.curr_tick
                0x200001a8        0x8 zephyr/kernel/libkernel.a(timeout.c.obj)
 .bss.flash_dev
                0x200001b0        0x4 app/libapp.a(flash_map_extended.c.obj)
 .bss.FIH_SUCCESS
                0x200001b4        0x4 app/libapp.a(fault_injection_hardening.c.obj)
                0x200001b4                FIH_SUCCESS
 .bss.boot_data
                0x200001b8       0x60 app/libapp.a(loader.c.obj)
 .bss.buf.9545  0x20000218      0x400 app/libapp.a(loader.c.obj)
 .bss.primary_slot_sectors.10169
                0x20000618      0x400 app/libapp.a(loader.c.obj)
 .bss.secondary_slot_sectors.10170
                0x20000a18      0x400 app/libapp.a(loader.c.obj)
 .bss.boot_status_fails